--------- beginning of main
02-17 00:42:02.515 E/PERFHAL-OPTSHANDLER( 1980): PERFHAL-OPTSHANDLER: handle_early_wakeup_hint() 2454: Display not enabled
02-17 00:42:02.515 E/PERFHAL-RESOURCEQS( 1980): PERFHAL-RESOURCEQS: RemoveAndApply() 299: Failed to reset optimization here [7, 3]
02-17 00:42:02.626 I/CwbService( 1946): LECENT_AI::CWB_RGB_VALUE_SEC::in_featureId=3
02-17 00:42:02.645 E/PERFHAL-PERFCTRL( 1980): PERFHAL-PERFCTRL: chk_core_online_poll_loop() 748: poll() has timed out for /sys/kernel/msm_performance/events/cpu_hotplug
02-17 00:42:02.645 E/PERFHAL-PERFCTRL( 1980): PERFHAL-PERFCTRL: chk_core_online_poll_loop() 743: Block on poll()
02-17 00:42:02.677 D/SensorFeature( 2056): name=ssc_screenshot_info ,index = 22
02-17 00:42:02.677 D/SensorFeature( 2056): write 39 bytes:177103304721928,177103958836771,18423,0
02-17 00:42:02.720 I/sensors-hal( 1904): handle_fold_fusion_light_event:278, fusion_light: lux 0.0, cct 5300.0, brl/algo/fold/ir 548.0/2.0/1.0/0.0, pwm/dc 0.0/0.0, rgbc 45.487114/30.772783/14.849230/73.220978, ts 177103927801629, cnt 43006, flag 18423
--------- beginning of system
02-17 00:42:02.755 V/AlarmManager( 3389): sending alarm Alarm{a2d6eb6 type 1 origWhen 1771278122755 whenElapsed 177104037 android} uid 1000 whenElapsed 177104037 windowLength 0 maxWhenElapsed 177104037 repeatInterval 0 action null component null tag StorgaeBandInfoAlarmTag flags 0x9 procName system_server
02-17 00:42:02.758 E/OplusStorageUFSBandwidth( 3389): storage_io_metrics_path is /proc/oplus_storage/io_metrics/forever/
02-17 00:42:02.761 E/OplusStorageUFSBandwidth( 3389): Bandwidth - Read: 1.50 MB/s, Write: 0.00 MB/s
02-17 00:42:02.761 E/OplusStorageUFSBandwidth( 3389): Task time: 3ms
02-17 00:42:02.762 E/OplusStorageUFSBandwidth( 3389): Alarm set to trigger in 10 seconds
02-17 00:42:02.863 I/APS_ALOG(32184): flushRoutine g_immediateFlush=0 g_pendingCount=0 g_oobCount=0 asan-debug7
02-17 00:42:02.928 I/CwbService( 1946): LECENT_AI::CWB_RGB_VALUE_SEC::in_featureId=3
02-17 00:42:02.979 D/SensorFeature( 2056): name=ssc_screenshot_info ,index = 22
02-17 00:42:02.979 D/SensorFeature( 2056): write 39 bytes:177103304721928,177104260763333,18424,0
02-17 00:42:03.065 I/vendor.qti.bluetooth@1.0-ibs_handler( 1894): ProcessIbsCmd: Received IBS_WAKE_IND: 0xFD
02-17 00:42:03.065 D/vendor.qti.bluetooth@1.0-ibs_handler( 1894): SerialClockVote: vote for UART CLK ON
02-17 00:42:03.065 D/vendor.qti.bluetooth@1.0-wake_lock( 1894): Acquire wakelock is acquired 
02-17 00:42:03.065 I/vendor.qti.bluetooth@1.0-ibs_handler( 1894): ProcessIbsCmd: Writing IBS_WAKE_ACK
02-17 00:42:03.106 I/vendor.qti.bluetooth@1.0-ibs_handler( 1894): ProcessIbsCmd: Received IBS_SLEEP_IND: 0xFE
02-17 00:42:03.106 D/vendor.qti.bluetooth@1.0-ibs_handler( 1894): SerialClockVote: vote for UART CLK OFF
02-17 00:42:03.230 I/CwbService( 1946): LECENT_AI::CWB_RGB_VALUE_SEC::in_featureId=3
02-17 00:42:03.256 D/vendor.qti.bluetooth@1.0-wake_lock( 1894): Release wakelock is released 
02-17 00:42:03.257 E/WifiHAL ( 1907): wifi_get_cached_scan_results: Wifi Cached Scan Result not supported by driver
02-17 00:42:03.257 E/WifiStaIfaceAidlImpl( 3389): getCachedScanData failed with service-specific exception: android.os.ServiceSpecificException:  (code 4)
02-17 00:42:03.261 D/OplusWifiBroadCastDispatcher( 3389): mBroadcastReceiver: onReceiver  action=android.net.wifi.RSSI_CHANGED
02-17 00:42:03.263 D/OplusWifiRssiIssueTracker( 3389): action: android.net.wifi.RSSI_CHANGED
02-17 00:42:03.264 D/SubsysEventListenerManager( 5736): onCapabilitiesChanged
02-17 00:42:03.264 D/DataStateTracker( 5736): getCurDataChannel, channel:1
02-17 00:42:03.264 I/QImsService( 5573): OplusWifiApmStateMgr : onReceive,wifiSignal: -68
02-17 00:42:03.266 D/OplusGameFirstManager( 3389): oldAverRssi=-67,rssi=-68,newAverRssi=-67
02-17 00:42:03.266 D/WifiStatusTracker( 5365): mNetworkCallback onCapabilitiesChanged network:114 mPrimaryNetworkId:114
02-17 00:42:03.267 D/WifiPickerTracker( 5365): handleNetworkCapabilitiesChanged network:114
02-17 00:42:03.268 D/MultiNetworkStatsMonitor( 3389): wifi network 114 nc changed, primary=true, iface=wlan0
02-17 00:42:03.268 D/OplusInterfaceMonitor( 3389): interface:wlan0 primary:true
02-17 00:42:03.269 I/WifiPickerTracker( 5365): wifi connected status realConnectedWifiEntry not null: true
02-17 00:42:03.270 D/ScorerUtils( 3389): isLowTraffic: txTputKBps=0, rxTputKBps=0
02-17 00:42:03.270 I/AIUnit-NetworkPublisher( 1160): onNetworkChanged [onCapabilitiesChanged, 114]
02-17 00:42:03.271 W/IPCThreadState( 3389): Sending oneway calls to frozen process.
02-17 00:42:03.273 D/cneJni  ( 5683): sendWifiStatus start
02-17 00:42:03.273 W/IPCThreadState( 3389): Sending oneway calls to frozen process.
02-17 00:42:03.275 D/OplusSlaFastSwitch( 3389): Network Capabiliteis changed 112
02-17 00:42:03.277 D/OplusSlaNetworkManager( 3389): isPrimaryWifi:false network:112
02-17 00:42:03.277 D/VendorWifiService( 5736): onEvent event:9,action:1
02-17 00:42:03.277 D/SubsysEventListenerManager( 5736): mDefaultNetworkCb onCapabilitiesChanged
02-17 00:42:03.277 D/NetworkService[0]( 5736): default onCapabilitiesChanged
02-17 00:42:03.277 D/SubsysEventListenerManager( 5736): onCapabilitiesChanged
02-17 00:42:03.278 D/DataStateTracker( 5736): getCurDataChannel, channel:1
02-17 00:42:03.278 I/PTC.DISC.WifiConnectivityObserver( 9719): Receive NetworkCapabilitiesChanged.
02-17 00:42:03.278 I/SystemUi--Statusbar( 5365): WifiViewModel-->wifiIcon icon:Wifi three bars. isDefault:true alwaysShowIconIfEnabled:true isShowWifiIndicatorWhenEnabled:false
02-17 00:42:03.279 D/QCNEJ/NativeAidlConnector( 5683): -> SND notifyDefaultNetworkChanged(1)
02-17 00:42:03.279 D/cneJni  ( 5683): sendDefaultNwMsg start
02-17 00:42:03.280 I/CardConfig.RxNetworkMonitor( 9526): onNetworkStateChange, current:true, last:true [UMS|com.oplus.pantanal.ums|2.0.38-16273c1]
02-17 00:42:03.280 I/SettingImpl( 9719): domestic quick device toggle value is 1
02-17 00:42:03.280 D/SensorFeature( 2056): name=ssc_screenshot_info ,index = 22
02-17 00:42:03.280 D/NetWorkMonitor(20390): postOnNetStateChange : old state =WIFI,new state =WIFI
02-17 00:42:03.280 I/NearbyMediums(15726): [WifiNetworkV2] defaultNetworkCallback onCapabilitiesChanged network:112 [ WIFI VPN ] isNonBypassable:true
02-17 00:42:03.281 D/SensorFeature( 2056): write 39 bytes:177103304721928,177104562285833,18425,0
02-17 00:42:03.281 W/IPCThreadState( 3389): Sending oneway calls to frozen process.
02-17 00:42:03.281 W/IPCThreadState( 3389): Sending oneway calls to frozen process.
02-17 00:42:03.281 W/IPCThreadState( 3389): Sending oneway calls to frozen process.
02-17 00:42:03.281 W/IPCThreadState( 3389): Sending oneway calls to frozen process.
02-17 00:42:03.281 W/IPCThreadState( 3389): Sending oneway calls to frozen process.
02-17 00:42:03.281 D/Track.TrackUpload( 1160): onCapabilitiesChanged is calling.
02-17 00:42:03.281 W/IPCThreadState( 3389): Sending oneway calls to frozen process.
02-17 00:42:03.281 I/SystemUi--Statusbar( 5365): NetworkController.WifiSignalController-->handleStatusUpdated state=3 enabled=true connected=true isDefaultNetwork=true rssi=-68 level=3 statusLabel=null isDirty=false
02-17 00:42:03.281 I/SystemUi--Statusbar( 5365): NetworkController.WifiSignalController-->handleStatusUpdated state=3 enabled=true connected=true isDefaultNetwork=true rssi=-68 level=3 statusLabel=null isDirty=false
02-17 00:42:03.282 W/ONET_cdo_connect(24150): onCapabilitiesChanged 1232,cellular:false,wifi:true,metered:false
02-17 00:42:03.282 I/Qsb-NetworkObserver(23557): update networkType=1 Thread=ConnectivityThread
02-17 00:42:03.282 I/sensors-hal( 1904): handle_fold_fusion_light_event:278, fusion_light: lux 0.0, cct 5300.0, brl/algo/fold/ir 548.0/2.0/1.0/0.0, pwm/dc 0.0/0.0, rgbc 45.487114/24.178614/16.970549/74.347450, ts 177104490987671, cnt 43016, flag 18425
02-17 00:42:03.283 D/FusionLightNextGen( 3389): process end reported = 1, mode: 0, cnt: 229680, lux 0.0, cct -1.0, r/g/b/c: 45.5/27.5/14.8/75.5, R/G/B: 11.0/10.0/14.0, bri 548.0, match 1.00, ir 0.086747, conf 0.0, ts 177104501996681
02-17 00:42:03.283 I/NullBinder(15726): NullBinder for android.net.action.RECOMMEND_NETWORKS triggering remote TransactionTooLargeException due to Service without Chimera impl, calling uid: 1000, calling pid: 0
02-17 00:42:03.283 W/.gms.persistent(15726): Large reply transaction of 2113536 bytes, interface descriptor , code 1
02-17 00:42:03.285 W/APM::HwModule( 2186): getDeviceDescriptor: could not find HW module for device  (AUDIO_DEVICE_OUT_WIRED_HEADSET, 00000004) address 
02-17 00:42:03.285 W/APM::HwModule( 2186): getDeviceDescriptor: could not find HW module for device  (AUDIO_DEVICE_OUT_WIRED_HEADPHONE, 00000008) address 
02-17 00:42:03.285 D/AudioManager( 9719): isBluetoothScoOn()=false, calling application:com.heytap.accessory
02-17 00:42:03.286 W/PTC.DISC.NetRegisterCentral( 9719): registerLanInfo failed. msg=Inactive desc=wlanAvailable(repeat=0)
02-17 00:42:03.286 I/SDM     ( 1946): DisplayBuiltIn::IdlePowerCollapse: IPC received, disabling partial update for one frame
02-17 00:42:03.289 E/PERFHAL-OPTSHANDLER( 1980): PERFHAL-OPTSHANDLER: handle_early_wakeup_hint() 2454: Display not enabled
02-17 00:42:03.289 E/PERFHAL-RESOURCEQS( 1980): PERFHAL-RESOURCEQS: AddAndApply() 159: Failed to apply optimization [7, 3]
02-17 00:42:03.290 I/NullBinder(15726): NullBinder for android.net.action.RECOMMEND_NETWORKS triggering remote TransactionTooLargeException due to Service without Chimera impl, calling uid: 1000, calling pid: 0
02-17 00:42:03.290 W/.gms.persistent(15726): Large reply transaction of 2113536 bytes, interface descriptor , code 1
02-17 00:42:03.297 I/SDM     ( 1946): DisplayBuiltIn::IdlePowerCollapse: IPC received, disabling partial update for one frame
02-17 00:42:03.306 E/PERFHAL-OPTSHANDLER( 1980): PERFHAL-OPTSHANDLER: handle_early_wakeup_hint() 2454: Display not enabled
02-17 00:42:03.306 E/PERFHAL-RESOURCEQS( 1980): PERFHAL-RESOURCEQS: RemoveAndApply() 299: Failed to reset optimization here [7, 3]
02-17 00:42:03.310 I/SDM     ( 1946): DisplayBuiltIn::IdlePowerCollapse: IPC received, disabling partial update for one frame
02-17 00:42:03.318 W/ServiceManagerCppClient( 5736): Waited one second for vendor.oplus.hardware.subsys_imsrtp.IImsRtp/default (is service started? Number of threads started in the threadpool: 16. Are binder threads started and available?)
02-17 00:42:03.321 W/libc    ( 1130): Unable to set property "ctl.interface_start" to "aidl/vendor.oplus.hardware.subsys_imsrtp.IImsRtp/default": PROP_ERROR_HANDLE_CONTROL_MESSAGE (0x20)
02-17 00:42:03.388 I/SDM     ( 1946): DisplayBuiltIn::IdlePowerCollapse: IPC received, disabling partial update for one frame
02-17 00:42:03.399 D/CommonApp-112-10314( 5736): transport layer data is invalid
02-17 00:42:03.399 D/CommonApp-114-10314( 5736): transport layer data is invalid
02-17 00:42:03.400 D/ScorePolicy( 5736): handleScoreChanged: []
02-17 00:42:03.400 D/ScorePolicy( 5736): handleScoreChanged: []
02-17 00:42:03.400 D/ScorePolicy( 5736): handleScoreChanged: []
02-17 00:42:03.531 I/CwbService( 1946): LECENT_AI::CWB_RGB_VALUE_SEC::in_featureId=3
02-17 00:42:03.534 E/PERFHAL-OPTSHANDLER( 1980): PERFHAL-OPTSHANDLER: handle_early_wakeup_hint() 2454: Display not enabled
02-17 00:42:03.535 E/PERFHAL-RESOURCEQS( 1980): PERFHAL-RESOURCEQS: AddAndApply() 159: Failed to apply optimization [7, 3]
02-17 00:42:03.561 E/PERFHAL-OPTSHANDLER( 1980): PERFHAL-OPTSHANDLER: handle_early_wakeup_hint() 2454: Display not enabled
02-17 00:42:03.561 E/PERFHAL-RESOURCEQS( 1980): PERFHAL-RESOURCEQS: RemoveAndApply() 299: Failed to reset optimization here [7, 3]
02-17 00:42:03.610 D/SensorFeature( 2056): name=ssc_screenshot_info ,index = 22
02-17 00:42:03.610 D/SensorFeature( 2056): write 39 bytes:177104839966302,177104891364844,18426,0
02-17 00:42:03.620 I/SDM     ( 1946): DisplayBuiltIn::IdlePowerCollapse: IPC received, disabling partial update for one frame
02-17 00:42:03.629 I/SDM     ( 1946): DisplayBuiltIn::IdlePowerCollapse: IPC received, disabling partial update for one frame
02-17 00:42:03.631 D/AudioFlinger( 2186): trackId 675 is playing mute data
02-17 00:42:03.652 D/MediaSessionStack( 3389): getMediaButtonSession() mMediaButtonSession=com.saplin.nothingness/media-session/18 (userId=0)
02-17 00:42:03.652 D/MediaSessionStack( 3389): getMediaButtonSession() mMediaButtonSession=com.saplin.nothingness/media-session/18 (userId=0)
02-17 00:42:03.652 D/MediaSessionService( 3389): Sending KeyEvent { action=ACTION_DOWN, keyCode=KEYCODE_MEDIA_PLAY, scanCode=0, metaState=0, flags=0x0, repeatCount=0, eventTime=88123387000000, downTime=88123387000000, deviceId=-1, source=0x101, displayId=-1 } to com.saplin.nothingness/media-session/18 (userId=0)
02-17 00:42:03.652 I/MediaSessionService( 3389): tempAllowlistTargetPkgIfPossible callingPackage:com.android.shell targetPackage:com.saplin.nothingness reason:action=ACTION_DOWN;code=KEYCODE_MEDIA_PLAY [WIU] [FGS]
02-17 00:42:03.653 D/MediaSessionStack( 3389): getMediaButtonSession() mMediaButtonSession=com.saplin.nothingness/media-session/18 (userId=0)
02-17 00:42:03.653 D/MediaSessionStack( 3389): getMediaButtonSession() mMediaButtonSession=com.saplin.nothingness/media-session/18 (userId=0)
02-17 00:42:03.653 D/MediaSessionService( 3389): Sending KeyEvent { action=ACTION_UP, keyCode=KEYCODE_MEDIA_PLAY, scanCode=0, metaState=0, flags=0x0, repeatCount=0, eventTime=88123387000000, downTime=88123387000000, deviceId=-1, source=0x101, displayId=-1 } to com.saplin.nothingness/media-session/18 (userId=0)
02-17 00:42:03.653 I/MediaSessionService( 3389): tempAllowlistTargetPkgIfPossible callingPackage:com.android.shell targetPackage:com.saplin.nothingness reason:action=ACTION_UP;code=KEYCODE_MEDIA_PLAY [WIU] [FGS]
02-17 00:42:03.781 I/sensors-hal( 1904): handle_fold_fusion_light_event:278, fusion_light: lux 0.0, cct 5300.0, brl/algo/fold/ir 548.0/2.0/1.0/0.0, pwm/dc 0.0/0.0, rgbc 51.472260/28.574728/19.091867/76.600403, ts 177104867075744, cnt 43026, flag 18426
02-17 00:42:03.860 I/CwbService( 1946): LECENT_AI::CWB_RGB_VALUE_SEC::in_featureId=3
02-17 00:42:03.911 D/SensorFeature( 2056): name=ssc_screenshot_info ,index = 22
02-17 00:42:03.912 D/SensorFeature( 2056): write 39 bytes:177104839966302,177105193154114,18427,0
02-17 00:42:03.940 W/Settings( 3389): Setting notification_bubbles has moved from android.provider.Settings.Global to android.provider.Settings.Secure, returning read-only value.
02-17 00:42:03.940 W/Settings( 3389): Setting apply_ramping_ringer has moved from android.provider.Settings.Global to android.provider.Settings.System, returning read-only value.
02-17 00:42:03.943 W/SettingsStatsUtil( 3389): Can not parse value to float: +network
02-17 00:42:03.946 W/SettingsStatsUtil( 3389): Can not parse value to float: +network
02-17 00:42:04.042 E/PERFHAL-OPTSHANDLER( 1980): PERFHAL-OPTSHANDLER: handle_early_wakeup_hint() 2454: Display not enabled
02-17 00:42:04.042 E/PERFHAL-RESOURCEQS( 1980): PERFHAL-RESOURCEQS: AddAndApply() 159: Failed to apply optimization [7, 3]
02-17 00:42:04.060 E/PERFHAL-OPTSHANDLER( 1980): PERFHAL-OPTSHANDLER: handle_early_wakeup_hint() 2454: Display not enabled
02-17 00:42:04.060 E/PERFHAL-RESOURCEQS( 1980): PERFHAL-RESOURCEQS: RemoveAndApply() 299: Failed to reset optimization here [7, 3]
02-17 00:42:04.163 I/CwbService( 1946): LECENT_AI::CWB_RGB_VALUE_SEC::in_featureId=3
02-17 00:42:04.213 D/SensorFeature( 2056): name=ssc_screenshot_info ,index = 22
02-17 00:42:04.213 D/SensorFeature( 2056): write 39 bytes:177104839966302,177105495013020,18428,0
02-17 00:42:04.311 I/sensors-hal( 1904): handle_fold_fusion_light_event:278, fusion_light: lux 0.0, cct 5300.0, brl/algo/fold/ir 548.0/2.0/1.0/0.0, pwm/dc 0.0/0.0, rgbc 49.078201/30.772783/20.152525/76.600403, ts 177105463297723, cnt 43036, flag 18428
02-17 00:42:04.320 W/ServiceManagerCppClient( 5736): Waited one second for vendor.oplus.hardware.subsys_imsrtp.IImsRtp/default (is service started? Number of threads started in the threadpool: 16. Are binder threads started and available?)
02-17 00:42:04.323 W/libc    ( 1130): Unable to set property "ctl.interface_start" to "aidl/vendor.oplus.hardware.subsys_imsrtp.IImsRtp/default": PROP_ERROR_HANDLE_CONTROL_MESSAGE (0x20)
02-17 00:42:04.423 D/CommonApp-112-10314( 5736): transport layer data is invalid
02-17 00:42:04.424 D/CommonApp-114-10314( 5736): transport layer data is invalid
02-17 00:42:04.424 D/ScorePolicy( 5736): handleScoreChanged: []
02-17 00:42:04.424 D/ScorePolicy( 5736): handleScoreChanged: []
02-17 00:42:04.424 D/ScorePolicy( 5736): handleScoreChanged: []
02-17 00:42:04.464 I/CwbService( 1946): LECENT_AI::CWB_RGB_VALUE_SEC::in_featureId=3
02-17 00:42:04.515 D/SensorFeature( 2056): name=ssc_screenshot_info ,index = 22
02-17 00:42:04.515 D/SensorFeature( 2056): write 39 bytes:177104839966302,177105796518437,18429,0
02-17 00:42:04.576 D/FusionLightNextGen( 3389): process end reported = 1, mode: 0, cnt: 229685, lux 0.0, cct -1.0, r/g/b/c: 43.1/27.5/13.8/75.5, R/G/B: 11.0/10.0/14.0, bri 548.0, match 1.00, ir 0.054664, conf 0.0, ts 177105783443765
02-17 00:42:04.616 I/vendor.qti.bluetooth@1.0-ibs_handler( 1894): ProcessIbsCmd: Received IBS_WAKE_IND: 0xFD
02-17 00:42:04.616 D/vendor.qti.bluetooth@1.0-ibs_handler( 1894): SerialClockVote: vote for UART CLK ON
02-17 00:42:04.616 D/vendor.qti.bluetooth@1.0-wake_lock( 1894): Acquire wakelock is acquired 
02-17 00:42:04.616 I/vendor.qti.bluetooth@1.0-ibs_handler( 1894): ProcessIbsCmd: Writing IBS_WAKE_ACK
02-17 00:42:04.618 I/bluetooth( 5805): [btif_bqr.cc:1267] vendor_specific_event_callback: Unhandled BQR subevent 0x01
02-17 00:42:04.618 D/bluetooth( 5805): [btif_bqr.cc:752] CategorizeBqrEvent: length: 145 quality_report_id: 0x01
02-17 00:42:04.618 I/bluetooth( 5805): [btif_bqr.cc:1204] bqr_delivery_event: len: 145, bqr_id: 1, addr: xx:xx:xx:xx:b7:af, lmp_ver: 13, manufacturer_id: 688, lmp_subver: 789
02-17 00:42:04.618 I/BluetoothInCallService( 5805): BluetoothInCallService = com.android.bluetooth.telephony.BluetoothInCallService@22c6ab0
02-17 00:42:04.619 I/BluetoothQualityReportJni( 5805): [com_android_bluetooth_BluetoothQualityReport.cpp:48] bqr_delivery_callback: 
02-17 00:42:04.619 I/BluetoothQualityReportNativeInterface( 5805): rawData Length = 145
02-17 00:42:04.620 I/BluetoothQualityReportNativeInterface( 5805): BQR: {
02-17 00:42:04.620 I/BluetoothQualityReportNativeInterface( 5805):   mAddr: XX:XX:XX:XX:B7:AF, mLmpVer: 0x0D, mLmpSubVer: 0x0315, mManufacturerId: 0x02B0, mName: Xiaomi Smart Band 10 B7AF, mBluetoothClass: 0,
02-17 00:42:04.620 I/BluetoothQualityReportNativeInterface( 5805):   BqrCommon: {
02-17 00:42:04.620 I/BluetoothQualityReportNativeInterface( 5805):     mQualityReportId: Quality monitor(0x01), mPacketType: TYPE_DM1(0x10), mConnectionHandle: 0x0007, mConnectionRole: 0(0), mTxPowerLevel: 18, mRssi: -58, mSnr: 0, mUnusedAfhChannelCount: 59,
02-17 00:42:04.620 I/BluetoothQualityReportNativeInterface( 5805):     mAfhSelectUnidealChannelCount: 0, mLsto: 8000, mPiconetClock: 0x01C53EBF, mRetransmissionCount: 0, mNoRxCount: 0, mNakCount: 0, mLastTxAckTimestamp: 0x01C501BE, mFlowOffCount: 0,
02-17 00:42:04.620 I/BluetoothQualityReportNativeInterface( 5805):     mLastFlowOnTimestamp: 0x0FFFFFFF, mOverflowCount: 0, mUnderflowCount: 0, mAddr: XX:XX:XX:XX:B7:AF, mCalFailedItemCount: 0,
02-17 00:42:04.620 I/BluetoothQualityReportNativeInterface( 5805):     mTxTotalPackets: 0, mTxUnackPackets: 0, mTxFlushPackets: 0, mTxLastSubeventPackets: 0, mCrcErrorPackets: 0, mRxDupPackets: 0, mRxUnRecvPackets: 11, mCoexInfoMask: 0
02-17 00:42:04.620 I/BluetoothQualityReportNativeInterface( 5805):   }
02-17 00:42:04.620 I/BluetoothQualityReportNativeInterface( 5805): }
02-17 00:42:04.621 I/oplus_bt_dual_sync( 5805): [oplus_bt_dual_sync.cc:151] stack_down_sync_action: type=18, len=17
02-17 00:42:04.621 I/oplus_bt_qos_monitor( 5805): [oplus_bt_qos_monitor.cc:118] get_oplus_qos_data: getting qos data
02-17 00:42:04.657 I/vendor.qti.bluetooth@1.0-ibs_handler( 1894): ProcessIbsCmd: Received IBS_SLEEP_IND: 0xFE
02-17 00:42:04.657 D/vendor.qti.bluetooth@1.0-ibs_handler( 1894): SerialClockVote: vote for UART CLK OFF
02-17 00:42:04.724 D/MediaSessionStack( 3389): getMediaButtonSession() mMediaButtonSession=com.saplin.nothingness/media-session/18 (userId=0)
02-17 00:42:04.724 D/MediaSessionStack( 3389): getMediaButtonSession() mMediaButtonSession=com.saplin.nothingness/media-session/18 (userId=0)
02-17 00:42:04.724 D/MediaSessionService( 3389): Sending KeyEvent { action=ACTION_DOWN, keyCode=KEYCODE_MEDIA_PLAY_PAUSE, scanCode=0, metaState=0, flags=0x0, repeatCount=0, eventTime=88124459000000, downTime=88124459000000, deviceId=-1, source=0x101, displayId=-1 } to com.saplin.nothingness/media-session/18 (userId=0)
02-17 00:42:04.724 I/MediaSessionService( 3389): tempAllowlistTargetPkgIfPossible callingPackage:com.android.shell targetPackage:com.saplin.nothingness reason:action=ACTION_DOWN;code=KEYCODE_MEDIA_PLAY_PAUSE [WIU] [FGS]
02-17 00:42:04.724 D/MediaSessionStack( 3389): getMediaButtonSession() mMediaButtonSession=com.saplin.nothingness/media-session/18 (userId=0)
02-17 00:42:04.724 D/MediaSessionStack( 3389): getMediaButtonSession() mMediaButtonSession=com.saplin.nothingness/media-session/18 (userId=0)
02-17 00:42:04.724 D/MediaSessionService( 3389): Sending KeyEvent { action=ACTION_UP, keyCode=KEYCODE_MEDIA_PLAY_PAUSE, scanCode=0, metaState=0, flags=0x0, repeatCount=0, eventTime=88124459000000, downTime=88124459000000, deviceId=-1, source=0x101, displayId=-1 } to com.saplin.nothingness/media-session/18 (userId=0)
02-17 00:42:04.724 I/MediaSessionService( 3389): tempAllowlistTargetPkgIfPossible callingPackage:com.android.shell targetPackage:com.saplin.nothingness reason:action=ACTION_UP;code=KEYCODE_MEDIA_PLAY_PAUSE [WIU] [FGS]
02-17 00:42:04.761 V/AlarmManager( 3389): sending alarm Alarm{f63159a type 1 origWhen 1771278124761 whenElapsed 177106043 android} uid 1000 whenElapsed 177106043 windowLength 0 maxWhenElapsed 177106043 repeatInterval 0 action null component null tag StorgaeBandInfoAlarmTag flags 0x9 procName system_server
02-17 00:42:04.762 E/OplusStorageUFSBandwidth( 3389): storage_io_metrics_path is /proc/oplus_storage/io_metrics/forever/
02-17 00:42:04.763 E/OplusStorageUFSBandwidth( 3389): Bandwidth - Read: 0.00 MB/s, Write: 0.00 MB/s
02-17 00:42:04.763 E/OplusStorageUFSBandwidth( 3389): Task time: 1ms
02-17 00:42:04.764 E/OplusStorageUFSBandwidth( 3389): Alarm set to trigger in 10 seconds
02-17 00:42:04.765 I/CwbService( 1946): LECENT_AI::CWB_RGB_VALUE_SEC::in_featureId=3
02-17 00:42:04.807 D/vendor.qti.bluetooth@1.0-wake_lock( 1894): Release wakelock is released 
02-17 00:42:04.816 D/SensorFeature( 2056): name=ssc_screenshot_info ,index = 22
02-17 00:42:04.816 D/SensorFeature( 2056): write 39 bytes:177104839966302,177106097558333,18430,0
02-17 00:42:04.841 I/sensors-hal( 1904): handle_fold_fusion_light_event:278, fusion_light: lux 0.0, cct 5300.0, brl/algo/fold/ir 548.0/2.0/1.0/0.0, pwm/dc 0.0/0.0, rgbc 45.487114/27.475700/12.727911/75.473930, ts 177106070502150, cnt 43046, flag 18430
02-17 00:42:05.067 I/CwbService( 1946): LECENT_AI::CWB_RGB_VALUE_SEC::in_featureId=3
02-17 00:42:05.117 D/SensorFeature( 2056): name=ssc_screenshot_info ,index = 22
02-17 00:42:05.117 D/SensorFeature( 2056): write 39 bytes:177104839966302,177106399069583,18431,0
02-17 00:42:05.279 E/WifiHAL ( 1907): wifi_get_cached_scan_results: Wifi Cached Scan Result not supported by driver
02-17 00:42:05.280 E/WifiStaIfaceAidlImpl( 3389): getCachedScanData failed with service-specific exception: android.os.ServiceSpecificException:  (code 4)
02-17 00:42:05.284 D/OplusWifiBroadCastDispatcher( 3389): mBroadcastReceiver: onReceiver  action=android.net.wifi.RSSI_CHANGED
02-17 00:42:05.285 I/QImsService( 5573): OplusWifiApmStateMgr : onReceive,wifiSignal: -67
02-17 00:42:05.286 D/OplusWifiRssiIssueTracker( 3389): action: android.net.wifi.RSSI_CHANGED
02-17 00:42:05.287 D/SubsysEventListenerManager( 5736): onCapabilitiesChanged
02-17 00:42:05.287 D/DataStateTracker( 5736): getCurDataChannel, channel:1
02-17 00:42:05.287 W/OPLUS_LOG_LOAD( 5365): ==LOGS PROG INFO, prog(com.android.systemui) ==
02-17 00:42:05.287 D/WifiPickerTracker( 5365): handleNetworkCapabilitiesChanged network:114
02-17 00:42:05.291 D/cneJni  ( 5683): sendWifiStatus start
02-17 00:42:05.291 D/OplusGameFirstManager( 3389): oldAverRssi=-67,rssi=-67,newAverRssi=-67
02-17 00:42:05.292 D/WifiStatusTracker( 5365): mNetworkCallback onCapabilitiesChanged network:114 mPrimaryNetworkId:114
02-17 00:42:05.292 W/OPLUS_LOG_LOAD( 9719): ==LOGS PROG INFO, prog(com.heytap.accessory) ==
02-17 00:42:05.292 I/PTC.DISC.WifiConnectivityObserver( 9719): Receive NetworkCapabilitiesChanged.
02-17 00:42:05.292 W/IPCThreadState( 3389): Sending oneway calls to frozen process.
02-17 00:42:05.293 D/VendorWifiService( 5736): onEvent event:9,action:1
02-17 00:42:05.293 W/IPCThreadState( 3389): Sending oneway calls to frozen process.
02-17 00:42:05.293 D/MultiNetworkStatsMonitor( 3389): wifi network 114 nc changed, primary=true, iface=wlan0
02-17 00:42:05.293 D/OplusInterfaceMonitor( 3389): interface:wlan0 primary:true
02-17 00:42:05.296 D/OplusSlaFastSwitch( 3389): Network Capabiliteis changed 112
02-17 00:42:05.296 I/SystemUi--Statusbar( 5365): NetworkController.WifiSignalController-->handleStatusUpdated state=3 enabled=true connected=true isDefaultNetwork=true rssi=-67 level=4 statusLabel=null isDirty=false
02-17 00:42:05.297 D/OplusSlaNetworkManager( 3389): isPrimaryWifi:false network:112
02-17 00:42:05.297 D/SubsysEventListenerManager( 5736): onCapabilitiesChanged
02-17 00:42:05.297 D/DataStateTracker( 5736): getCurDataChannel, channel:1
02-17 00:42:05.298 I/SystemUi--Statusbar( 5365): NetworkController.WifiSignalController-->handleStatusUpdated state=3 enabled=true connected=true isDefaultNetwork=true rssi=-67 level=4 statusLabel=null isDirty=false
02-17 00:42:05.298 I/CardConfig.RxNetworkMonitor( 9526): onNetworkStateChange, current:true, last:true [UMS|com.oplus.pantanal.ums|2.0.38-16273c1]
02-17 00:42:05.300 W/IPCThreadState( 3389): Sending oneway calls to frozen process.
02-17 00:42:05.300 W/IPCThreadState( 3389): Sending oneway calls to frozen process.
02-17 00:42:05.300 I/NearbyMediums(15726): [WifiNetworkV2] defaultNetworkCallback onCapabilitiesChanged network:112 [ WIFI VPN ] isNonBypassable:true
02-17 00:42:05.300 D/NetWorkMonitor(20390): postOnNetStateChange : old state =WIFI,new state =WIFI
02-17 00:42:05.300 W/IPCThreadState( 3389): Sending oneway calls to frozen process.
02-17 00:42:05.300 W/IPCThreadState( 3389): Sending oneway calls to frozen process.
02-17 00:42:05.301 W/IPCThreadState( 3389): Sending oneway calls to frozen process.
02-17 00:42:05.301 D/QCNEJ/NativeAidlConnector( 5683): -> SND notifyDefaultNetworkChanged(1)
02-17 00:42:05.301 D/SubsysEventListenerManager( 5736): mDefaultNetworkCb onCapabilitiesChanged
02-17 00:42:05.301 D/NetworkService[0]( 5736): default onCapabilitiesChanged
02-17 00:42:05.301 W/IPCThreadState( 3389): Sending oneway calls to frozen process.
02-17 00:42:05.301 I/SettingImpl( 9719): domestic quick device toggle value is 1
02-17 00:42:05.301 D/cneJni  ( 5683): sendDefaultNwMsg start
02-17 00:42:05.301 I/AIUnit-NetworkPublisher( 1160): onNetworkChanged [onCapabilitiesChanged, 114]
02-17 00:42:05.301 D/Track.TrackUpload( 1160): onCapabilitiesChanged is calling.
02-17 00:42:05.301 I/WifiPickerTracker( 5365): wifi connected status realConnectedWifiEntry not null: true
02-17 00:42:05.301 W/ONET_cdo_connect(24150): onCapabilitiesChanged 1232,cellular:false,wifi:true,metered:false
02-17 00:42:05.302 D/ScorerUtils( 3389): isLowTraffic: txTputKBps=0, rxTputKBps=0
02-17 00:42:05.302 D/OplusWifiPower_TriggerCenter( 3389): mComponentCallback: wifistat
02-17 00:42:05.303 I/SystemUi--Statusbar( 5365): WifiViewModel-->wifiIcon icon:Wifi signal full. isDefault:true alwaysShowIconIfEnabled:true isShowWifiIndicatorWhenEnabled:false
02-17 00:42:05.303 W/APM::HwModule( 2186): getDeviceDescriptor: could not find HW module for device  (AUDIO_DEVICE_OUT_WIRED_HEADSET, 00000004) address 
02-17 00:42:05.304 W/APM::HwModule( 2186): getDeviceDescriptor: could not find HW module for device  (AUDIO_DEVICE_OUT_WIRED_HEADPHONE, 00000008) address 
02-17 00:42:05.304 D/AudioManager( 9719): isBluetoothScoOn()=false, calling application:com.heytap.accessory
02-17 00:42:05.305 W/PTC.DISC.NetRegisterCentral( 9719): registerLanInfo failed. msg=Inactive desc=wlanAvailable(repeat=0)
02-17 00:42:05.305 I/NullBinder(15726): NullBinder for android.net.action.RECOMMEND_NETWORKS triggering remote TransactionTooLargeException due to Service without Chimera impl, calling uid: 1000, calling pid: 0
02-17 00:42:05.305 W/.gms.persistent(15726): Large reply transaction of 2113536 bytes, interface descriptor , code 1
02-17 00:42:05.306 I/Qsb-NetworkObserver(23557): update networkType=1 Thread=ConnectivityThread
02-17 00:42:05.307 I/SDM     ( 1946): DisplayBuiltIn::IdlePowerCollapse: IPC received, disabling partial update for one frame
02-17 00:42:05.308 I/NullBinder(15726): NullBinder for android.net.action.RECOMMEND_NETWORKS triggering remote TransactionTooLargeException due to Service without Chimera impl, calling uid: 1000, calling pid: 0
02-17 00:42:05.308 W/.gms.persistent(15726): Large reply transaction of 2113536 bytes, interface descriptor , code 1
02-17 00:42:05.314 E/PERFHAL-OPTSHANDLER( 1980): PERFHAL-OPTSHANDLER: handle_early_wakeup_hint() 2454: Display not enabled
02-17 00:42:05.314 E/PERFHAL-RESOURCEQS( 1980): PERFHAL-RESOURCEQS: AddAndApply() 159: Failed to apply optimization [7, 3]
02-17 00:42:05.318 I/SDM     ( 1946): DisplayBuiltIn::IdlePowerCollapse: IPC received, disabling partial update for one frame
02-17 00:42:05.322 W/ServiceManagerCppClient( 5736): Waited one second for vendor.oplus.hardware.subsys_imsrtp.IImsRtp/default (is service started? Number of threads started in the threadpool: 16. Are binder threads started and available?)
02-17 00:42:05.323 W/libc    ( 1130): Unable to set property "ctl.interface_start" to "aidl/vendor.oplus.hardware.subsys_imsrtp.IImsRtp/default": PROP_ERROR_HANDLE_CONTROL_MESSAGE (0x20)
02-17 00:42:05.331 E/PERFHAL-OPTSHANDLER( 1980): PERFHAL-OPTSHANDLER: handle_early_wakeup_hint() 2454: Display not enabled
02-17 00:42:05.331 E/PERFHAL-RESOURCEQS( 1980): PERFHAL-RESOURCEQS: RemoveAndApply() 299: Failed to reset optimization here [7, 3]
02-17 00:42:05.347 I/Quality (15726): GCInfo: com.google.android.gms,50-4.900s-4.296s-3.039ms-131MB-150MB-18MB-0B-0-88125.082s,1,0,50-4.900s-4.296s-3.039ms-131MB-150MB-18MB-0B
02-17 00:42:05.347 D/ShellSubscriberWorkerThread(11602): the first 8 bytes empty, and RestData length > 8 
02-17 00:42:05.368 I/CwbService( 1946): LECENT_AI::CWB_RGB_VALUE_SEC::in_featureId=3
02-17 00:42:05.370 I/sensors-hal( 1904): handle_fold_fusion_light_event:278, fusion_light: lux 0.0, cct 5300.0, brl/algo/fold/ir 548.0/2.0/1.0/0.0, pwm/dc 0.0/0.0, rgbc 41.896027/24.178614/14.849230/77.726883, ts 177106424382463, cnt 43056, flag 18431
02-17 00:42:05.398 E/PERFHAL-OPTSHANDLER( 1980): PERFHAL-OPTSHANDLER: handle_early_wakeup_hint() 2454: Display not enabled
02-17 00:42:05.398 E/PERFHAL-RESOURCEQS( 1980): PERFHAL-RESOURCEQS: AddAndApply() 159: Failed to apply optimization [7, 3]
02-17 00:42:05.402 I/SDM     ( 1946): DisplayBuiltIn::IdlePowerCollapse: IPC received, disabling partial update for one frame
02-17 00:42:05.424 E/PERFHAL-OPTSHANDLER( 1980): PERFHAL-OPTSHANDLER: handle_early_wakeup_hint() 2454: Display not enabled
02-17 00:42:05.424 E/PERFHAL-RESOURCEQS( 1980): PERFHAL-RESOURCEQS: RemoveAndApply() 299: Failed to reset optimization here [7, 3]
02-17 00:42:05.447 D/CommonApp-112-10314( 5736): transport layer data is invalid
02-17 00:42:05.447 D/CommonApp-114-10314( 5736): transport layer data is invalid
02-17 00:42:05.447 D/ScorePolicy( 5736): handleScoreChanged: []
02-17 00:42:05.447 D/ScorePolicy( 5736): handleScoreChanged: []
02-17 00:42:05.447 D/ScorePolicy( 5736): handleScoreChanged: []
02-17 00:42:05.474 D/SensorFeature( 2056): name=ssc_screenshot_info ,index = 22
02-17 00:42:05.474 D/SensorFeature( 2056): write 39 bytes:177106705797707,177106756045364,18432,0
02-17 00:42:05.482 I/SDM     ( 1946): DisplayBuiltIn::IdlePowerCollapse: IPC received, disabling partial update for one frame
02-17 00:42:05.608 I/system_server( 3389): Background concurrent mark compact GC freed 92MB AllocSpace bytes, 96(2924KB) LOS objects, 46% free,110MB(M:105MB,L:5632KB)/206MB, paused 1.855ms,3.794ms total 307.170ms
02-17 00:42:05.612 W/System  ( 3389): A resource failed to call HardwareBuffer.close. 
02-17 00:42:05.612 W/System  ( 3389): A resource failed to call CursorWindow.close. 
02-17 00:42:05.648 E/PERFHAL-PERFCTRL( 1980): PERFHAL-PERFCTRL: chk_core_online_poll_loop() 748: poll() has timed out for /sys/kernel/msm_performance/events/cpu_hotplug
02-17 00:42:05.648 E/PERFHAL-PERFCTRL( 1980): PERFHAL-PERFCTRL: chk_core_online_poll_loop() 743: Block on poll()
02-17 00:42:05.654 D/gaia-GaiaConnectChecker( 9466): start connect check++
02-17 00:42:05.724 I/CwbService( 1946): LECENT_AI::CWB_RGB_VALUE_SEC::in_featureId=3
02-17 00:42:05.739 I/SystemUi--Statusbar( 5365): OplusNetworkSpeedControllExImpl-->updateNetworkSpeed: isConnected:true,isSwitchOn:true,isSuspend:false,isPause:false
02-17 00:42:05.741 I/SystemUi--Statusbar( 5365): OplusNetworkSpeedControllExImpl-->getTotalByte: totalRxBytes:2664901574,totalTxBytes:1817154867,loopbackTxBytes:1497433,loopbackRxBytes:1497433 ,totalBytes:4479061575
02-17 00:42:05.762 E/PERFHAL-OPTSHANDLER( 1980): PERFHAL-OPTSHANDLER: handle_early_wakeup_hint() 2454: Display not enabled
02-17 00:42:05.762 E/PERFHAL-RESOURCEQS( 1980): PERFHAL-RESOURCEQS: AddAndApply() 159: Failed to apply optimization [7, 3]
02-17 00:42:05.771 D/SensorFeature( 2056): name=ssc_screenshot_info ,index = 22
02-17 00:42:05.771 D/SensorFeature( 2056): write 39 bytes:177106705797707,177107052452343,18433,0
02-17 00:42:05.779 D/MediaSessionStack( 3389): getMediaButtonSession() mMediaButtonSession=com.saplin.nothingness/media-session/18 (userId=0)
02-17 00:42:05.779 D/MediaSessionStack( 3389): getMediaButtonSession() mMediaButtonSession=com.saplin.nothingness/media-session/18 (userId=0)
02-17 00:42:05.779 D/MediaSessionService( 3389): Sending KeyEvent { action=ACTION_DOWN, keyCode=KEYCODE_MEDIA_PAUSE, scanCode=0, metaState=0, flags=0x0, repeatCount=0, eventTime=88125514000000, downTime=88125514000000, deviceId=-1, source=0x101, displayId=-1 } to com.saplin.nothingness/media-session/18 (userId=0)
02-17 00:42:05.779 I/MediaSessionService( 3389): tempAllowlistTargetPkgIfPossible callingPackage:com.android.shell targetPackage:com.saplin.nothingness reason:action=ACTION_DOWN;code=KEYCODE_MEDIA_PAUSE [WIU] [FGS]
02-17 00:42:05.779 D/MediaSessionStack( 3389): getMediaButtonSession() mMediaButtonSession=com.saplin.nothingness/media-session/18 (userId=0)
02-17 00:42:05.779 D/MediaSessionStack( 3389): getMediaButtonSession() mMediaButtonSession=com.saplin.nothingness/media-session/18 (userId=0)
02-17 00:42:05.779 D/MediaSessionService( 3389): Sending KeyEvent { action=ACTION_UP, keyCode=KEYCODE_MEDIA_PAUSE, scanCode=0, metaState=0, flags=0x0, repeatCount=0, eventTime=88125514000000, downTime=88125514000000, deviceId=-1, source=0x101, displayId=-1 } to com.saplin.nothingness/media-session/18 (userId=0)
02-17 00:42:05.779 I/MediaSessionService( 3389): tempAllowlistTargetPkgIfPossible callingPackage:com.android.shell targetPackage:com.saplin.nothingness reason:action=ACTION_UP;code=KEYCODE_MEDIA_PAUSE [WIU] [FGS]
02-17 00:42:05.779 E/PERFHAL-OPTSHANDLER( 1980): PERFHAL-OPTSHANDLER: handle_early_wakeup_hint() 2454: Display not enabled
02-17 00:42:05.779 E/PERFHAL-RESOURCEQS( 1980): PERFHAL-RESOURCEQS: RemoveAndApply() 299: Failed to reset optimization here [7, 3]
02-17 00:42:05.852 I/SDM     ( 1946): DisplayBuiltIn::IdlePowerCollapse: IPC received, disabling partial update for one frame
02-17 00:42:05.901 I/sensors-hal( 1904): handle_fold_fusion_light_event:278, fusion_light: lux 0.0, cct 5300.0, brl/algo/fold/ir 548.0/2.0/1.0/0.0, pwm/dc 0.0/0.0, rgbc 43.093056/26.376671/11.667251/76.600403, ts 177107020537775, cnt 43066, flag 18433
02-17 00:42:05.901 D/FusionLightNextGen( 3389): process end reported = 1, mode: 0, cnt: 229690, lux 0.0, cct -1.0, r/g/b/c: 44.3/25.3/14.8/76.6, R/G/B: 11.0/10.0/14.0, bri 548.0, match 1.00, ir 0.043839, conf 0.0, ts 177107031546734
02-17 00:42:06.021 I/CwbService( 1946): LECENT_AI::CWB_RGB_VALUE_SEC::in_featureId=3
02-17 00:42:06.024 E/PERFHAL-OPTSHANDLER( 1980): PERFHAL-OPTSHANDLER: handle_early_wakeup_hint() 2454: Display not enabled
02-17 00:42:06.025 E/PERFHAL-RESOURCEQS( 1980): PERFHAL-RESOURCEQS: AddAndApply() 159: Failed to apply optimization [7, 3]
02-17 00:42:06.051 E/PERFHAL-OPTSHANDLER( 1980): PERFHAL-OPTSHANDLER: handle_early_wakeup_hint() 2454: Display not enabled
02-17 00:42:06.051 E/PERFHAL-RESOURCEQS( 1980): PERFHAL-RESOURCEQS: RemoveAndApply() 299: Failed to reset optimization here [7, 3]
02-17 00:42:06.105 D/SensorFeature( 2056): name=ssc_screenshot_info ,index = 22
02-17 00:42:06.105 D/SensorFeature( 2056): write 39 bytes:177107335694738,177107387035363,18434,0
02-17 00:42:06.116 I/SDM     ( 1946): DisplayBuiltIn::IdlePowerCollapse: IPC received, disabling partial update for one frame
02-17 00:42:06.198 D/OplusWifiRssiIssueTracker( 3389): doRssiMonitorStartCheck
02-17 00:42:06.239 W/OPLUS_LOG_LOAD( 1909): ==LOGS PROG INFO, prog(audiohalservice.qti) ==
02-17 00:42:06.239 D/PAL_OplusPalCommon( 1909): getActiveStreamPcmId: 2116:  dir: 1, stream: 0xb400007a81428780, pcmDevId: 126
02-17 00:42:06.260 D/PAL_OplusPalCommon( 1909): getActiveStreamPcmId: 2116:  dir: 1, stream: 0xb400007a81428780, pcmDevId: 126
02-17 00:42:06.260 D/AGM: graph( 1909): graph_set_config: 1245 entry graph_handle 0x247534c
02-17 00:42:06.260 I/gsl     ( 1909): gsl_send_spf_cmd:223 sending pkt opcode 0x1001006 token 0x06195000
02-17 00:42:06.261 I/gsl     ( 1909): gsl_send_spf_cmd:274 rcvd pkt token : 0x6195000
02-17 00:42:06.261 D/AGM: graph( 1909): graph_set_config: 1253 exit, graph handle 0x247534c, ret 0
02-17 00:42:06.266 I/gsl     ( 1909): gsl_send_spf_cmd:223 sending pkt opcode 0x1001007 token 0x06196000
02-17 00:42:06.267 I/gsl     ( 1909): gsl_send_spf_cmd:274 rcvd pkt token : 0x6196000
02-17 00:42:06.272 D/gaia-GaiaConnectChecker( 9466): start connect check++
02-17 00:42:06.287 D/PAL_OplusPalCommon( 1909): getActiveStreamPcmId: 2116:  dir: 1, stream: 0xb400007a81428780, pcmDevId: 126
02-17 00:42:06.287 D/AGM: graph( 1909): graph_set_config: 1245 entry graph_handle 0x247534c
02-17 00:42:06.287 I/gsl     ( 1909): gsl_send_spf_cmd:223 sending pkt opcode 0x1001006 token 0x06197000
02-17 00:42:06.288 I/gsl     ( 1909): gsl_send_spf_cmd:274 rcvd pkt token : 0x6197000
02-17 00:42:06.288 D/AGM: graph( 1909): graph_set_config: 1253 exit, graph handle 0x247534c, ret 0
02-17 00:42:06.323 W/ServiceManagerCppClient( 5736): Waited one second for vendor.oplus.hardware.subsys_imsrtp.IImsRtp/default (is service started? Number of threads started in the threadpool: 16. Are binder threads started and available?)
02-17 00:42:06.326 W/libc    ( 1130): Unable to set property "ctl.interface_start" to "aidl/vendor.oplus.hardware.subsys_imsrtp.IImsRtp/default": PROP_ERROR_HANDLE_CONTROL_MESSAGE (0x20)
02-17 00:42:06.356 I/CwbService( 1946): LECENT_AI::CWB_RGB_VALUE_SEC::in_featureId=3
02-17 00:42:06.388 D/PAL_OplusPalCommon( 1909): getActiveStreamPcmId: 2116:  dir: 1, stream: 0xb400007a81428780, pcmDevId: 126
02-17 00:42:06.388 D/AGM: graph( 1909): graph_set_config: 1245 entry graph_handle 0x247534c
02-17 00:42:06.388 I/gsl     ( 1909): gsl_send_spf_cmd:223 sending pkt opcode 0x1001006 token 0x06198000
02-17 00:42:06.389 I/gsl     ( 1909): gsl_send_spf_cmd:274 rcvd pkt token : 0x6198000
02-17 00:42:06.389 D/AGM: graph( 1909): graph_set_config: 1253 exit, graph handle 0x247534c, ret 0
02-17 00:42:06.394 I/gsl     ( 1909): gsl_send_spf_cmd:223 sending pkt opcode 0x1001007 token 0x06199000
02-17 00:42:06.395 I/gsl     ( 1909): gsl_send_spf_cmd:274 rcvd pkt token : 0x6199000
02-17 00:42:06.395 I/PAL_OplusSpeakerTfa98xx( 1909): chkSpkResultFeedback: 1881: TFA98xx SPK1: damage=0x0, R0=5630, r0Cal=5797, F0=810, f0Cal=807
02-17 00:42:06.395 I/PAL_OplusSpeakerTfa98xx( 1909): chkSpkResultFeedback: 1881: TFA98xx SPK2: damage=0x0, R0=5546, r0Cal=5726, F0=810, f0Cal=807
02-17 00:42:06.406 D/SensorFeature( 2056): name=ssc_screenshot_info ,index = 22
02-17 00:42:06.407 D/SensorFeature( 2056): write 39 bytes:177107335694738,177107688008020,18435,0
02-17 00:42:06.471 D/CommonApp-112-10314( 5736): transport layer data is invalid
02-17 00:42:06.471 D/CommonApp-114-10314( 5736): transport layer data is invalid
02-17 00:42:06.472 D/ScorePolicy( 5736): handleScoreChanged: []
02-17 00:42:06.472 D/ScorePolicy( 5736): handleScoreChanged: []
02-17 00:42:06.472 D/ScorePolicy( 5736): handleScoreChanged: []
02-17 00:42:06.507 E/PERFHAL-OPTSHANDLER( 1980): PERFHAL-OPTSHANDLER: handle_early_wakeup_hint() 2454: Display not enabled
02-17 00:42:06.507 E/PERFHAL-RESOURCEQS( 1980): PERFHAL-RESOURCEQS: AddAndApply() 159: Failed to apply optimization [7, 3]
02-17 00:42:06.524 E/PERFHAL-OPTSHANDLER( 1980): PERFHAL-OPTSHANDLER: handle_early_wakeup_hint() 2454: Display not enabled
02-17 00:42:06.525 E/PERFHAL-RESOURCEQS( 1980): PERFHAL-RESOURCEQS: RemoveAndApply() 299: Failed to reset optimization here [7, 3]
02-17 00:42:06.608 I/sensors-hal( 1904): handle_fold_fusion_light_event:278, fusion_light: lux 0.0, cct 5300.0, brl/algo/fold/ir 548.0/2.0/1.0/0.0, pwm/dc 0.0/0.0, rgbc 43.093056/24.178614/12.727911/77.726883, ts 177107660757515, cnt 43076, flag 18435
02-17 00:42:06.621 E/horae   ( 7861): multi-pot temp levels changed, send message.
02-17 00:42:06.621 E/horae   ( 7861): Horae service notify multipots broadcast
02-17 00:42:06.622 D/ShellSubscriberWorkerThread(11602): the first 8 bytes empty, and RestData length > 8 
02-17 00:42:06.622 W/Battery ( 9124): ThermalControlUtils: setHighTempSafetyState same. 0
02-17 00:42:06.622 E/Battery ( 9124): Thermal.HeatSourceController: heat source string is null or empty
02-17 00:42:06.622 W/Battery ( 9124): ThermalControllHandler: MSG_THERMAL_CONTROL_TEMPGEAR_CHANGED,tempLevel=[2, 2, 1, 1, 1, 1, 2, 1],mTemp=31, heatSourceMap={}
02-17 00:42:06.622 W/Battery ( 9124): StateManager: getAppType com.saplin.nothingness, last=1771277858493
02-17 00:42:06.622 W/Battery ( 9124): ThermalControllerCenter: mSafetyState=10000,  mSafetyTestConfigList=01111,10111,11011,11101,11110,00111,01011,01101,01110,10011,10101,10110,11001,11010,11100,11111
02-17 00:42:06.622 W/Battery ( 9124): ThermalControllHandler: tempLevel=[2, 2, 1, 1, 1, 1, 2, 1],userMode=2,gameUserMode=-1,appType=-1,envTempType=0,appStates=[],appSwitchSafetyMode=true,split=[],float=[],full=[com.saplin.nothingness], tempGear=[2, 2, 1, 1, 1, 1, 2, 1],configItemName=common_config
02-17 00:42:06.622 W/Battery ( 9124): StateManager: getAppType com.saplin.nothingness, last=1771277858493
02-17 00:42:06.622 W/Battery ( 9124): ThermalControllerCenter: Same as last cpu policy, gpu policy and thermalSerious
02-17 00:42:06.622 W/Battery ( 9124): Thermal.WirelessChargeControl: not set WirelessCharge 0
02-17 00:42:06.634 I/vendor.qti.bluetooth@1.0-ibs_handler( 1894): ProcessIbsCmd: Received IBS_WAKE_IND: 0xFD
02-17 00:42:06.634 D/vendor.qti.bluetooth@1.0-ibs_handler( 1894): SerialClockVote: vote for UART CLK ON
02-17 00:42:06.635 D/vendor.qti.bluetooth@1.0-wake_lock( 1894): Acquire wakelock is acquired 
02-17 00:42:06.635 I/vendor.qti.bluetooth@1.0-ibs_handler( 1894): ProcessIbsCmd: Writing IBS_WAKE_ACK
02-17 00:42:06.651 D/AudioFlinger( 2186): trackId 675 is playing mute data
02-17 00:42:06.657 I/CwbService( 1946): LECENT_AI::CWB_RGB_VALUE_SEC::in_featureId=3
02-17 00:42:06.675 I/vendor.qti.bluetooth@1.0-ibs_handler( 1894): ProcessIbsCmd: Received IBS_SLEEP_IND: 0xFE
02-17 00:42:06.675 D/vendor.qti.bluetooth@1.0-ibs_handler( 1894): SerialClockVote: vote for UART CLK OFF
02-17 00:42:06.708 D/SensorFeature( 2056): name=ssc_screenshot_info ,index = 22
02-17 00:42:06.708 D/SensorFeature( 2056): write 39 bytes:177107335694738,177107989585936,18436,0
02-17 00:42:06.763 V/AlarmManager( 3389): sending alarm Alarm{27fbcfd type 1 origWhen 1771278126763 whenElapsed 177108045 android} uid 1000 whenElapsed 177108045 windowLength 0 maxWhenElapsed 177108045 repeatInterval 0 action null component null tag StorgaeBandInfoAlarmTag flags 0x9 procName system_server
02-17 00:42:06.765 E/OplusStorageUFSBandwidth( 3389): storage_io_metrics_path is /proc/oplus_storage/io_metrics/forever/
02-17 00:42:06.766 E/OplusStorageUFSBandwidth( 3389): Bandwidth - Read: 0.00 MB/s, Write: 0.00 MB/s
02-17 00:42:06.766 E/OplusStorageUFSBandwidth( 3389): Task time: 1ms
02-17 00:42:06.769 E/OplusStorageUFSBandwidth( 3389): Alarm set to trigger in 10 seconds
02-17 00:42:06.826 D/vendor.qti.bluetooth@1.0-wake_lock( 1894): Release wakelock is released 
02-17 00:42:06.959 I/CwbService( 1946): LECENT_AI::CWB_RGB_VALUE_SEC::in_featureId=3
02-17 00:42:07.009 D/SensorFeature( 2056): name=ssc_screenshot_info ,index = 22
02-17 00:42:07.010 D/SensorFeature( 2056): write 39 bytes:177107335694738,177108291232551,18437,0
02-17 00:42:07.011 I/sensors-hal( 1904): handle_fold_fusion_light_event:278, fusion_light: lux 0.0, cct 5300.0, brl/algo/fold/ir 548.0/2.0/1.0/0.0, pwm/dc 0.0/0.0, rgbc 43.093056/26.376671/13.788570/76.600403, ts 177108014729754, cnt 43086, flag 18436
02-17 00:42:07.227 D/FusionLightNextGen( 3389): process end reported = 1, mode: 0, cnt: 229695, lux 0.0, cct -1.0, r/g/b/c: 44.3/25.3/12.7/74.3, R/G/B: 11.0/10.0/14.0, bri 548.0, match 1.00, ir 0.046961, conf 0.0, ts 177108290836681
02-17 00:42:07.261 I/CwbService( 1946): LECENT_AI::CWB_RGB_VALUE_SEC::in_featureId=3
02-17 00:42:07.301 E/WifiHAL ( 1907): wifi_get_cached_scan_results: Wifi Cached Scan Result not supported by driver
02-17 00:42:07.301 E/WifiStaIfaceAidlImpl( 3389): getCachedScanData failed with service-specific exception: android.os.ServiceSpecificException:  (code 4)
02-17 00:42:07.306 D/VendorWifiService( 5736): onEvent event:9,action:1
02-17 00:42:07.307 D/ScorerUtils( 3389): isLowTraffic: txTputKBps=0, rxTputKBps=0
02-17 00:42:07.311 D/SensorFeature( 2056): name=ssc_screenshot_info ,index = 22
02-17 00:42:07.311 D/SensorFeature( 2056): write 39 bytes:177107335694738,177108592990155,18438,0
02-17 00:42:07.325 W/ServiceManagerCppClient( 5736): Waited one second for vendor.oplus.hardware.subsys_imsrtp.IImsRtp/default (is service started? Number of threads started in the threadpool: 16. Are binder threads started and available?)
02-17 00:42:07.329 W/libc    ( 1130): Unable to set property "ctl.interface_start" to "aidl/vendor.oplus.hardware.subsys_imsrtp.IImsRtp/default": PROP_ERROR_HANDLE_CONTROL_MESSAGE (0x20)
02-17 00:42:07.485 D/vendor.oplus.hardware.charger-V10-service( 2070): ret_value:153, read content:,280,280,4184,4184,-907,68,75,1,9,0,1987,4740,75,1,4520,2200,2000,0,0,-22,0,0,1,0,2,0,0,0,1,10834,98,0,3364,5024,0,0,0,0,0,0,66.95,75,74.13,66.79,67.99,
02-17 00:42:07.485 D/vendor.oplus.hardware.charger-V10-service( 2070): gmtime: 2026-02-17-00-42-07
02-17 00:42:07.485 D/vendor.oplus.hardware.charger-V10-service( 2070): usb_online:1, ac_online:-2147483648, wireless_online:0
02-17 00:42:07.491 I/sensors-hal( 1904): handle_fold_fusion_light_event:278, fusion_light: lux 0.0, cct 5300.0, brl/algo/fold/ir 548.0/2.0/1.0/0.0, pwm/dc 0.0/0.0, rgbc 47.881172/25.277643/13.788570/72.094505, ts 177108566907827, cnt 43096, flag 18438
02-17 00:42:07.495 D/CommonApp-112-10314( 5736): transport layer data is invalid
02-17 00:42:07.496 D/CommonApp-114-10314( 5736): transport layer data is invalid
02-17 00:42:07.496 D/ScorePolicy( 5736): handleScoreChanged: []
02-17 00:42:07.496 D/ScorePolicy( 5736): handleScoreChanged: []
02-17 00:42:07.496 D/ScorePolicy( 5736): handleScoreChanged: []
02-17 00:42:07.562 I/CwbService( 1946): LECENT_AI::CWB_RGB_VALUE_SEC::in_featureId=3
02-17 00:42:07.613 D/SensorFeature( 2056): name=ssc_screenshot_info ,index = 22
02-17 00:42:07.613 D/SensorFeature( 2056): write 39 bytes:177107335694738,177108894388488,18439,0
