02-17 00:40:41.130 D/OplusWifiBroadCastDispatcher( 3389): mBroadcastReceiver: onReceiver  action=android.intent.action.SCREEN_OFF
02-17 00:40:41.131 D/OplusWifiPower_TriggerCenter( 3389): mComponentCallback: screen
02-17 00:40:41.131 D/PrimaryRadio( 5736): EVENT_SEND_SCREEN_STATE_DONE succeed
02-17 00:40:41.131 V/SystemSensorManagerExtImpl( 3389): unRegisterListener by com.android.server.power.FaceDownDetector@a4112e1
02-17 00:40:41.131 W/SensorService( 3389): SensorEventConnection sensor handle=11, package = com.android.server.power.FaceDownDetector disable
02-17 00:40:41.131 I/wpa_supplicant(22464): wlan0: command[SCREEN_ON 0], reply:SUCCESS
02-17 00:40:41.131 D/OplusWifiStateTracker( 3389): notifyScreenOnChange: ScreenOn = false
02-17 00:40:41.131 E/OplusWifiPower_WakeupApp( 3389): updateCollectInfo finish
02-17 00:40:41.131 D/SensorService( 3389): SensorDevice::activate: ident=0xb4000077e2fe8200, handle=0x0000000b, enabled=0, count=2
02-17 00:40:41.131 D/SensorService( 3389): disable index=0
02-17 00:40:41.131 D/DsdProxy( 2535): handleScreenStateChanged 0
02-17 00:40:41.131 D/SensorService( 3389): 	>>> actuating h/w batch 0x0000000b 200000000 0
02-17 00:40:41.131 D/DsdProxy( 2535): handleScreenStateChanged eventSet = 0
02-17 00:40:41.131 D/QmiDsdClient( 2535): radioRegisterDsdEvent - eventSet 0
02-17 00:40:41.131 D/OttProxy( 2535): setScreenState mScreenState = 1, state = 0
02-17 00:40:41.131 D/OttProxy( 2535): enter handleScreenStateChanged
02-17 00:40:41.131 D/OttProxy( 2535): handleScreenStateChanged eventSet = 0
02-17 00:40:41.131 D/QmiOttClient( 2535): radioRegisterOttEvent : eventSet 0
02-17 00:40:41.131 D/QmiOttClient( 2535): setLinkLatencyReportConfig - enter 
02-17 00:40:41.131 D/OttProxy( 3220): handleMessage msg is 4001
02-17 00:40:41.131 D/OplusSilenceRecovery( 3389): action==android.intent.action.SCREEN_OFF
02-17 00:40:41.131 D/Proxy   ( 3220): handleMessage msg is 4001
02-17 00:40:41.131 I/BeaconSdk.BeaconDiscover( 5469): stopDiscovery, type: BLR_QUERY_NETLESS_CONTRACT
02-17 00:40:41.131 E/Proxy   ( 3220): Unsupported message id 4001
02-17 00:40:41.131 D/OplusSoftapP2pBandControl( 3389): enter ScreenOFF
02-17 00:40:41.131 D/OplusWifiPowerService( 3389): onReceive action:android.intent.action.SCREEN_OFF
02-17 00:40:41.131 D/OplusTetheringNotification( 3389): onReceive: action: android.intent.action.SCREEN_OFF
02-17 00:40:41.131 D/OplusWifiRssiIssueTracker( 3389): action: android.intent.action.SCREEN_OFF
02-17 00:40:41.131 D/VsProxy ( 2535): handleMessage msg is 4001
02-17 00:40:41.131 D/RadioProxy( 2535): sendScreenState : response cb for instance 0
02-17 00:40:41.131 I/BeaconSdk.AppIpc( 5469): remoteCall, method=stopDiscoveryWithType
02-17 00:40:41.131 D/OttProxy( 2535): handleMessage msg is 4001
02-17 00:40:41.131 D/Proxy   ( 2535): handleMessage msg is 4001
02-17 00:40:41.131 E/Proxy   ( 2535): Unsupported message id 4001
02-17 00:40:41.131 D/QmiClient( 2535): QmiErrorToRadioApiError qmiError 16, radio result 1
02-17 00:40:41.131 E/QmiOttClient( 2535): error - sendSyncRequest QMI_OTT_BIND_SUBSCRIPTION_REQ_V01 ret 0,qmiError 16
02-17 00:40:41.131 D/NasProxy( 2535): setScreenState mScreenState = 1, state = 0
02-17 00:40:41.131 D/NasProxy( 2535): enter handleScreenStateChanged
02-17 00:40:41.131 D/QmiNasClient( 2535): radioRegisterNasSysInfoEvent : enable 0
02-17 00:40:41.131 D/OplusAtlas.OplusSystemStateListener( 7821): onReceive action :android.intent.action.SCREEN_OFF
02-17 00:40:41.131 D/NasProxy( 2535): handleScreenStateChanged() noCallExsitOnBothSlot= 1
02-17 00:40:41.131 D/NasProxy( 2535): handleScreenStateChanged eventSet = 0
02-17 00:40:41.131 D/QmiNasClient( 2535): radioRegisterNasEvent : eventSet 0
02-17 00:40:41.131 D/NetworkStateTracker( 2535): screenStateChangedCb state 0
02-17 00:40:41.132 D/DsdProxy( 2535): handleMessage msg is 4001
02-17 00:40:41.132 D/DsdProxy( 2535): radioRegisterDsdEvent response cb for instance 0
02-17 00:40:41.132 D/RadioProxyJ[0]( 5736): [5585]< sendScreenStateResponse 
02-17 00:40:41.132 D/DsdProxy( 2535): radioRegisterDsdEvent succeed
02-17 00:40:41.132 D/vendor.oplus.hardware.wifi-aidl-service( 2097): filePath is /vendor/bin/cat
02-17 00:40:41.132 D/PrimaryRadio( 5736): EVENT_SEND_SCREEN_STATE_DONE succeed
02-17 00:40:41.132 D/vendor.oplus.hardware.wifi-aidl-service( 2097): the in_command is:/vendor/bin/cat /proc/oplus_rf/rf_cable
02-17 00:40:41.132 I/sensors-hal( 1904): batch:163, android.sensor.accelerometer/11, period=200000000, max_latency=0
02-17 00:40:41.132 I/sensors-hal( 1904): batch:185, android.sensor.accelerometer/11, period=200000000, max_latency=0 request completed
02-17 00:40:41.132 D/SensorService( 3389): activateHardware = 0
02-17 00:40:41.132 D/SensorService( 3389): ~SensorEventConnection(0xb4000077e2fe8200)
02-17 00:40:41.132 D/SensorService( 3389): 16 active sensors
02-17 00:40:41.132 I/PowerManagerService( 3389): onFlip(): Face up.
02-17 00:40:41.132 I/SurfaceControl( 5365):  setExtendedRangeBrightness sc=Surface(name=NotificationShade)/@0x51d2947,currentBufferRatio=1.0,desiredRatio=1.0
02-17 00:40:41.132 D/PowerManagerService( 3389): onFlip: isFaceDown=false
02-17 00:40:41.132 D/PowerManagerService( 3389): userActivityNoUpdateLocked: groupId=0, eventTime=88040867, event=other, flags=0x0, uid=1000
02-17 00:40:41.132 D/NasProxy( 2535): handleMessage msg is 4001
02-17 00:40:41.133 I/Blur_BlurServiceImpl( 5932): [closeWindowBlurSession] window=NotificationShade, hasSession=true, isCurrentBlurWindow=true
02-17 00:40:41.133 D/NasProxy( 2535): handleScreenStateChanged response cb for instance 0
02-17 00:40:41.133 D/NasProxy( 2535): handleScreenStateChanged succeed
02-17 00:40:41.133 D/NasProxy( 2535): handleMessage msg is 4001
02-17 00:40:41.133 D/NasProxy( 2535): handleScreenStateChanged response cb for instance 0
02-17 00:40:41.133 D/NasProxy( 2535): handleScreenStateChanged succeed
02-17 00:40:41.134 W/Battery ( 9124): Thermal.WirelessChargeControl: set wireless charge 0, force=true, result=0
02-17 00:40:41.134 D/DCSEX-ScreenStatusMonitor( 5120): onReceive action=android.intent.action.SCREEN_OFF
02-17 00:40:41.134 I/PTC.BEACON.BeaconContentProvider( 9719): ---authority call--- stopDiscoveryWithType, authority=com.heytap.accessory.beacon.BeaconContentProvider, callingPkg=com.android.phone
02-17 00:40:41.134 D/DCSEX-AppLaunchEventRecorder( 5120): onScreenOff
02-17 00:40:41.134 D/DCSEX-AppLaunchEventRecorder( 5120): recordExitApp = com.saplin.nothingness
02-17 00:40:41.135 I/MediaSyncManager_15392_17717(15392): SettingsContentObserver onChange onSync true
02-17 00:40:41.135 I/MediaSyncManager_15392_17717(15392): onSync true
02-17 00:40:41.136 I/PTC.BEACON.BeaconCallMethodProcessor( 9719): -- BEA-IPC -- process method In, method=stopDiscoveryWithType callingPackage=com.android.phone
02-17 00:40:41.136 I/PTC.BEACON.BeaconCallMethodProcessor( 9719): -- BEA-IPC -- stopDiscovery In. client=BeaconClient={clientId=55086674, pkg=com.android.phone, pid=5469}
02-17 00:40:41.136 D/VRI[NotificationShade]( 5365): Received frameCommittedCallback lastAttemptedDrawFrameNum=12 didProduceBuffer=true syncBuffer=false
02-17 00:40:41.137 D/VRI[NotificationShade]( 5365): draw finished. seqId=0
02-17 00:40:41.137 W/SystemUi--Keyguard( 5365): OplusPreventModeExImpl-->proximity sensor had unregistered, or not registered
02-17 00:40:41.137 D/LockPatternUtils( 5365): isBiometricAllowedForUser allowed:true isStrongBiometric:true userId:0
02-17 00:40:41.138 W/statsd  ( 1787): StatsPullerManager: Unknown tagId 150145
02-17 00:40:41.138 E/statsd  ( 1787): Stats puller failed for tag: 150145 at 177022358030396
02-17 00:40:41.138 W/statsd  ( 1787): StatsPullerManager: Unknown tagId 150145
02-17 00:40:41.138 E/statsd  ( 1787): Stats puller failed for tag: 150145 at 177022358030396
02-17 00:40:41.138 D/LockPatternUtils( 5365): isBiometricAllowedForUser allowed:true isStrongBiometric:true userId:0
02-17 00:40:41.138 W/statsd  ( 1787): StatsPullerManager: Unknown tagId 150145
02-17 00:40:41.138 E/statsd  ( 1787): Gauge Stats puller failed for tag: 150145 at 177022358030396
02-17 00:40:41.138 W/statsd  ( 1787): StatsPullerManager: Unknown tagId 150146
02-17 00:40:41.138 E/statsd  ( 1787): Gauge Stats puller failed for tag: 150146 at 177022358030396
02-17 00:40:41.138 D/LauncherProxyService( 5365): Notifying sysui state change to launcher service: proxy=com.android.systemui.shared.recents.ILauncherProxy$Stub$Proxy@956efb9 display=0 flags=overview_disabled|navbar_hidden|notif_expanded|keygrd_visible|allow_gesture|device_dozing|device_dreaming|notif_visible
02-17 00:40:41.138 W/SystemUi--Common( 5365): SubsetBitmapDrawable-->[isValid] innerBitmap?.isRecycled=null
02-17 00:40:41.139 I/SystemUi--Keyguard( 5365): ChargingAnimationImpl-->onFinishedGoingToSleep
02-17 00:40:41.139 I/OplusCharge--( 5365): OplusChargeAnimImpl-->updateChargeAnimState , state : cancel charge anim, reason : screen off
02-17 00:40:41.139 I/OplusCharge--( 5365): OplusChargeAnimImpl-->allowWaterWave = false, isChargingAnimShow = false, isHighAnimLevel = true
02-17 00:40:41.139 I/OplusCharge--( 5365): OplusChargeAnimImpl-->clearChargeAnim , reason : screen off,chargeAnimLayoutVfx : null, frameChargeLayout: null, this: com.oplus.charge.viewmodel.OplusChargeAnimImpl@9785487
02-17 00:40:41.139 I/SystemUi--Keyguard( 5365): ChargingAnimationImpl-->onAnimStateChanged , mChargeState : 4 , isScreenOn : false , mStateChanged : false , isGoingToSleep : false
02-17 00:40:41.140 I/SystemUi--QuickSettings( 5365): OplusQsBrightnessSliderController-->setListening listening:false mView: com.oplus.systemui.qs.widget.OplusQsToggleSliderLayout{6003ec4 V.E...... .......D 0,0-213,444 #7f0a0210 app:id/brightness_seekbar_container alpha=1.0 viewInfo = } value:770
02-17 00:40:41.140 I/PTC.BEACON.BluetoothDiscover( 9719): -- BEA-DIS -- stopDiscovery In. type:BLR_QUERY_NETLESS_CONTRACT
02-17 00:40:41.140 I/SystemUi--Notification( 5365): NotificationStackScrollLayoutExtImpl-->resetSpringChain
02-17 00:40:41.140 I/PTC.BEACON.BeaconCallMethodProcessor( 9719): -- BEA-IPC -- stopDiscovery Out.
02-17 00:40:41.140 I/PTC.BEACON.BeaconCallMethodProcessor( 9719): -- BEA-IPC -- process stopDiscoveryWithType Out. result=SUCCESS
02-17 00:40:41.140 I/PTC.BEACON.BeaconCallMethodProcessor( 9719): -- BEA-IPC -- process method Out, method: stopDiscoveryWithType, result is: SealedResult(resultCode=SUCCESS, data=null, errorCode=null, message=null)
02-17 00:40:41.140 I/SystemUi--Statusbar( 5365): CollapsedSbFragment-->New visibilities calculated internally. StatusBarVisibilityModel(showClock: false showNotificationIcons:false showPrimaryOngoingActivityChip:false showSecondaryOngoingActivityChip:false showSystemInfo:false ) 
02-17 00:40:41.140 I/SystemUi--Statusbar( 5365): CollapsedStatusBarFragmentExImpl-->animate: false, unlockAnimationRunning: false, fadingAway: false, keyguard: true
02-17 00:40:41.140 I/SystemUi--Statusbar( 5365): CollapsedStatusBarFragmentExImpl-->StatusBarVisibilityModelEx: StatusBarVisibilityModelEx(showClock: false showPromptView:false showPrimaryOngoingActivityChip:false showSecondaryOngoingActivityChip:false showNotificationContainer:false showOpName:false showSeedlingContainer:false ), animate: false
02-17 00:40:41.140 I/SystemUi--QuickSettings( 5365): OplusSeparateQSPluginImpl-->shouldHideStatusBar isFullyCollapsed true
02-17 00:40:41.140 I/SystemUi--Statusbar( 5365): CollapsedStatusBarFragmentExImpl-->showClockChanged: false lastModifiedVisibility.showClock: false previousModelEx.showClock: false statusBarFragment?.clockHiddenMode(): 8 clockView?.visibility: 8
02-17 00:40:41.140 I/SystemUi--QuickSettings( 5365): OplusSeparateQSPluginImpl-->shouldHideStatusBar isFullyCollapsed true
02-17 00:40:41.140 I/PTC.DISC.LanDiscover( 9719): stopDiscovery, client=DiscoveryClient(id=netless_contract_query, pkg=com.android.phone, pid=5469)
02-17 00:40:41.140 I/PTC.DISC.DiscoverContainer( 9719): Stop discovery, remove discovering client=DiscoveryClient(id=netless_contract_query, pkg=com.android.phone, pid=5469), successCount=1, failureCount=0
02-17 00:40:41.140 I/SystemUi--QuickSettings( 5365): OplusQsBrightnessSliderController-->setListening listening:false mView: com.oplus.systemui.qs.widget.OplusQsToggleSliderLayout{6003ec4 V.E...... .......D 0,0-213,444 #7f0a0210 app:id/brightness_seekbar_container alpha=1.0 viewInfo = } value:770
02-17 00:40:41.140 I/SystemUi--Statusbar( 5365): CollapsedSbFragment-->New visibilities calculated internally. StatusBarVisibilityModel(showClock: false showNotificationIcons:false showPrimaryOngoingActivityChip:false showSecondaryOngoingActivityChip:false showSystemInfo:false ) 
02-17 00:40:41.140 I/SystemUi--Statusbar( 5365): CollapsedStatusBarFragmentExImpl-->animate: false, unlockAnimationRunning: false, fadingAway: false, keyguard: true
02-17 00:40:41.140 I/SystemUi--Statusbar( 5365): CollapsedStatusBarFragmentExImpl-->StatusBarVisibilityModelEx: StatusBarVisibilityModelEx(showClock: false showPromptView:false showPrimaryOngoingActivityChip:false showSecondaryOngoingActivityChip:false showNotificationContainer:false showOpName:false showSeedlingContainer:false ), animate: false
02-17 00:40:41.140 I/SystemUi--QuickSettings( 5365): OplusSeparateQSPluginImpl-->shouldHideStatusBar isFullyCollapsed true
02-17 00:40:41.140 I/SystemUi--Statusbar( 5365): CollapsedStatusBarFragmentExImpl-->showClockChanged: false lastModifiedVisibility.showClock: false previousModelEx.showClock: false statusBarFragment?.clockHiddenMode(): 8 clockView?.visibility: 8
02-17 00:40:41.140 I/SystemUi--QuickSettings( 5365): OplusSeparateQSPluginImpl-->shouldHideStatusBar isFullyCollapsed true
02-17 00:40:41.140 D/CentralSurfaces( 5365): updateIsKeyguard wakeAndUnlocking: false, shouldBeKeyguard: true,isKeyguardShowDelayed:false,isGoingToSleep:false,getScreenState:0,isLaunchTransitionFadingAway:false,keyguardForDozing:true,getDozingRequested:true
02-17 00:40:41.140 I/SystemUi--Statusbar( 5365): CollapsedSbFragment-->New visibilities calculated internally. StatusBarVisibilityModel(showClock: false showNotificationIcons:false showPrimaryOngoingActivityChip:false showSecondaryOngoingActivityChip:false showSystemInfo:false ) 
02-17 00:40:41.140 I/SystemUi--Statusbar( 5365): CollapsedStatusBarFragmentExImpl-->animate: false, unlockAnimationRunning: false, fadingAway: false, keyguard: true
02-17 00:40:41.140 I/SystemUi--Statusbar( 5365): CollapsedStatusBarFragmentExImpl-->StatusBarVisibilityModelEx: StatusBarVisibilityModelEx(showClock: false showPromptView:false showPrimaryOngoingActivityChip:false showSecondaryOngoingActivityChip:false showNotificationContainer:false showOpName:false showSeedlingContainer:false ), animate: false
02-17 00:40:41.140 I/SystemUi--QuickSettings( 5365): OplusSeparateQSPluginImpl-->shouldHideStatusBar isFullyCollapsed true
02-17 00:40:41.140 I/SystemUi--Statusbar( 5365): CollapsedStatusBarFragmentExImpl-->showClockChanged: false lastModifiedVisibility.showClock: false previousModelEx.showClock: false statusBarFragment?.clockHiddenMode(): 8 clockView?.visibility: 8
02-17 00:40:41.140 I/SystemUi--QuickSettings( 5365): OplusSeparateQSPluginImpl-->shouldHideStatusBar isFullyCollapsed true
02-17 00:40:41.140 I/SystemUi--QuickSettings( 5365): OplusQsBrightnessSliderController-->setListening listening:false mView: com.oplus.systemui.qs.widget.OplusQsToggleSliderLayout{6003ec4 V.E...... .......D 0,0-213,444 #7f0a0210 app:id/brightness_seekbar_container alpha=1.0 viewInfo = } value:770
02-17 00:40:41.140 I/SystemUi--Statusbar( 5365): CollapsedSbFragment-->New visibilities calculated internally. StatusBarVisibilityModel(showClock: false showNotificationIcons:false showPrimaryOngoingActivityChip:false showSecondaryOngoingActivityChip:false showSystemInfo:false ) 
02-17 00:40:41.140 I/SystemUi--Statusbar( 5365): CollapsedStatusBarFragmentExImpl-->animate: false, unlockAnimationRunning: false, fadingAway: false, keyguard: true
02-17 00:40:41.140 I/SystemUi--Statusbar( 5365): CollapsedStatusBarFragmentExImpl-->StatusBarVisibilityModelEx: StatusBarVisibilityModelEx(showClock: false showPromptView:false showPrimaryOngoingActivityChip:false showSecondaryOngoingActivityChip:false showNotificationContainer:false showOpName:false showSeedlingContainer:false ), animate: false
02-17 00:40:41.140 I/SystemUi--QuickSettings( 5365): OplusSeparateQSPluginImpl-->shouldHideStatusBar isFullyCollapsed true
02-17 00:40:41.140 I/SystemUi--Statusbar( 5365): CollapsedStatusBarFragmentExImpl-->showClockChanged: false lastModifiedVisibility.showClock: false previousModelEx.showClock: false statusBarFragment?.clockHiddenMode(): 8 clockView?.visibility: 8
02-17 00:40:41.140 I/SystemUi--QuickSettings( 5365): OplusSeparateQSPluginImpl-->shouldHideStatusBar isFullyCollapsed true
02-17 00:40:41.140 I/SystemUi--Keyguard( 5365): OplusPowerBlockController-->updatePowerBlock mFpAuthInScreenOff:false, mScreenTurnedOff:true, dreaming=true, fpUnlockingInScreenOff:false, screenFinishedSleep:true, screenRealSleep:true, mInOccluding:false, hasResumeActivity:false, isKeyguardGoingAway:false, reason:onFinishedGoingToSleep
02-17 00:40:41.141 W/BeaconSdk.ServerDeathRecipient( 5469): already has binder death recipient
02-17 00:40:41.141 I/SystemUi--Notification( 5365): OplusNotificationShadeWindowControllerExImpl-->SHADE_FOCUSABLE-->mNotificationShadeFocusable= true, mPanelExpanded= true, mBouncerShowing= false, mKeyguardShowing= true, mKeyguardOccluded= false, mKeyguardNeedsInput= false, ENABLE_REMOTE_INPUT= true, mRemoteInputActive= false, glanceableHubShowing= false, keyguardIsAboutToOccluded= false, layoutFlags= -2130313152
02-17 00:40:41.141 I/SystemUi--Notification( 5365): OplusNotificationShadeWindowControllerExImpl-->SHADE_VISIBLE-->mKeyguardShowing= true, mKeyguardOccluded= false, mPanelVisible= true, mKeyguardFadingAway= false, mKeyguardGoingAway= false, mBouncerShowing= false, mScrimsVisibility= 0, mBackgroundBlurRadius= 0, mForcePluginOpen= false, mediaBackdropShowing= false, viewVisibility= true, qsBlurFraction= 0.0, panelBlurFraction= 0.0
02-17 00:40:41.141 I/OplusNotificationShadeWindowControllerExImpl( 5365): mPowerBlock: block=true shouldRealBlock=false
02-17 00:40:41.141 I/SystemUi--Aod( 5365): SmoothTransitionController-->onPowerBlockCallback, powerBlock=true, reason=onFinishedGoingToSleep
02-17 00:40:41.141 I/SystemUi--Keyguard( 5365): OplusBlackScreenGestureControllExImpl-->onFinishedGoingToSleep
02-17 00:40:41.141 D/BaseUi  ( 5365): o-->Not found protocol=onClockScreenStateChanged
02-17 00:40:41.141 I/SystemUi--Keyguard( 5365): KeyguardStyleClockController-->setKeyguardStyleClockVisibility VISIBLE,statusBarState=1, reason:onFinishedGoingToSleep
02-17 00:40:41.141 I/SystemUi--Keyguard( 5365): ClockSwitchHelper-->onFinishedGoingToSleep
02-17 00:40:41.141 I/SystemUi--Notification( 5365): OplusMediaSeedlingController-->MEDIA_SEEDLING-->onFinishedGoingToSleep
02-17 00:40:41.141 I/SystemUi--Notification( 5365): MediaSeedling-->MEDIA_SEEDLING-->isScreenOn; value: false; field: true
02-17 00:40:41.141 I/SystemUi--Notification( 5365): MediaSeedling-->MEDIA_SEEDLING-->postSeedlingsUpdate delay: 0 needUpdate: 0 reason:updateSortedAllowedState
02-17 00:40:41.141 I/SystemUi--Notification( 5365): OplusMediaSeedlingController-->MEDIA_SEEDLING-->isScreenOn: false
02-17 00:40:41.141 I/SystemUi--NavBar( 5365): OplusNavBarUtils-->isFoldOpenNavigationLayout() taskbarEnable=true,foldState=false
02-17 00:40:41.141 I/SystemUi--Aod( 5365): AodRecord-->initDreamWindow, enable=true, screenState 0
02-17 00:40:41.142 I/statsd  ( 1787): An anomaly (102950000001) (100002)0x10000->1[I] (100002)0x20000->1[I]  has occurred! Informing subscribers.
02-17 00:40:41.142 I/SystemUi--Aod( 5365): AodClockLayout-->AOD switch: ON 
02-17 00:40:41.142 D/Quality-ScreenOnOffLogProcessor(11602): screenStateChanged: state: DISPLAY_STATE_OFF
02-17 00:40:41.142 I/SystemUi--Aod( 5365): AodUpdateManager-->registerWakeupBroadcast(): AodWakeUpReceiver has register.mContext addresscom.android.systemui.SystemUIApplication@a5da2c0
02-17 00:40:41.142 D/SplitScreenAppReader( 3389): SPLIT_TOUCH support check:com.android.permissioncontroller = false
02-17 00:40:41.142 D/ActivityTaskManagerServiceExtImpl( 3389): preBindApplication record is null
02-17 00:40:41.142 I/SystemUi--Aod( 5365): AodUpdateManager-->registerAodBroadcast: with oplus safe permissions
02-17 00:40:41.142 D/RGBNormalizeServer( 3389): OplusRGBNormalize feature enabled ? true
02-17 00:40:41.142 D/ResourcesManagerCache( 3389): For package com.android.permissioncontroller we got cacheList [null] appInfoExt is null ? false hasFeature ? false
02-17 00:40:41.142 I/PluginSeedling--Aod( 5365): AodViewModel-->registerAod, aodPlugin:com.oplus.aodimpl.AodManager@ba1c778
02-17 00:40:41.142 I/PluginSeedling--Origin( 5365): LiveAlertInteractorImpl-->registerDataListener, entryType:ENTRY_AOD, z3.a@3341c99
02-17 00:40:41.142 I/PluginSeedling--Origin( 5365): LiveAlertInteractorImpl-->registerDataListener, dataListener:w4.c@53cfb5e
02-17 00:40:41.142 I/PluginSeedling--Base( 5365): SeedlingSdkController-->register callback success because init successful..
02-17 00:40:41.142 I/PluginSeedling--Origin( 5365): BaseDataManager-->entrance: [aod,type=4,hostId=40], register listCallback
02-17 00:40:41.142 D/PantaCard.SysUi.ServiceDecisionRouter( 5365):  getServiceDecision, begin,entrance = [aod,type=4,hostId=40] ,config = Configuration(entrance=[statusbar,type=8,hostId=20], supportEntranceList=[[statusbar,type=8,hostId=20], [aod,type=4,hostId=40], [notification,type=16,hostId=30]], mode=STANDARD, loadTimeout=-1, supportedCardCategory=[SEEDLING],shouldNotifyCardServiceToInit=false, shouldPreInitSeedlingPlugin=true, seedingConfiguration=SeedlingConfiguration(engineType=Lite), instantConfiguration=null,shouldParseSeedlingUIData=true,needHostHandleCardBg=false,isHostLightColor=true,launchInterceptorMap={},launcherInterceptor=null, enableV2Callback=false,checkForceCopySwitch=true,isSupportChildThread=true,enableInstantCardView=false,supportUseServiceDecisionFromPlugin=nullisSupportAddParamsToIntent=trueextrasDataToPlugin={}extrasDataToEngine={})[sdk:v1.3.80-cc7da83,seed-plugin:v16.1.72-6c1a449e,app:v16.00.12]
02-17 00:40:41.142 I/PantaCard.SysUi.ServiceDecisionRouter( 5365):  getServiceDecision,use internal sdk,because entrance not supportUseServiceDecisionFromPlugin![sdk:v1.3.80-cc7da83,seed-plugin:v16.1.72-6c1a449e,app:v16.00.12]
02-17 00:40:41.142 I/PantaCard.SysUi.DecisionManager( 5365):  entrance = [aod,type=4,hostId=40] begin to registerMultiInstanceDecisionListCallBack,recomdType = 3,extras= {decision_manager_from=panta_sdk_embedded}[sdk:v1.3.80-cc7da83,seed-plugin:v16.1.72-6c1a449e,app:v16.00.12]
02-17 00:40:41.142 I/PantaCard.SysUi.MultiInstanceDecisionAdapter( 5365):  registerMultiInstanceDecisionListCallBack begin,entrance=[aod,type=4,hostId=40][sdk:v1.3.80-cc7da83,seed-plugin:v16.1.72-6c1a449e,app:v16.00.12]
02-17 00:40:41.142 I/PantaCard.SysUi.MultiInstanceDecisionAdapter( 5365):  addObserver, entranceType = 4, observer count:1[sdk:v1.3.80-cc7da83,seed-plugin:v16.1.72-6c1a449e,app:v16.00.12]
02-17 00:40:41.142 I/PantaCard.SysUi.MultiInstanceDecisionAdapter( 5365):  registerMultiInstanceObserverToStaticSdk, recomdType = 3,entrance = 4[sdk:v1.3.80-cc7da83,seed-plugin:v16.1.72-6c1a449e,app:v16.00.12]
02-17 00:40:41.142 I/StaticSDK.StaticSdk( 5365): (main)register. type = 3.,in version 1.1.42-beta4d1d0ce-SNAPSHOT [SystemUIPlugin|com.android.systemui|2.0.26-f348910]
02-17 00:40:41.142 I/StaticSDK.DecisionCenter( 5365): (main)entrance:4 call register(),registered entrance:[],in version 1.1.42-beta4d1d0ce-SNAPSHOT
02-17 00:40:41.143 I/PantaCard.SysUi.MultiInstanceDecisionAdapter( 5365):  registerMultiInstanceObserverToStaticSdk done,entrance=[aod,type=4,hostId=40][sdk:v1.3.80-cc7da83,seed-plugin:v16.1.72-6c1a449e,app:v16.00.12]
02-17 00:40:41.143 I/PantaCard.SysUi.MultiInstanceDecisionAdapter( 5365):  registerMultiInstanceDecisionListCallBack done,entrance=[aod,type=4,hostId=40][sdk:v1.3.80-cc7da83,seed-plugin:v16.1.72-6c1a449e,app:v16.00.12]
02-17 00:40:41.143 I/StaticSDK.DecisionDao( 5365): (#query_data)get IUserContext,call DecisionDao query() ,userId 0,in version 1.1.42-beta4d1d0ce-SNAPSHOT
02-17 00:40:41.143 D/OplusUserContext( 5365): acquireUnstableContentProviderClient uri content://0@com.oplus.pantanal.ums.decision/services userUri content://0@com.oplus.pantanal.ums.decision/services UserContextImp com.android.systemui.SystemUIApplication@a5da2c0 userId 0
02-17 00:40:41.143 D/AodApk--Engine( 5365): AodManager-->aodClockStyle:0
02-17 00:40:41.143 D/AodApk--Engine( 5365): AodManager-->aodClockModeFolder:aod/aod_layout_inspiration.xmlcustomFolder:
02-17 00:40:41.143 W/ServiceManagerCppClient( 5736): Waited one second for vendor.oplus.hardware.subsys_imsrtp.IImsRtp/default (is service started? Number of threads started in the threadpool: 16. Are binder threads started and available?)
02-17 00:40:41.143 E/TetherController( 1785): property_get sys.radio.data.modem_share_flag return 0, 1!
02-17 00:40:41.146 V/BinderSender(10315): Uid 99910289 already starts
02-17 00:40:41.146 I/OplusObrain(11602): OplusObrainClientInvoke.nativeGetTrafficTypeInfoForNetworkType networkType 1
02-17 00:40:41.146 D/CardWidget_SEEDLING_SUPPORT_SDK(3000006)_SeedlingCardCache( 5120): (O_dfd_173) SeedlingCardMap size=0,{}  CardObserveMap size= 0,{}  resultMap size= 0,{}
02-17 00:40:41.147 D/KernelStatsHelper( 3389): getKernelStats start!
02-17 00:40:41.147 D/CompatChangeReporter( 3389): Compat change id reported: 311208629; UID 10109; state: ENABLED
02-17 00:40:41.149 D/midasd  ( 7874): PowerFactors is null 
02-17 00:40:41.149 I/CameraMidasService( 2069): getExplorerInfo The size of ExplorerInfo is 240 ,The size of ExplorerInfo is 0, The memory size of ExplorerInfo is 0
02-17 00:40:41.149 D/midasd  ( 7874): getExplorerInfo is null 
02-17 00:40:41.149 E/android.hardware.power.stats-impl.oplus( 2024): HandleFactory::read open charger_input_current_now(/proc/charger/input_current_now) failed! fd: -1 errno: 2
02-17 00:40:41.149 W/android.hardware.power.stats-impl.oplus( 2024): PruneException: Unknown binder exception (2) pruned into EX_TRANSACTION_FAILED
02-17 00:40:41.149 D/OplusDisplayManagerServiceEnhance( 3389): setSpecBrightness gear = 0 reason = com.saplin.nothingness@temperature@31@normal rate = -1
02-17 00:40:41.149 W/midasd  ( 7874): handleFactory read failed.
02-17 00:40:41.150 D/OplusNetlinkSocket( 3389): handleNetlinkRecvKernelMessage:nlmsghdr:StructNlMsgHdr{ nlmsg_len{3004}, nlmsg_type{39()}, nlmsg_flags{0()}, nlmsg_seq{0}, nlmsg_pid{222106381} }
02-17 00:40:41.150 I/OplusDisplayFeatureManager( 3389): handleMessage MSG_TEMPERATURE_LIMIT_BRIGHTNESS_CHANGED.
02-17 00:40:41.150 D/KernelStatsHelper( 3389): get magic :[-1, -1, -1, 77, 65, 71, 73, 67]
02-17 00:40:41.150 D/KernelStatsHelper( 3389): magic matched count:228 data_len:11856
02-17 00:40:41.150 D/OplusNetlinkSocket( 3389): handleNetlinkRecvKernelMessage:nlmsghdr:StructNlMsgHdr{ nlmsg_len{2988}, nlmsg_type{39()}, nlmsg_flags{0()}, nlmsg_seq{0}, nlmsg_pid{222106381} }
02-17 00:40:41.150 D/OplusFeatureTemperatureLimitBrightness( 3389): new parameter!ControlInfo:[ gear = 0 reason = com.saplin.nothingness@temperature@31@normal gearNit = 9999.0 package = com.saplin.nothingness type = temperature temperature = 31 priority = normal rate = -1] HadDragPoint = false mode = 1
02-17 00:40:41.150 D/OplusFeatureTemperatureLimitBrightness( 3389): isResetUpdate = false isNormalUpdate = true isSafetyRegulationsForceUpdate = false mLastLimitNit = 9999.0
02-17 00:40:41.150 D/OplusNetlinkSocket( 3389): handleNetlinkRecvKernelMessage:nlmsghdr:StructNlMsgHdr{ nlmsg_len{2988}, nlmsg_type{39()}, nlmsg_flags{0()}, nlmsg_seq{0}, nlmsg_pid{222106381} }
02-17 00:40:41.150 D/OplusFeatureTemperatureLimitBrightness( 3389): mLimitNit = 9999.0; mCurTemperature = 31
02-17 00:40:41.150 D/OplusNetlinkSocket( 3389): handleNetlinkRecvKernelMessage:nlmsghdr:StructNlMsgHdr{ nlmsg_len{2988}, nlmsg_type{39()}, nlmsg_flags{0()}, nlmsg_seq{0}, nlmsg_pid{222106381} }
02-17 00:40:41.150 D/KernelStatsHelper( 3389): data over! check: true
02-17 00:40:41.150 I/OplusDisplayFeatureManager( 3389): handleMessage MSG_TEMPERATURE_LIMIT_BRIGHTNESS_CHANGED.
02-17 00:40:41.150 D/OplusFeatureTemperatureLimitBrightness( 3389): new parameter!ControlInfo:[ gear = 0 reason = com.saplin.nothingness@temperature@31@normal gearNit = 9999.0 package = com.saplin.nothingness type = temperature temperature = 31 priority = normal rate = -1] HadDragPoint = false mode = 1
02-17 00:40:41.150 D/OplusFeatureTemperatureLimitBrightness( 3389): isResetUpdate = false isNormalUpdate = true isSafetyRegulationsForceUpdate = false mLastLimitNit = 9999.0
02-17 00:40:41.150 D/OplusFeatureTemperatureLimitBrightness( 3389): mLimitNit = 9999.0; mCurTemperature = 31
02-17 00:40:41.150 W/libc    (11485): Access denied finding property "persist.sys.oplus.swordfish_zlib"
02-17 00:40:41.150 D/OplusBiometricsDisplayHelper( 3389): isFold: true, isUnblockByFp: null
02-17 00:40:41.150 I/DisplayStateController( 3389): logicalDisplay enable=false transition=false isSecondaryDisplayEnabled=false id=local:4630946929504945811
02-17 00:40:41.150 D/OplusBiometricsDisplayHelper( 3389): isFold: true, isUnblockByFp: null
02-17 00:40:41.150 W/libc    ( 1130): Unable to set property "ctl.interface_start" to "aidl/vendor.oplus.hardware.subsys_imsrtp.IImsRtp/default": PROP_ERROR_HANDLE_CONTROL_MESSAGE (0x20)
02-17 00:40:41.151 D/vendor.oplus.hardware.wifi-aidl-service( 2097): the buf of executeDriverCommand is 0,255,255,255
02-17 00:40:41.151 D/vendor.oplus.hardware.wifi-aidl-service( 2097): , remain_len is 4096
02-17 00:40:41.151 I/OplusWifiSarManager( 3389): Received action: android.intent.action.SCREEN_OFF
02-17 00:40:41.151 I/OplusWifiSarManager( 3389): mWifiConnected: true mWifiState: true
02-17 00:40:41.151 D/OplusWifiSarManager( 3389): set wifi_dbs_enable to false
02-17 00:40:41.151 D/OplusWifiSarManager( 3389): wifiBand mWifi2gState:false mWifi5gState: true mWifi5gBand:WIFI_5G_BAND1 mWifi6gBand:WIFI_5G_DISABLE
02-17 00:40:41.151 D/CompactWindowAppManager(11467): initCompactApplicationInfo CompactMode: , NormalMode: 
02-17 00:40:41.151 I/OplusWifiSarManager( 3389): sar sensor state:
02-17 00:40:41.151 I/OplusWifiSarManager( 3389): sensor index: 0, state: null
02-17 00:40:41.151 I/OplusWifiSarManager( 3389): sensor index: 1, state: null
02-17 00:40:41.151 I/OplusWifiSarManager( 3389): sensor index: 2, state: null
02-17 00:40:41.151 I/OplusWifiSarManager( 3389): sensor index: 3, state: null
02-17 00:40:41.151 I/OplusWifiSarManager( 3389): sensor index: 4, state: null
02-17 00:40:41.151 I/OplusWifiSarManager( 3389): sensor index: 5, state: null
02-17 00:40:41.151 I/OplusWifiSarManager( 3389): sensor index: 6, state: null
02-17 00:40:41.151 I/OplusWifiSarManager( 3389): sensor index: 7, state: null
02-17 00:40:41.151 I/OplusWifiSarManager( 3389): sensor index: 8, state: null
02-17 00:40:41.151 I/OplusWifiSarManager( 3389): sensor index: 9, state: null
02-17 00:40:41.151 I/OplusWifiSarManager( 3389): sensor index: 10, state: null
02-17 00:40:41.151 I/OplusWifiSarManager( 3389): sensor index: 11, state: null
02-17 00:40:41.151 I/OplusWifiSarManager( 3389): sensor index: 12, state: null
02-17 00:40:41.151 I/OplusWifiSarManager( 3389): sensor index: 13, state: null
02-17 00:40:41.151 I/OplusWifiSarManager( 3389): sensor index: 14, state: null
02-17 00:40:41.151 I/OplusWifiSarManager( 3389): sensor index: 15, state: null
02-17 00:40:41.151 I/OplusWifiSarManager( 3389): project: 24001, country: BY
02-17 00:40:41.151 I/OplusWifiSarManager( 3389): sensor state: earpiece: 2, sensor: null, isScreenOn: false
02-17 00:40:41.151 I/OplusWifiSarManager( 3389): modem state: mCellOn: false mDataOn: false mData5gOn: false
02-17 00:40:41.151 I/OplusWifiSarManager( 3389): wifi state: mWifiConnected: true mWifiSapEnabled: false mWifiP2pConnected: false mWifi2gState: false mWifi5gState: true mWifi5gBand: WIFI_5G_BAND1 mWifi6gBand: WIFI_5G_DISABLE mIsBluetoothTxOn: false
02-17 00:40:41.151 I/OplusWifiSarManager( 3389): mSta5gBand: WIFI_5G_BAND1 , mP2p5gBand: WIFI_5G_DISABLE , mSap5gBand: WIFI_5G_DISABLE , mSta6gBand: WIFI_5G_DISABLE , mP2p6gBand: WIFI_5G_DISABLE , mSap6gBand: WIFI_5G_DISABLE , wifiBand5g: WIFI_5G_BAND1 , wifiBand6g: WIFI_5G_DISABLE
02-17 00:40:41.151 I/OplusWifiSarManager( 3389): wifisar engineerMode state: enable: false, Regdomain: , modemWorkType(2:4G, 3:5G): -1, sensorWorkType: -1, wifiChannel2.4G: -1, wifiChannel5G: -1, wifiChannel6G: -1 mWifiSarTestFoldWorkType((1=unfold,0=fold)):-1, bt work type: -1, hotspot work type: -1
02-17 00:40:41.151 I/OplusWifiSarManager( 3389): sensor index: 13, max: 16
02-17 00:40:41.151 I/OplusWifiSarManager( 3389): no change: stateindex: 11110000001000000 isWifi2g: false wifiBand5g: WIFI_5G_BAND1 wifiBand6g: WIFI_5G_DISABLE
02-17 00:40:41.152 D/vendor.oplus.hardware.wifi-aidl-service( 2097): filePath is /vendor/bin/cat
02-17 00:40:41.152 D/vendor.oplus.hardware.wifi-aidl-service( 2097): the in_command is:/vendor/bin/cat /sys/kernel/wifi/power_stats
02-17 00:40:41.152 I/SystemUi--Aod( 5365): AodRecord-->AodMediaViewStateListener onStateChanged:0
02-17 00:40:41.152 I/SystemUi--Aod( 5365): AodRecord-->updateRootBgColor TRANSPARENT, withAlpha:true
02-17 00:40:41.152 I/SystemUi--Notification( 5365): AodMediaViewState-->AOD_MEDIA_PANEL-->setLayoutDirection = 1
02-17 00:40:41.152 I/SystemUi--Notification( 5365): AodRecord-->AOD_MEDIA_PANEL-->Non Aod media data!
02-17 00:40:41.152 W/SystemUi--Aod( 5365): AodClockLayout-->smart space container view is null
02-17 00:40:41.153 I/SystemUi--Aod( 5365): AodClockLayout-->initAodViewInfo, shouldWindowBeTransparent:false wallpaperHeight:0 clockHeight:336 using Third-Party Theme: false
02-17 00:40:41.153 I/SystemUi--Aod( 5365): AodClockLayout-->Set visibility 4
02-17 00:40:41.152 I/OplusObrain(11602): OplusObrainClientInvoke.nativeGetTelephonyInfo
02-17 00:40:41.153 D/Quality-ScreenOnOffLogProcessor(11602): screenStateInfo: timestamp_millis: 1771278041116
02-17 00:40:41.153 D/Quality-ScreenOnOffLogProcessor(11602): interactive: false
02-17 00:40:41.153 D/Quality-ScreenOnOffLogProcessor(11602): change_latency: 158
02-17 00:40:41.153 D/Quality-ScreenOnOffLogProcessor(11602): change_reason: 2
02-17 00:40:41.153 D/Quality-ScreenOnOffLogProcessor(11602): process_pid: 3389
02-17 00:40:41.153 D/OplusL3Monitor( 3389):  network kpi callback register change, true -> false, interval=2
02-17 00:40:41.153 I/OplusObrain(11602): OplusObrainClientInvoke.nativeGetSpeakerPower
02-17 00:40:41.153 I/SystemUi--Aod( 5365): AodRecord-->bindSceneViewHolder folded displayId:1
02-17 00:40:41.153 D/BatteryView( 5365): registerAodBroadcast: with oplus safe permissions
02-17 00:40:41.153 D/AodApk--Engine( 5365): NotificationView-->updateLockScreenNotificationIconData data size: 1
02-17 00:40:41.153 D/AodApk--Engine( 5365): NotificationView-->updateNotificationView: com.android.systemui
02-17 00:40:41.153 D/DeviceHalAidl( 2186): [default] getParameters: keys: "PAPowerMonitorResult"
02-17 00:40:41.153 D/AHAL_ModulePrimary_QTI( 1909): getVendorParameters: id count: 1
02-17 00:40:41.153 D/AodApk--Engine( 5365): NotificationView-->updateNotificationView icon packageName: com.android.systemui size: 1
02-17 00:40:41.153 I/gsl     ( 1909): gsl_send_spf_cmd:223 sending pkt opcode 0x1001007 token 0x06168000
02-17 00:40:41.154 V/GrammaticalInflectionUtils( 3389): AttributionSource: android.content.AttributionSource@92a2083d does not have READ_SYSTEM_GRAMMATICAL_GENDER permission.
02-17 00:40:41.154 I/SystemUi--Aod( 5365): AodRecord-->AOD Get MajorDisplay Context
02-17 00:40:41.154 D/CompatChangeReporter( 3389): Compat change id reported: 151861875; UID 10109; state: ENABLED
02-17 00:40:41.154 D/RadioMessenger( 5736): handleMessage Request msgid 2002
02-17 00:40:41.154 D/RadioMessengerNotification( 5736): mUnregHandler handleMessage what:50
02-17 00:40:41.154 D/ScoreInterfaceImplement( 5736): unregisterNetworkKPIsChange messenger:android.os.Messenger@7b75649
02-17 00:40:41.155 I/gsl     ( 1909): gsl_send_spf_cmd:274 rcvd pkt token : 0x6168000
02-17 00:40:41.155 I/PAL_OplusSpeakerPowerMonitor( 1909): getResult: 265: mSpkCount:2, lkw:(0.057533) rkw:(0.083136) tkw:(0.000000) fkw:(0.000000) delta time(12) total(3955.506348)
02-17 00:40:41.155 I/PAL_OplusSpeakerPowerMonitor( 1909): getParameters: 385: get PAPowerMonitor total(3955.506348)
02-17 00:40:41.155 D/AHAL_ModulePrimary_OPLUS( 1909): getParameters: key: PAPowerMonitorResult
02-17 00:40:41.155 V/Configuration(11467): Updating configuration, locales updated from [] to [en_US]
02-17 00:40:41.155 D/DeviceHalAidl( 2186): [usb] getParameters: keys: "PAPowerMonitorResult"
02-17 00:40:41.156 D/OplusScrollToTopManager(11467): setIsInWhiteList false
02-17 00:40:41.156 E/ConversionHelperAidl( 2186): Function: parseAndGetVendorParameters Line: 51 Failed 
02-17 00:40:41.156 D/OplusViewDebugManager(11467): OplusViewDebugManager Constructor android.view.debug.OplusViewDebugManager@2a38554 [mHasViewDebugProperty true] [mHasMsgDebugProperty false] [DEBUG false] [EXTRAINFOENABLE false] [LIGHT_OS false]
02-17 00:40:41.156 I/SystemUi--Aod( 5365): AodUpdateManager-->setStartShowAlarm: suspend and make a alarm to wake up. timeToStartInMillis 26359000
02-17 00:40:41.156 D/DeviceHalAidl( 2186): [r_submix] getParameters: keys: "PAPowerMonitorResult"
02-17 00:40:41.156 E/ConversionHelperAidl( 2186): Function: parseAndGetVendorParameters Line: 51 Failed 
02-17 00:40:41.156 D/DeviceHalAidl( 2186): [bluetooth] getParameters: keys: "PAPowerMonitorResult"
02-17 00:40:41.156 E/ConversionHelperAidl( 2186): Function: parseAndGetVendorParameters Line: 51 Failed 
02-17 00:40:41.156 D/DeviceHalAidl( 2186): [binaural_record] getParameters: keys: "PAPowerMonitorResult"
02-17 00:40:41.156 I/AidSwitchManager( 9518): getCurrentAid, mCurrentAid = A0000003964D344D1061707056434D01
02-17 00:40:41.156 E/ConversionHelperAidl( 2186): Function: parseAndGetVendorParameters Line: 51 Failed 
02-17 00:40:41.156 D/DeviceHalAidl( 2186): [virtual] getParameters: keys: "PAPowerMonitorResult"
02-17 00:40:41.156 E/ConversionHelperAidl( 2186): Function: parseAndGetVendorParameters Line: 51 Failed 
02-17 00:40:41.157 I/OplusObrain(11602): OplusObrainClientInvoke.nativeGetAudioPackageList
02-17 00:40:41.157 I/SystemUi--Aod( 5365): AodSensorManager-->unRegisterOrientationObserver, mOrientationObserver = com.oplus.systemui.aod.sensor.AodSensorManager$OrientationObserver@d6e52c1
02-17 00:40:41.157 I/SystemUi--Aod( 5365): AodUpdateReceiver-->removeListener:com.oplus.systemui.aod.AodRecord$AodRecordUpdateReceiver@e075954
02-17 00:40:41.157 I/SystemUi--Aod( 5365): AodRecord-->needUpdateClock: exceed aod time range!, no need to update aodclock
02-17 00:40:41.157 I/SystemUi--Aod( 5365): AodRecord-->updateRootBgColor set background aod_clock_black, withAlpha:false
02-17 00:40:41.157 I/SystemUi--Aod( 5365): AodUpdateManager-->setStartShowAlarm: suspend and make a alarm to wake up. timeToStartInMillis 26359000
02-17 00:40:41.157 V/SystemSensorManagerExtImpl( 5120): unRegisterListener by b.a$a@602e06d and its name is pedometer_minute  Wakeup
02-17 00:40:41.157 I/SystemUi--Aod( 5365): AodSensorManager-->unRegisterOrientationObserver, mOrientationObserver = com.oplus.systemui.aod.sensor.AodSensorManager$OrientationObserver@d6e52c1
02-17 00:40:41.157 I/SystemUi--Aod( 5365): AodUpdateReceiver-->removeListener:com.oplus.systemui.aod.AodRecord$AodRecordUpdateReceiver@e075954
02-17 00:40:41.157 I/SystemUi--Aod( 5365): AodRecord-->needUpdateClock: exceed aod time range!, no need to update aodclock
02-17 00:40:41.157 I/SystemUi--Aod( 5365): CurvedDisplayManager-->checkCurvedState AodFeatureOptions.isSupportCurvedDisplay() =true,mCurvedDisplayNotificationSwitch=1,mAodDisplayNotificationMsgSwitch=0, mAodSwitchEnable= true
02-17 00:40:41.157 I/SystemUi--Aod( 5365): AodRecord-->registerListener mCurvedDisplayManager
02-17 00:40:41.157 W/SensorService( 3389): SensorEventConnection sensor handle=1342, package = b.a disable
02-17 00:40:41.157 I/SystemUi--Aod( 5365): ThreeKeyEventManager-->setup showThreeKey: false
02-17 00:40:41.158 D/SensorService( 3389): 0xb40000788084ee00 removeFd fd=1161
02-17 00:40:41.158 D/SensorService( 3389): SensorDevice::activate: ident=0xb40000788084ee00, handle=0x0000053e, enabled=0, count=2
02-17 00:40:41.158 D/SensorService( 3389): disable index=0
02-17 00:40:41.158 D/SensorService( 3389): 	>>> actuating h/w batch 0x0000053e 200000000 0
02-17 00:40:41.158 I/SystemUi--Aod( 5365): AodUpdateManager-->setStartShowAlarm: suspend and make a alarm to wake up. timeToStartInMillis 26359000
02-17 00:40:41.158 I/AidSwitchManager( 9518): getCurrentAid, mCurrentAid = A0000003964D344D1061707056434D01
02-17 00:40:41.158 I/SystemUi--Aod( 5365): AodSensorManager-->unRegisterOrientationObserver, mOrientationObserver = com.oplus.systemui.aod.sensor.AodSensorManager$OrientationObserver@d6e52c1
02-17 00:40:41.158 I/SystemUi--Aod( 5365): AodUpdateReceiver-->removeListener:com.oplus.systemui.aod.AodRecord$AodRecordUpdateReceiver@e075954
02-17 00:40:41.158 I/SystemUi--Aod( 5365): AodRecord-->needUpdateClock: exceed aod time range!, no need to update aodclock
02-17 00:40:41.158 I/SystemUi--Aod( 5365): AodRecord-->updateRootBgColor set background aod_clock_black, withAlpha:false
02-17 00:40:41.158 I/SystemUi--Aod( 5365): AodClockLayout-->startShowAod
02-17 00:40:41.158 I/SystemUi--Aod( 5365): AodUpdateReceiver-->removeListener:com.oplus.systemui.aod.AodRecord$AodRecordUpdateReceiver@e075954
02-17 00:40:41.158 I/SystemUi--Aod( 5365): AodUpdateReceiver-->addListener:com.oplus.systemui.aod.AodRecord$AodRecordUpdateReceiver@e075954
02-17 00:40:41.158 I/SystemUi--Aod( 5365): AodUpdateManager-->setStartShowAlarm: suspend and make a alarm to wake up. timeToStartInMillis 26359000
02-17 00:40:41.158 I/RealTimeSwitchCardManager( 9518): smart switch card 3.0, getSmartSwitchCardEnabled() == false
02-17 00:40:41.158 I/SystemUi--Aod( 5365): AodSensorManager-->unRegisterOrientationObserver, mOrientationObserver = com.oplus.systemui.aod.sensor.AodSensorManager$OrientationObserver@d6e52c1
02-17 00:40:41.158 I/SystemUi--Aod( 5365): AodUpdateReceiver-->removeListener:com.oplus.systemui.aod.AodRecord$AodRecordUpdateReceiver@e075954
02-17 00:40:41.158 I/SystemUi--Aod( 5365): AodRecord-->needUpdateClock: exceed aod time range!, no need to update aodclock
02-17 00:40:41.158 I/SystemUi--Aod( 5365): AodClockLayout-->startShowAod: return because not need to update
02-17 00:40:41.159 I/sensors-hal( 1904): batch:163, qti.sensor.pedometer_minute/1342, period=200000000, max_latency=0
02-17 00:40:41.159 V/DreamService[DozeService]( 5365): UpdateDoze mDozeScreenState=3 mDozeScreenBrightness=-1 mDozeScreenBrightnessFloat=NaN
02-17 00:40:41.159 I/sensors-hal( 1904): send_sensor_config_request:570, dt=pedometer_minute: convert sample_period=200000000 to batch_period=200000
02-17 00:40:41.159 I/sensors-hal( 1904): send_sync_sensor_request:443, send sync request
02-17 00:40:41.159 I/sensors-hal( 1904): send_sync_sensor_request:472, wait for notification of response
02-17 00:40:41.159 D/Email-PopImapSyncService(29247): onPerformSync: isManual = false.
02-17 00:40:41.159 D/DreamManagerService( 3389): Dream requested to start dozing: android.os.Binder@72ac566, screenState=DOZE, reason=UNKNOWN, screenBrightnessFloat=NaN, screenBrightnessInt=-1, useNormalBrightnessForDoze=false
02-17 00:40:41.159 D/OplusFeatureAOD( 3389): key:3389 tmp:3
02-17 00:40:41.159 D/DisplayPowerController[display=0]( 3389): requestPowerState: policy=DOZE, useProximitySensor=false, screenBrightnessOverride=-1.0, useAutoBrightness=false, screenAutoBrightnessAdjustmentOverride=NaN, screenLowPowerBrightnessFactor=1.0, blockScreenOn=false, lowPowerMode=false, boostScreenBrightness=false, dozeScreenBrightness=NaN, dozeScreenState=DOZE, dozeScreenStateReason=UNKNOWN, useNormalBrightnessForDoze=false, waitForNegativeProximity=false displayReady=false pendingRequest=true
02-17 00:40:41.159 D/DisplayManagerServiceExtImpl( 3389): request size(2,2),dpc=com.android.server.display.DisplayPowerController@55d2f88 size(0,2),flags=0X208F,id(0,0,local:4630946602912453524),enable=true,ready=false,waitForNegativeProximity=false policy=DOZE,useProximitySensor=false,dozeState=DOZE,screenBrightnessOverride=-1.000000,useAuto=false,lowPower=false,lowPowerFactor=1.000000
02-17 00:40:41.159 D/DisplayPowerController[display=2]( 3389): requestPowerState: policy=DOZE, useProximitySensor=false, screenBrightnessOverride=-1.0, useAutoBrightness=false, screenAutoBrightnessAdjustmentOverride=NaN, screenLowPowerBrightnessFactor=1.0, blockScreenOn=false, lowPowerMode=false, boostScreenBrightness=false, dozeScreenBrightness=NaN, dozeScreenState=DOZE, dozeScreenStateReason=UNKNOWN, useNormalBrightnessForDoze=false, waitForNegativeProximity=false displayReady=false pendingRequest=true
02-17 00:40:41.159 D/DisplayManagerServiceExtImpl( 3389): request size(2,2),dpc=com.android.server.display.DisplayPowerController@4c184b8 size(1,2),flags=0X200F,id(0,2,local:4630946929504945811),enable=false,ready=false,waitForNegativeProximity=false policy=DOZE,useProximitySensor=false,dozeState=DOZE,screenBrightnessOverride=-1.000000,useAuto=false,lowPower=false,lowPowerFactor=1.000000
02-17 00:40:41.159 D/NotificationService--OplusBreathLights( 3389):  updateLightsStateLocked 
02-17 00:40:41.159 D/NotificationService--OplusBreathLights( 3389):  scheduleLightsOffTimeoutLocked 
02-17 00:40:41.160 D/Email-EmailProvider(29247): query from -->content://com.android.email.provider/account
02-17 00:40:41.160 D/Email-EmailProvider(29247): Try to get database.
02-17 00:40:41.160 D/Email-EmailProvider(29247): Now , We have the chance to get database.
02-17 00:40:41.160 D/Email-EmailProvider(29247): Just return the cached database.
02-17 00:40:41.160 V/OplusLocationBlacklistUtil( 3389): block status: android = false
02-17 00:40:41.160 D/SyncManagerExtImpl( 3389): isSyncValid: 
02-17 00:40:41.160 I/SystemUi--Notification( 5365): NotificationKeyguardHel-->checkForZenModeNotShow  currentUser: 0 isZenModeStatusOn:true shouldSuppressNotificationList:true isZenModeKeyguardShowStatusOff:false
02-17 00:40:41.160 I/SystemUi--Notification( 5365): NotificationKeyguardHel-->checkForZenModeNotShow  currentUser: 0 isZenModeStatusOn:true shouldSuppressNotificationList:true isZenModeKeyguardShowStatusOff:false
02-17 00:40:41.160 I/SystemUi--Notification( 5365): NotificationKeyguardHel-->checkForZenModeNotShow  currentUser: 0 isZenModeStatusOn:true shouldSuppressNotificationList:true isZenModeKeyguardShowStatusOff:false
02-17 00:40:41.160 I/SystemUi--Notification( 5365): NotificationKeyguardHel-->checkForZenModeNotShow  currentUser: 0 isZenModeStatusOn:true shouldSuppressNotificationList:true isZenModeKeyguardShowStatusOff:false
02-17 00:40:41.160 I/SystemUi--Notification( 5365): NotificationKeyguardHel-->checkForZenModeNotShow  currentUser: 0 isZenModeStatusOn:true shouldSuppressNotificationList:true isZenModeKeyguardShowStatusOff:false
02-17 00:40:41.160 I/SystemUi--Notification( 5365): NotificationKeyguardHel-->checkForZenModeNotShow  currentUser: 0 isZenModeStatusOn:true shouldSuppressNotificationList:true isZenModeKeyguardShowStatusOff:false
02-17 00:40:41.160 E/LockScreenNotificationDispatcherImp( 5365): updateNotificationListOnKg size:1
02-17 00:40:41.160 D/OplusFeatureColorMode( 3389): +updateUserDreaming
02-17 00:40:41.160 D/OplusDisplayBrightnessBroadcastReceiver( 3389): onReceive action = android.intent.action.SCREEN_OFF , listeners = [com.android.server.display.color.OplusFeatureColorMode$UserSwitchedReceiver@b5c4483]
02-17 00:40:41.161 I/AEC.PlaybackManager( 7821): Received action: android.intent.action.SCREEN_OFF
02-17 00:40:41.161 I/Wearable.weather_15392_15392(15392): onStartJob mIsOnce:true
02-17 00:40:41.161 D/vendor.oplus.hardware.stability.oplus_project-V1-service( 2120): write 26 bytes
02-17 00:40:41.161 D/vendor.oplus.hardware.stability.oplus_project-V1-service( 2120): write_theia_proc path:/proc/theiaPwkReport ,theia_date:LIGHT_setScreenState_3_OFF
02-17 00:40:41.161 D/OplusDisplayState( 3389): setScreenState = 3 isPrimary = false
02-17 00:40:41.161 D/DisplayPowerState[display=0]( 3389): setScreenState changed:OFF->DOZE
02-17 00:40:41.161 D/DisplayPowerState[display=0]( 3389): setColorFadeLevel: level=1.0
02-17 00:40:41.161 I/SystemUi--Notification( 5365): OplusNotificationTempla-->resolveContentMargin: marginTop=36 isChildInGroup=true hasSubtitle=false params.topMargin=36
02-17 00:40:41.161 D/BLASTBufferQueue( 3389): [ColorFade#163](f:0,a:1) destructor()
02-17 00:40:41.161 D/BufferQueueConsumer( 3389): [ColorFade#163(BLAST Consumer)163](id:d3d00000114,api:0,p:-1,c:3389) disconnect
02-17 00:40:41.161 I/SystemUi--Notification( 5365): OplusNotificationTempla-->resolveContentMargin: marginTop=96 isChildInGroup=false hasSubtitle=true params.topMargin=36
02-17 00:40:41.161 D/AutomaticController[display=0]( 3389): Change the enable setting from false to true while dozing
02-17 00:40:41.161 D/AutomaticController[display=0]( 3389): setAutoStrategyEnabled: enable=true, mAutoStrategyEnable=false
02-17 00:40:41.161 I/DisplayBrightnessStrategySelector( 3389): Changing the DisplayBrightnessStrategy from ScreenOffBrightnessStrategy to FallbackBrightnessStrategy for display 0
02-17 00:40:41.162 D/OplusLocationAidl(12243): updateWifiScanInterval: updateWifiScanInterval()
02-17 00:40:41.162 D/QcomLocationAidlImpl(12243): updateWifiScanInterval: enter default updateWifiScanInterval()
02-17 00:40:41.162 D/OplusFeatureReduceBrightness( 3389): setAnimating : animating = true
02-17 00:40:41.162 D/vendor.oplus.hardware.location_aidl-service(12243): updateWifiScanInterval: location_oplus_updateWifiScanInterval]: updateWifiScanInterval !
02-17 00:40:41.162 D/OplusBrightnessAmbientAdapter( 3389): setAnimating: from false to true
