02-17 00:40:41.162 D/vendor.oplus.hardware.location_aidl-service(12243): checkAndLoopSuid: location_oplus_updateWifiScanInterval]: checkAndLoopSuid sOplusLocConn = 0xb4000073748a4000, sIsLoopupSuid = 0!
02-17 00:40:41.162 I/SystemUi--Notification( 5365): OplusNotificationTempla-->resolveContentMargin: marginTop=96 isChildInGroup=false hasSubtitle=true params.topMargin=36
02-17 00:40:41.162 D/StaticSDK.DecisionDao( 5365): (#query_data)engineVersion : 3000013,in version 1.1.42-beta4d1d0ce-SNAPSHOT
02-17 00:40:41.162 D/ViewRootImplExtImpl( 5365): wrapConfigInfoIntoFlags rotation=0, smallestScreenWidthDp=380, residentWS=false, scenario=0, bounds=Rect(0, 0 - 1140, 2616), relayoutAsync=true, flags=1, newFlags=1371549569, title=NotificationShade
02-17 00:40:41.162 D/DpcExtImpl[display=0]( 3389): Animating brightness: hdrBrightness target=2.0->610.8452,sdrBrightness target=2.0->610.8452,rate=3200->3200,rate type = dim->automatic,byUser=false local:4630946602912453524 , brightness from dpc = 772.0
02-17 00:40:41.162 D/OplusBiometricsDisplayHelper( 3389): isFold: true, isUnblockByFp: null
02-17 00:40:41.162 I/DisplayStateController( 3389): logicalDisplay enable=false transition=false isSecondaryDisplayEnabled=false id=local:4630946929504945811
02-17 00:40:41.162 W/VRI[NotificationShade]( 5365): updateBlastSurfaceIfNeeded, surfaceSize:Point(1140, 2616), lastSurfaceSize:Point(1140, 2616), format:-3, blastBufferQueue:android.graphics.BLASTBufferQueue@509c990
02-17 00:40:41.162 D/OplusBiometricsDisplayHelper( 3389): isFold: true, isUnblockByFp: null
02-17 00:40:41.162 D/DpcExtImpl[display=0]( 3389): add for debug Aod brightness set 610.8452
02-17 00:40:41.162 V/WindowManager( 3389): Relayout Window{49bb9fa u0 NotificationShade}: viewVisibility=0, oldvis=0, req=1140x2616 , apr = 0, vsysui=, x=0, y=0
02-17 00:40:41.163 D/OIM_OplusInputGestureMonitorUtils( 3389): mScreenReceiver action= android.intent.action.SCREEN_OFF KeyguardLockedState =true
02-17 00:40:41.163 I/STKeyLog_StrategyIgnoreSleepKey( 3389): updateTouchAvoidNode: mScreenLocked = true, mScreenOn = false
02-17 00:40:41.163 V/SystemSensorManagerExtImpl( 3389): unRegisterListener by com.android.server.oplus.input.exinputservice.globalgesture.OplusIgnoreFoldTouch$2@8c5c716
02-17 00:40:41.163 W/SensorService( 3389): SensorEventConnection sensor handle=1381, package = com.android.server.oplus.input.exinputservice.globalgesture.OplusIgnoreFoldTouch disable
02-17 00:40:41.164 W/libc    (11467): Access denied finding property "ro.odm.prev.product.name"
02-17 00:40:41.164 W/libc    (11500): Access denied finding property "persist.sys.oplus.swordfish_zlib"
02-17 00:40:41.164 D/DisplayPowerState[display=0]( 3389): Updating screen state: id=0, state=DOZE, backlight=610.8452, sdrBacklight=610.8452
02-17 00:40:41.164 D/DisplayAdapterExt( 3389): sendDisplayDeviceEventLocked event=2,now=177022446,timestamp=177022446 device:[id=local:4630946602912453524,stack=-1],isFirst=false,activeMode=6,state=DOZE,commitState=OFF,devInfo:null
02-17 00:40:41.164 D/LocalDisplayAdapter( 3389): densityDpi=520 smallWidth=343 width=1140 activeMode=DisplayMode{id=2, width=1140, height=2616, xDpi=445.47693, yDpi=455.1123, peakRefreshRate=90.0, vsyncRate=90.0, appVsyncOffsetNanos=6555557, presentationDeadlineNanos=14111110, supportedHdrTypes=[4, 1, 2, 3], group=0}
02-17 00:40:41.164 I/DisplayDeviceRepository( 3389): Display device changed state: "Built-in Screen", DOZE
02-17 00:40:41.164 D/LogicalDisplayMapper( 3389): Display device changed diff=2
02-17 00:40:41.164 D/LogicalDisplayExt( 3389): set displayInfo flag FLAG_ROTATES_WITH_CONTENT
02-17 00:40:41.165 D/DisplayManagerServiceExtImpl( 3389): scheduleTraversalLocked intraversal=false
02-17 00:40:41.165 I/SyncEngine_15392_15392(15392): syncAll isBle: true
02-17 00:40:41.165 I/OplusSurfaceFlinger( 2205): Setting power mode 1 on display 4630946602912453524, called from 3389
02-17 00:40:41.165 D/OplusSurfaceFlinger( 2205): setInternalPowerMode
02-17 00:40:41.165 D/OplusPowerSetting( 2205): OplusPowerSetting::SetPowerMode mode 1
02-17 00:40:41.165 D/OplusPowerSetting( 2205): OplusPowerSetting::blockMainThread mBlockCount = 1
02-17 00:40:41.165 D/OplusPowerSetting( 2205): OplusPowerSetting::waitPowerSettingFinish 5647
02-17 00:40:41.165 I/Wearable.weather_15392_15392(15392): syncAll all isBleDevice:true countDown:6
02-17 00:40:41.165 I/SystemUi--Notification( 5365): LockScreenNotificationDispatcherImp-->updateNotificationListOnKg resultCode: 0
02-17 00:40:41.165 I/PluginSeedling--CapsuleCard( 5365): SystemBroadcastReceiver-->onReceiveInner Broadcast, action: android.intent.action.SCREEN_OFF
02-17 00:40:41.165 I/PluginSeedling--CapsuleCard( 5365): CardRootViewModel-->onDisplayChanged: truekeyguardOccludedfalseStateEventManager.getCurrentState()START_STATE
02-17 00:40:41.166 D/ApplicationLoaders(11467): Returning zygote-cached class loader: /system/framework/org.apache.http.legacy.jar
02-17 00:40:41.166 D/ApplicationLoaders(11467): Returning zygote-cached class loader: /system_ext/framework/androidx.window.extensions.jar
02-17 00:40:41.166 D/ApplicationLoaders(11467): Returning zygote-cached class loader: /system_ext/framework/androidx.window.sidecar.jar
02-17 00:40:41.166 I/OplusObrain(11602): OplusObrainClientInvoke.nativeGetTrafficTypeInfoForNetworkType networkType 0
02-17 00:40:41.166 I/SystemUi--Aod( 5365): AODDisplayUtil-->WakeLock Acquire. ReleaseTimeout = 1771278061124, caller = 0
02-17 00:40:41.165 I/SystemUiProxy( 5771): SystemUiProxy#getRecentTasks isInGoRecentsAnim: false
02-17 00:40:41.166 I/SG::DecisionResultProvider( 9526): query call: content://com.oplus.pantanal.ums.decision/services?platformVersion=3000013 [UMS|com.oplus.pantanal.ums|2.0.38-16273c1]
02-17 00:40:41.166 I/SG::UTraceUtils( 9526): [startFromUri] [traceNode]:930005, uri:content://com.oplus.pantanal.ums.decision/services?platformVersion=3000013
02-17 00:40:41.166 I/SG::DecisionResultProvider( 9526): entrance info:[16, 4, 8]
02-17 00:40:41.166 I/SG::DecisionResultProvider( 9526): callingPackage:com.android.systemui selection:support_entry & ? = 16 or support_entry & ? = 4 or support_entry & ? = 8 or support_entry = 0
02-17 00:40:41.166 I/SG::DecisionResultProvider( 9526): Disabled filter
02-17 00:40:41.165 I/DisplayManagerServiceExtImpl( 3389): handle logical display changed logicalDisplay=id=0,stack=0,content=true,displayInfo{stack=0,type=1,id=0,uId=local:4630946602912453524,state=DOZE,pkg=null}
02-17 00:40:41.167 I/SG::DecisionResultProvider( 9526): [UMS.Seedling] query decision result, sql: SELECT * FROM system_decision_result WHERE ((support_entry & ? = 16 or support_entry & ? = 4 or support_entry & ? = 8 or support_entry = 0) and available = 1) and expireTime*60*1000+createTime>=1771278041166 ORDER BY score desc
02-17 00:40:41.167 D/ActivityTaskManager( 3389): Skipping, invisible task: Task{83e5c90 #2 type=undefined I=com.android.launcher/.Launcher}
02-17 00:40:41.167 D/DisplayManagerService( 3389): Delivering display event: displayId=0, event=BASIC_CHANGED
02-17 00:40:41.167 D/RecentTasksExtImpl( 3389): isExcludeFromRecents scenario:1 task:Task{f2038cb #30703 type=standard A=10141:com.coloros.gallery3d} embedded:true res:true
02-17 00:40:41.167 D/ActivityTaskManager( 3389): Skipping, skipShowRecentTask: Task{f2038cb #30703 type=standard A=10141:com.coloros.gallery3d}
02-17 00:40:41.167 D/OplusSplitScreenManagerService( 3389): com.android.settings unSupportsSplitScreen by blockList or ForbidActivityList
02-17 00:40:41.167 D/OplusSplitScreenManagerService( 3389): unSupportsSplitScreen by hiden package
02-17 00:40:41.167 D/Zygote  ( 1788): Forked child process 11503
02-17 00:40:41.167 D/vendor.oplus.hardware.location_aidl-service(12243): execute: Task[updateInterval] will be run!
02-17 00:40:41.167 D/vendor.oplus.hardware.location_aidl-service(12243): sendUpdateWifiScanIntervalRequest: Send update scan interval request
02-17 00:40:41.167 D/OplusSplitScreenManagerService( 3389): unSupportsSplitScreen by hiden package
02-17 00:40:41.167 D/OplusSplitScreenManagerService( 3389): com.android.settings unSupportsSplitScreen by blockList or ForbidActivityList
02-17 00:40:41.168 D/vendor.oplus.hardware.location_aidl-service(12243): waitForAck: location_oplus: Wait request[21] ack for [2] sec, pid = 12243
02-17 00:40:41.168 D/OplusSplitScreenManagerService( 3389): com.android.settings unSupportsSplitScreen by blockList or ForbidActivityList
02-17 00:40:41.168 D/vendor.oplus.hardware.wifi-aidl-service( 2097): filePath is /vendor/bin/cat
02-17 00:40:41.168 D/vendor.oplus.hardware.wifi-aidl-service( 2097): the in_command is:/vendor/bin/cat /sys/kernel/qca6390/power_stats
02-17 00:40:41.168 D/ActivityTaskManager( 3389): after skip size:45,pre-Filtered:com.saplin.nothingness # org.telegram.messenger # com.linkedin.android # com.android.contacts # com.oplus.camera # com.android.settings # org.telegram.messenger # com.coloros.gallery3d # com.saplin.dikt # com.arlosoft.macrodroid # org.mozilla.fenix # io.homeassistant.companion.android # com.microsoft.teams # com.cardsmobile.swoo # com.currency.exchange.prod2 # com.android.email # com.belkartpay.belkartpay # com.rainbowmeteo.weather.rainbow.ai # by.malankabn.app # com.hlk.hlkradartool # com.xiaomi.wearable # com.microsoft.office.onenote # app.revanced22.android.youtube # com.getpure.pure # com.google.android.youtube # com.dmacpro91.jb4_mobile # com.finshell.wallet # com.oplus.pscanvas # com.yscoco.wyboem # andes.oplus.documentsreader # com.nextcloud.client # com.android.vending # com.whatsapp # com.google.android.googlequicksearchbox # com.android.settings # moe.shizuku.privileged.api # com.oplus.ota # com.microsoft.office.outlook # ru.yandex.yandexnavi # com.cxsw.sdprinter # by.st.priormobile # com.coloros.soundrecorder # com.heytap.browser # com.sony.songpal.mdr # by.mtbank.Moby # 
02-17 00:40:41.168 I/QTI PowerHAL( 1903): Power setMode: 7 to: 1
02-17 00:40:41.168 D/DisplayManagerService( 3389): MSG_REQUEST_TRAVERSAL pendingCompleted=false
02-17 00:40:41.168 D/DisplayManagerService( 3389): Delivering display event: displayId=0, event=EVENT_DISPLAY_STATE_CHANGED
02-17 00:40:41.168 I/SystemUi--Aod( 5365): AODDisplayUtil-->WakeLock Acquire. ReleaseTimeout = 1771278061163, caller = 0
02-17 00:40:41.169 V/SystemSensorManagerExtImpl( 3389): unRegisterListener by com.android.server.display.mode.DisplayModeDirector$BrightnessObserver$LightSensorEventListener@213474c
02-17 00:40:41.169 D/AudioBoost( 2186): audioSchedBoost, pid=2186, tid=12687, enable=1, ret=0
02-17 00:40:41.169 D/AudioFlingerExtImpl( 2186): AudioFlingerExtImpl oplusSetParameters: keyvalue screen_state=off
02-17 00:40:41.169 D/DeviceHalAidl( 2186): [default] setParameters: parameters: "screen_state=off"
02-17 00:40:41.169 E/FileStrategy( 9526): java.io.IOException: Read-only file system
02-17 00:40:41.170 I/PAL: ResourceManager( 1909): setParameter: 11709: Screen State:0
02-17 00:40:41.170 I/QTI PowerHAL( 1903): Got set_interactive hint
02-17 00:40:41.170 D/DeviceHalAidl( 2186): [usb] setParameters: parameters: "screen_state=off"
02-17 00:40:41.170 D/AHAL_Module( 1909): updateScreenState: usb: 0
02-17 00:40:41.170 D/DeviceHalAidl( 2186): [r_submix] setParameters: parameters: "screen_state=off"
02-17 00:40:41.170 D/AHAL_Module( 1909): updateScreenState: r_submix: 0
02-17 00:40:41.170 D/DeviceHalAidl( 2186): [bluetooth] setParameters: parameters: "screen_state=off"
02-17 00:40:41.170 D/AHAL_Module( 1909): updateScreenState: bluetooth: 0
02-17 00:40:41.170 D/DeviceHalAidl( 2186): [binaural_record] setParameters: parameters: "screen_state=off"
02-17 00:40:41.170 D/AHAL_Module( 1909): updateScreenState: bluetooth: 0
02-17 00:40:41.170 D/DeviceHalAidl( 2186): [virtual] setParameters: parameters: "screen_state=off"
02-17 00:40:41.170 D/AHAL_Module( 1909): updateScreenState: stub: 0
02-17 00:40:41.170 D/AudioBoost( 2186): audioSchedBoost, pid=2186, tid=12687, enable=0, ret=0
02-17 00:40:41.171 I/NfcNearSensorControlPollingManager( 9518): mIsFeatureEnable = true
02-17 00:40:41.172 D/OplusPrivacyDotViewController( 5365): setPreDrawWhenOriation: true
02-17 00:40:41.172 D/OplusPrivacyDotViewController( 5365): scheduleUpdate: 
02-17 00:40:41.173 I/sensors-hal( 1904): qsh_conn_resp_cb:793, resp_value = 0 for pedometer_minute 
02-17 00:40:41.173 I/sensors-hal( 1904): send_sync_sensor_request:478, takes 14 ms to receive the response with 0
02-17 00:40:41.173 D/VRR [OPlusRefreshRateService]( 3389): handleScreenStateChange id: 0physicalId: 4630946602912453524, state: 3
02-17 00:40:41.173 I/sensors-hal( 1904): batch:185, qti.sensor.pedometer_minute/1342, period=200000000, max_latency=0 request completed
02-17 00:40:41.173 D/VRR [OPlusGameStatusManager]( 3389): screenStateChange state: 3
02-17 00:40:41.173 D/WindowManager( 3389): NFW_setClientVisible:WallpaperWindowToken{8399869 showWhenLocked=true} clientVisible:false
02-17 00:40:41.173 D/SensorService( 3389): activateHardware = 0
02-17 00:40:41.173 D/SensorService( 3389): SensorDevice::activate: ident=0xb40000794aaeea00, handle=0x00000565, enabled=0, count=5
02-17 00:40:41.173 D/SensorService( 3389): disable index=4
02-17 00:40:41.173 D/SensorService( 3389): 	>>> actuating h/w batch 0x00000565 200000000 0
02-17 00:40:41.173 I/ActivityManager( 3389): Start proc 11503:com.oplus.statistics.rom:cc/u0a109 for content provider {com.oplus.statistics.rom/com.oplus.dcc.cloudctl.CloudCtlContentProvider}
02-17 00:40:41.173 V/SystemSensorManagerExtImpl( 5365): RegisterListener lux_aod  Wakeup type:33171032 delay:200000us by com.oplus.systemui.aod.sensor.backlight.OplusAODLightController$aodLuxSensorEventListener$1@58c361e from com.android.systemui
02-17 00:40:41.174 D/SensorService( 3389): createSensorEventConnection packageName = com.oplus.systemui.aod.sensor.backlight.OplusAODLightController$aodLuxSensorEventListener$1, opPackageName = com.android.systemui, mCurrentOperatingMode = 0, requestedMode = 0
02-17 00:40:41.174 I/SyncEngine_15392_15392(15392): syncSleepModelToConnectedDevice deviceModels size: 1
02-17 00:40:41.174 I/sensors-hal( 1904): batch:163, qti.sensor.hinge_detect/1381, period=200000000, max_latency=0
02-17 00:40:41.174 I/sensors-hal( 1904): batch:185, qti.sensor.hinge_detect/1381, period=200000000, max_latency=0 request completed
02-17 00:40:41.174 D/SensorService( 3389): activateHardware = 0
02-17 00:40:41.174 D/SensorService( 3389): ~SensorEventConnection(0xb40000794aaeea00)
02-17 00:40:41.174 D/SensorService( 3389): 16 active sensors
02-17 00:40:41.174 D/SensorService( 3389): 16 active sensors
02-17 00:40:41.174 I/Wearable.weather_15392_15392(15392): syncTimeToConnectedDevices
02-17 00:40:41.174 D/SensorService( 3389): ~SensorEventConnection(0xb40000788084ee00)
02-17 00:40:41.175 D/SensorService( 3389): SensorEventConnection type = 3, client = com.android.systemui, listener = com.oplus.systemui.aod.sensor.backlight.OplusAODLightController$aodLuxSensorEventListener$1
02-17 00:40:41.175 E/OplusGestureAnimationManagerPolicy( 3389): mScreenHeight:2616 mScreenWidth:1140 mRotation:0
02-17 00:40:41.175 I/atistics.rom:cc(11503): isSwordfishLaunchAppEnabled_ 1 isSwordfishInstallAppEnabled_ 1
02-17 00:40:41.175 E/atistics.rom:cc(11503): Unknown bits set in runtime_flags: 0x40000000
02-17 00:40:41.175 I/atistics.rom:cc(11503): Using CollectorTypeCMC GC.
02-17 00:40:41.176 W/SyncManager( 3389): failed sync operation JobId=105 ***/com.android.email u0 [com.android.email.provider] PERIODIC Reason=Periodic (period=15m00s flex=36s), SyncResult: syncAlreadyInProgress: true stats []
02-17 00:40:41.176 W/IPCThreadState( 3389): Sending oneway calls to frozen process.
02-17 00:40:41.176 I/MemoryOperationUtils( 3389): add 11503 to inactive
02-17 00:40:41.175 D/CastManagerService( 5120): onDisplayChanged.
02-17 00:40:41.177 D/DisplayManagerService( 3389): performTraversalInternal pendingTraversal
02-17 00:40:41.177 D/DisplayDevice( 3389): setLayerStackLocked id=local:4630946602912453524 token=android.os.BinderProxy@e26bf64 stack=-1->0
02-17 00:40:41.177 I/DisplayDevice( 3389): [0] Layerstack set to 0 for local:4630946602912453524
02-17 00:40:41.177 D/DisplayDevice( 3389): setLayerStackLocked id=local:4630946929504945811 token=android.os.BinderProxy@69f08f6 stack=-1->-1
02-17 00:40:41.177 I/AlarmCheck( 9518): change to Screen OFF
02-17 00:40:41.177 E/atistics.rom:cc(11503): Not starting debugger since process cannot load the jdwp agent.
02-17 00:40:41.178 D/WindowManager( 3389): DeferredDisplayUpdater: partially applying DisplayInfo(1140 x 2616) immediately
02-17 00:40:41.178 D/OplusVFXScreenEffectFeature( 3389): notifySFCompatWindowStateChange entered false
02-17 00:40:41.178 D/[PREVIEW]( 2205): SF obtain preview_adapter: 0
02-17 00:40:41.178 D/[PREVIEW]( 2205): TabletPreviewAdapter::parallel world 0
02-17 00:40:41.178 I/WM-WorkerWrapper(14223): Worker result SUCCESS for Work [ id=e95eb2a5-58e3-43c4-9f4e-054e9b4f582e, tags={ com.linkedin.lieventobservability.sync.TelemetryObserveWorker, telemetry_observe_periodic_sync } ]
02-17 00:40:41.179 D/Email-Account(29247): getOrCreateHostAuthRecv->mHostAuthKeyRecv->7 mHostAuthRecv?empty->false
02-17 00:40:41.179 D/Email-EmailProvider(29247): query from -->content://com.android.email.provider/hostauth/7
02-17 00:40:41.179 D/Email-EmailProvider(29247): Try to get database.
02-17 00:40:41.179 D/Email-EmailProvider(29247): Now , We have the chance to get database.
02-17 00:40:41.179 D/Email-EmailProvider(29247): Just return the cached database.
02-17 00:40:41.180 D/OplusAlarmAdjustment( 3389): MSG_SCREEN_OFF,  adjustInterval =300000 ms, mDefaultAlignInterval=300000 ms, mScreenOffElapsed=177022456 ms
02-17 00:40:41.180 D/nativeloader(11503): Load libframework-connectivity-tiramisu-jni.so using APEX ns com_android_tethering for caller /apex/com.android.tethering/javalib/framework-connectivity-t.jar: ok
02-17 00:40:41.180 I/ActivityManager( 3389): ProcessObserver broadcast disabled
02-17 00:40:41.181 D/ActivityManager( 3389): pid 10998 com.rainbowmeteo.weather.rainbow.ai received async transactions while frozen
02-17 00:40:41.181 W/libc    (11503): Access denied finding property "persist.vendor.sys.activitylog"
02-17 00:40:41.181 I/OneTrace(11503): Mark active for pid=11503? true
02-17 00:40:41.181 D/cutils-dev(11503): otrace_set_tracing_enabled? true tag:0
02-17 00:40:41.182 I/adbd    (10261): jdwp connection from 10998
02-17 00:40:41.182 D/cutils-dev(11503): properties changed in otrace_seq_number_changed!
02-17 00:40:41.182 I/SyncEngine_15392_15392(15392): channel: true global: false
02-17 00:40:41.182 D/ActivityManager( 3389): reportOneUidFrozenStateChanged uid 10465 frozen = false
02-17 00:40:41.183 I/SyncEngine_15392_26242(15392): support sync sleep model deviceModel: true Xiaomi Smart Band 10 Ceramic Edition false
02-17 00:40:41.183 D/ActivityManager( 3389): sync unfroze 10998 com.rainbowmeteo.weather.rainbow.ai for 6
02-17 00:40:41.183 D/ActivityManager( 3389): sync unfroze 11208 com.google.android.webview:sandboxed_process0:org.chromium.content.app.SandboxedProcessService0:0 for 6
02-17 00:40:41.185 I/BreakSilentUpgradeAspec_15392_26242(15392): aroundBreakSilentUpgrade: state = UPGRADE_IDLE
02-17 00:40:41.185 D/LogKit_LogPolicyManager( 9466): screen action:android.intent.action.SCREEN_OFF
02-17 00:40:41.185 I/BreakSilentUpgradeAspec_15392_26242(15392): aroundBreakSilentUpgrade: end cost = 0
02-17 00:40:41.185 I/LogKit_LogPolicyManager( 9466): ==========checkCondition mIsAllowUploadLog:true
02-17 00:40:41.185 D/LogKit_LogPolicyManager( 9466): ==========temp:31 cpu:0 game:false screen:false charge:true
02-17 00:40:41.185 W/SensorService( 3389): SensorEventConnection sensor handle=1322, package = com.oplus.systemui.aod.sensor.backlight.OplusAODLightController$aodLuxSensorEventListener$1 enable
02-17 00:40:41.185 E/SensorService( 3389): Required app com.oplus.systemui.aod.sensor.backlight.OplusAODLightController$aodLuxSensorEventListener$1, uid 10228, pid 5365
02-17 00:40:41.186 D/SensorService( 3389): Calling batch handle==1322 flags=0rate=200000000 timeout== 0
02-17 00:40:41.186 D/SensorService( 3389): SensorDevice::batch: ident=0xb400007880707200, handle=0x0000052a, flags=0, period_ns=200000000 timeout=0
02-17 00:40:41.186 D/SensorService( 3389): 	>>> actuating h/w BATCH 0x0000052a 200000000 0
02-17 00:40:41.186 I/Device-Sync_15392_26242(15392): enqueue: call type = 17, id = 8
02-17 00:40:41.186 I/Device-Sync_15392_26242(15392): Device(2016913855)'s callback, type=101
02-17 00:40:41.186 I/sensors-hal( 1904): batch:163, qti.sensor.lux_aod/1322, period=200000000, max_latency=0
02-17 00:40:41.186 I/sensors-hal( 1904): batch:185, qti.sensor.lux_aod/1322, period=200000000, max_latency=0 request completed
02-17 00:40:41.186 D/SensorService( 3389): Calling activate on 1322
02-17 00:40:41.186 D/SensorService( 3389): SensorDevice::activate: ident=0xb400007880707200, handle=0x0000052a, enabled=1, count=1
02-17 00:40:41.186 D/SensorService( 3389): enable index=0
02-17 00:40:41.186 D/SensorService( 3389): info.numActiveClients() = 1, info.isActive = 0
02-17 00:40:41.186 D/SensorService( 3389): activateHardware = 1
02-17 00:40:41.186 D/SensorService( 3389): 	>>> actuating h/w activate handle=1322 enabled=1
02-17 00:40:41.186 I/sensors-hal( 1904): activate:116, qti.sensor.lux_aod/1322 en=1
02-17 00:40:41.186 I/MiWearCoreClient_15392_26242(15392): call() called with: type = 101, did = 2016913855, data = [B@6d2ccf, callback = com.xiaomi.fitness.device.contact.remote.ContactTaskQueue$callback$1@93d565c, timeout = 8000, service = com.xiaomi.wearable.core.server.IMiWearCoreImpl@63c42df
02-17 00:40:41.186 I/sensors-hal( 1904): acquire_qsh_interface:131, acquire_qsh_interface with sensor_id 16 , conn_type 2 
02-17 00:40:41.186 I/IMiWearCoreImpl_15392_26242(15392): call() called with: type = 101, did = 2016913855, data = [B@6d2ccf, needResponse = false, callback = com.xiaomi.fitness.device.contact.remote.ContactTaskQueue$callback$1@93d565c, timeout = 8000
02-17 00:40:41.186 V/BinderSender(10315): Uid 99103 starts
02-17 00:40:41.187 V/BinderSender(10315): Uid 10465 starts
02-17 00:40:41.187 I/OfflineMap_15392_15392(15392): vivoValue: false ; oppoValue: false ; honorValue: false
02-17 00:40:41.188 I/SyncEngine_15392_15392(15392): no calendar Cloud service switch
02-17 00:40:41.188 I/Wearable.weather_15392_15392(15392): syncWeatherToConnectedDevices start force:false
02-17 00:40:41.188 I/Wearable.weather_15392_15392(15392): getNeedSyncDevices isSyncWeather:true
02-17 00:40:41.188 I/sensors-hal( 1904): qsh_qmi:41, qsh_qmi
02-17 00:40:41.188 I/sensors-hal( 1904): send_sensor_config_request:570, dt=lux_aod: convert sample_period=200000000 to batch_period=200000
02-17 00:40:41.188 I/sensors-hal( 1904): send_sync_sensor_request:443, send sync request
02-17 00:40:41.188 I/sensors-hal( 1904): send_sync_sensor_request:472, wait for notification of response
02-17 00:40:41.189 I/Wearable.weather_15392_15392(15392): isNeedSyncWeather: true isRequestByDevice:false
02-17 00:40:41.190 I/TaskQueueV2_15392_16343(15392): enqueue: type:3, seqNumber:0
02-17 00:40:41.190 D/DeviceStatisticsService( 5487): onReceive: action= android.intent.action.SCREEN_OFF
02-17 00:40:41.190 D/DeviceStatisticsService( 5487): Send device is not interactive
02-17 00:40:41.190 I/TaskQueueV2_15392_16343(15392): runNext() called thread: Spp Dispatcher
02-17 00:40:41.190 D/DeviceInfoAidlClient( 5487): getDeviceInfoSupportStatus()=1
02-17 00:40:41.190 D/DeviceInfoAidlClient( 5487): isRadioOn()=true
02-17 00:40:41.190 I/DeviceInfoAidlClient( 5487): deviceState=1
02-17 00:40:41.190 I/TaskQueueV2_15392_16343(15392): change tx status to TX_STATE_BUSY
02-17 00:40:41.190 I/TaskQueueV2_15392_16343(15392): window [packet type: 3, seq: 161], window size: 1, retransmission: false
02-17 00:40:41.190 I/TaskQueueV2_15392_16343(15392): -------------> SEND: DATA base: 161, nextseq: 162, size: 6, seq: 161, frx: 0
02-17 00:40:41.190 I/TaskQueueV2_15392_16343(15392): onCallback() called with: packetId = 7204, code = SEND_START, channel = TRANSPORT_CHANNEL_PB
02-17 00:40:41.190 D/Quality-ScreenOnOffLogProcessor(11602): screenStateChanged: state: DISPLAY_STATE_DOZE
02-17 00:40:41.190 I/TaskQueueV2_15392_16343(15392): sendPacket() called with: packet = L1Packet (header: Header (type: DATA, seqNumber: 161, dataLength: 6, frx: 0, crc: 25286))}, crc = 25286, mtu = 16394
02-17 00:40:41.190 I/bt_btif_sock_rfcomm( 5805): [btif_sock_rfc.cc:1242]  btsock_rfc_signaled: find_rfc_slot_by_id
02-17 00:40:41.190 D/bt_bta_dm( 5805): [bta_dm_act.cc:1090] bta_dm_rm_cback: BTA Role management callback count:2 status:BTA_SYS_CONN_BUSY peer:xx:xx:xx:xx:b7:af
02-17 00:40:41.191 I/TaskQueueV2_15392_16343(15392): onSendComplete() called with: packet: L1Packet (header: Header (type: DATA, seqNumber: 161, dataLength: 6, frx: 0, crc: 25286)), thread: Spp Dispatcher
02-17 00:40:41.191 I/TaskQueueV2_15392_16343(15392): sendTimerStart: sendItem 161
02-17 00:40:41.191 D/bt_device_interop( 5805): [interop_oplus.cc:614] interop_oplus_match_addr: OplusGapNotDoSniffSubrating, check xx:xx:xx:xx:b7:af return false
02-17 00:40:41.191 I/TaskQueueV2_15392_16343(15392): onCallback() called with: packetId = 7204, code = SEND_SUCCESS, channel = TRANSPORT_CHANNEL_PB
02-17 00:40:41.191 I/TaskQueueV2_15392_16343(15392): change tx status to TX_STATE_IDLE
02-17 00:40:41.191 D/bt_device_interop( 5805): [interop_oplus.cc:626]  interop_oplus_match_name_impl:[OplusGapNotDoSniffSubrating] check ****mi Smart Band 10 B7AF return 0
02-17 00:40:41.191 I/TaskQueueV2_15392_16343(15392): runNext() called thread: Spp Dispatcher
02-17 00:40:41.191 D/bt_device_interop( 5805): [interop_oplus.cc:797] interop_oplus_match_ver: [OplusGapNotDoSniffSubrating] check xx:xx:xx:xx:b7:af return false
02-17 00:40:41.191 I/TaskQueueV2_15392_16343(15392): change tx status to TX_STATE_BUSY
02-17 00:40:41.191 I/TaskQueueV2_15392_16343(15392): change tx status to TX_STATE_IDLE
02-17 00:40:41.191 D/bt_device_interop( 5805): [interop_oplus.cc:639] interop_oplus_match_both_name_and_addr_impl: [OplusGapNotDoSniffSubrating] check ****mi Smart Band 10 B7AF-xx:xx:xx:xx:b7:af return false
02-17 00:40:41.191 D/bt_device_interop( 5805): [interop_oplus.cc:664] interop_oplus_match_both_name_addr_and_ver_impl: [OplusGapNotDoSniffSubrating] check ****mi Smart Band 10 B7AF-xx:xx:xx:xx:b7:af-0x0D:0x02B0:0x0315 return false
02-17 00:40:41.191 I/bt_btm_pm( 5805): [btm_pm.cc:301] BTM_SetPowerMode: Setting power mode for peer:xx:xx:xx:xx:b7:af current_mode:immediate:sniff[2] new_mode:forced:active[0]
02-17 00:40:41.191 I/bt_btm_pm( 5805): [btm_pm.cc:600] btm_pm_snd_md_req: Switching from immediate:sniff[0x02] to immediate:active[0x00]
02-17 00:40:41.191 I/sensors-hal( 1904): qsh_conn_resp_cb:793, resp_value = 0 for lux_aod 
02-17 00:40:41.191 D/bt_shim_hci( 5805): [hci_layer.cc:235] transmit_command: Sending command EXIT_SNIFF_MODE(0x0804)
02-17 00:40:41.191 D/bt_btm_pm( 5805): [btm_pm.cc:653]  btm_cb.is_wait_pm_cmd_state_ack: 1
02-17 00:40:41.191 D/bluetooth( 5805): [bta_dm_pm.cc:1078] bta_dm_pm_active: Active power mode started for remote:xx:xx:xx:xx:b7:af
02-17 00:40:41.191 I/statsd  ( 1787): An anomaly (102950000001) (100002)0x10000->1[I] (100002)0x20000->3[I]  has occurred! Informing subscribers.
02-17 00:40:41.191 D/vendor.qti.bluetooth@1.0-ibs_handler( 1894): SerialClockVote: vote for UART CLK ON
02-17 00:40:41.191 D/bt_bta_dm( 5805): [bta_dm_act.cc:1090] bta_dm_rm_cback: BTA Role management callback count:2 status:BTA_SYS_CONN_IDLE peer:xx:xx:xx:xx:b7:af
02-17 00:40:41.191 D/bt_device_interop( 5805): [interop_oplus.cc:614] interop_oplus_match_addr: OplusGapNotDoSniffSubrating, check xx:xx:xx:xx:b7:af return false
02-17 00:40:41.191 D/bt_device_interop( 5805): [interop_oplus.cc:626]  interop_oplus_match_name_impl:[OplusGapNotDoSniffSubrating] check ****mi Smart Band 10 B7AF return 0
02-17 00:40:41.191 D/bt_device_interop( 5805): [interop_oplus.cc:797] interop_oplus_match_ver: [OplusGapNotDoSniffSubrating] check xx:xx:xx:xx:b7:af return false
02-17 00:40:41.191 D/bt_device_interop( 5805): [interop_oplus.cc:639] interop_oplus_match_both_name_and_addr_impl: [OplusGapNotDoSniffSubrating] check ****mi Smart Band 10 B7AF-xx:xx:xx:xx:b7:af return false
02-17 00:40:41.191 D/bt_device_interop( 5805): [interop_oplus.cc:664] interop_oplus_match_both_name_addr_and_ver_impl: [OplusGapNotDoSniffSubrating] check ****mi Smart Band 10 B7AF-xx:xx:xx:xx:b7:af-0x0D:0x02B0:0x0315 return false
02-17 00:40:41.191 D/bt_btif_sock_rfcomm( 5805): [btif_sock_rfc.cc:917]  rfcomm_cback: event= 33, rfcomm_slot_id= 11
02-17 00:40:41.191 I/SG::DecisionResultProvider( 9526): close entrance:0
02-17 00:40:41.191 I/SG::DecisionResultProvider( 9526): [UMS.Seedling] query decision result, sql: SELECT * FROM decision_result WHERE ((support_entry & ? = 16 or support_entry & ? = 4 or support_entry & ? = 8 or support_entry = 0) and available = 1) and expireTime*60*1000+timestamp>=1771278041166
02-17 00:40:41.191 I/sensors-hal( 1904): send_sync_sensor_request:478, takes 2 ms to receive the response with 0
02-17 00:40:41.191 I/sensors-hal( 1904): activate:135, qti.sensor.lux_aod/1322 en=1 completed
02-17 00:40:41.191 D/SensorService( 3389): 0xb400007880707200 addFd fd=1090
02-17 00:40:41.191 D/vendor.qti.bluetooth@1.0-wake_lock( 1894): Acquire wakelock is acquired 
02-17 00:40:41.191 I/vendor.qti.bluetooth@1.0-ibs_handler( 1894): DeviceWakeUp: Writing IBS_WAKE_IND
02-17 00:40:41.192 I/OplusObrain(11602): OplusObrainClientInvoke.nativeGetSpeakerPower
02-17 00:40:41.192 W/IPCThreadState( 2538): Sending oneway calls to frozen process.
02-17 00:40:41.192 I/SG::DecisionResultProvider( 9526): merge start, list size:0 systlist size:0
02-17 00:40:41.192 D/midasd  ( 7874): PowerFactors is null 
02-17 00:40:41.192 I/CameraMidasService( 2069): getExplorerInfo The size of ExplorerInfo is 240 ,The size of ExplorerInfo is 0, The memory size of ExplorerInfo is 0
02-17 00:40:41.192 D/midasd  ( 7874): getExplorerInfo is null 
02-17 00:40:41.192 D/DeviceHalAidl( 2186): [default] getParameters: keys: "PAPowerMonitorResult"
02-17 00:40:41.193 D/AHAL_ModulePrimary_QTI( 1909): getVendorParameters: id count: 1
02-17 00:40:41.193 I/gsl     ( 1909): gsl_send_spf_cmd:223 sending pkt opcode 0x1001007 token 0x06169000
02-17 00:40:41.193 E/android.hardware.power.stats-impl.oplus( 2024): HandleFactory::read open charger_input_current_now(/proc/charger/input_current_now) failed! fd: -1 errno: 2
02-17 00:40:41.193 W/android.hardware.power.stats-impl.oplus( 2024): PruneException: Unknown binder exception (2) pruned into EX_TRANSACTION_FAILED
02-17 00:40:41.194 I/gsl     ( 1909): gsl_send_spf_cmd:274 rcvd pkt token : 0x6169000
02-17 00:40:41.194 I/PAL_OplusSpeakerPowerMonitor( 1909): getResult: 265: mSpkCount:2, lkw:(0.057589) rkw:(0.083412) tkw:(0.000000) fkw:(0.000000) delta time(0) total(3955.506348)
02-17 00:40:41.194 I/PAL_OplusSpeakerPowerMonitor( 1909): getParameters: 385: get PAPowerMonitor total(3955.506348)
02-17 00:40:41.194 D/AHAL_ModulePrimary_OPLUS( 1909): getParameters: key: PAPowerMonitorResult
02-17 00:40:41.194 D/DeviceHalAidl( 2186): [usb] getParameters: keys: "PAPowerMonitorResult"
02-17 00:40:41.194 E/ConversionHelperAidl( 2186): Function: parseAndGetVendorParameters Line: 51 Failed 
02-17 00:40:41.194 D/DeviceHalAidl( 2186): [r_submix] getParameters: keys: "PAPowerMonitorResult"
02-17 00:40:41.194 E/ConversionHelperAidl( 2186): Function: parseAndGetVendorParameters Line: 51 Failed 
02-17 00:40:41.194 D/DeviceHalAidl( 2186): [bluetooth] getParameters: keys: "PAPowerMonitorResult"
02-17 00:40:41.194 E/ConversionHelperAidl( 2186): Function: parseAndGetVendorParameters Line: 51 Failed 
02-17 00:40:41.194 D/DeviceHalAidl( 2186): [binaural_record] getParameters: keys: "PAPowerMonitorResult"
02-17 00:40:41.194 E/ConversionHelperAidl( 2186): Function: parseAndGetVendorParameters Line: 51 Failed 
02-17 00:40:41.194 D/DeviceHalAidl( 2186): [virtual] getParameters: keys: "PAPowerMonitorResult"
02-17 00:40:41.194 E/ConversionHelperAidl( 2186): Function: parseAndGetVendorParameters Line: 51 Failed 
02-17 00:40:41.192 I/SystemUi--Aod( 5365): OplusAODLightController-->registerLuxAodSensorImpl, register:true, rate:3, sensor:{Sensor name="lux_aod  Wakeup", vendor="oplus", version=1, type=33171032, maxRange=1.0, resolution=0.01, power=0.001, minDelay=0}
02-17 00:40:41.194 I/OplusObrain(11602): OplusObrainClientInvoke.nativeGetAudioPackageList
02-17 00:40:41.194 W/SystemUi--Keyguard( 5365): KeyguardVFXController-->SmoothTransition, enable SOA VFX when time open and not in duration
02-17 00:40:41.194 W/libc    (11505): Access denied finding property "persist.sys.oplus.swordfish_zlib"
02-17 00:40:41.194 I/SystemUi--Keyguard( 5365): KeyguardVFXController-->startVFX showVFX: false withAnim: false STATE_ANIM_SHOW
02-17 00:40:41.195 D/nativeloader(11467): Configuring clns-shared-9 for other apk /apex/com.android.permission/priv-app/PermissionController@BP2A.250605.015/PermissionController.apk. target_sdk_version=36, uses_libraries=, library_path=/apex/com.android.permission/priv-app/PermissionController@BP2A.250605.015/lib/arm64:/system/lib64:/system_ext/lib64, permitted_path=/data:/mnt/expand:/data/user_de/999/com.android.permissioncontroller:/apex/com.android.permission/priv-app/PermissionController@BP2A.250605.015:/system/lib64:/system_ext/lib64
02-17 00:40:41.195 I/SystemUi--Keyguard( 5365): KeyguardVFXController-->SOA STATE_ANIM_SHOW_INTERRUPT
02-17 00:40:41.195 I/SystemUi--Keyguard( 5365): KeyguardThreadUtil-->setKgdAnimUADState type=1 enable=false lastState=1
02-17 00:40:41.195 I/SystemUi--Keyguard( 5365): KeyguardThreadUtil-->setKgdAnimUADState done UADEnable=false finishState=0
02-17 00:40:41.196 W/midasd  ( 7874): handleFactory read failed.
02-17 00:40:41.196 D/nativeloader(11467): InitApexLibraries:
02-17 00:40:41.196 D/nativeloader(11467):   com_android_adservices: libhpke_jni.so:libtflite_support_classifiers_native.so
02-17 00:40:41.196 D/nativeloader(11467):   com_android_appsearch: libicing.so
02-17 00:40:41.196 D/nativeloader(11467):   com_android_art: libartservice.so
02-17 00:40:41.196 D/nativeloader(11467):   com_android_conscrypt: libjavacrypto.so
02-17 00:40:41.196 D/nativeloader(11467):   com_android_extservices: libtflite_support_classifiers_native.so
02-17 00:40:41.196 D/nativeloader(11467):   com_android_mediaprovider: libpdfclient.so
02-17 00:40:41.196 D/nativeloader(11467):   com_android_ondevicepersonalization: libfcp_cpp_dep_jni.so:libfcp_hpke_jni.so
02-17 00:40:41.196 D/nativeloader(11467):   com_android_os_statsd: libstats_jni.so
02-17 00:40:41.196 D/nativeloader(11467):   com_android_tethering: libframework-connectivity-jni.so:libframework-connectivity-tiramisu-jni.so:libmainlinecronet.133.0.6876.3.so:stable_cronet_libcrypto.so:stable_cronet_libssl.so:libandroid_net_connectivity_com_android_net_module_util_jni.so:libservice-connectivity.so:libservice-thread-jni.so
02-17 00:40:41.196 D/nativeloader(11467):   com_android_uwb: libuwb_uci_jni_rust.so
02-17 00:40:41.196 D/nativeloader(11467):   com_android_virt: libvirtualizationservice_jni.so:libvirtualmachine_jni.so
02-17 00:40:41.196 D/nativeloader(11467):   com_android_wifi: libservice-wifi-jni.so
02-17 00:40:41.196 D/vendor.oplus.hardware.wifi-aidl-service( 2097): filePath is /vendor/bin/cat
02-17 00:40:41.197 I/SG::DecisionResultProvider( 9526): merge sortableList size:0 nosortableList size:0 systemResult size:0
02-17 00:40:41.197 I/SystemUi--Aod( 5365): AodUpdateManager-->setStartShowAlarm: suspend and make a alarm to wake up. timeToStartInMillis 26359000
02-17 00:40:41.198 I/SG::DecisionResultProvider( 9526): [Persistent] persistentContainerFilter result: []
02-17 00:40:41.198 I/SG::AccessControlObserver( 9526): getHiddenPackages, queried=true
02-17 00:40:41.198 W/SG::AccessControlObserver( 9526): package:[com.google.android.googlequicksearchbox, com.opera.browser, com.wireguard.android, org.telegram.messenger] is hide
02-17 00:40:41.198 I/SG::DecisionResultProvider( 9526): [Persistent] filterResult: []
02-17 00:40:41.198 I/SG::MetisUpdateDataVersionUtil( 9526): isSupportMultiInstanceMetis: true
02-17 00:40:41.198 I/SG::GsonUtil( 9526): doEntryDecision: feedbackDataList size: 0 
02-17 00:40:41.198 I/SG::GsonUtil( 9526): doEntryDecision: resultToFilter size: 0 
02-17 00:40:41.198 I/SG::DecisionResultProvider( 9526): cardConfigDecision car entry do cardConfigDecision!
02-17 00:40:41.198 I/SG::PackageMetaDataUtil( 9526): isSystemUISupportMultiInstance: true
02-17 00:40:41.198 I/SG::PackageMetaDataUtil( 9526): [isSupportMultiInstanceWithEntry] isSupportMultiInstance:true packageName:com.android.systemui
02-17 00:40:41.198 I/SG::DecisionResultProvider( 9526): start size:0, filter result:0
02-17 00:40:41.198 I/SG::UpkCheckUtil( 9526): filterInMaps,keys[],for:[]
02-17 00:40:41.198 I/SG::DecisionResultProvider( 9526): merge result, list size:0 cursor size:0
02-17 00:40:41.198 I/StaticSDK.DecisionDao( 5365): (#query_data)query , cursor count: 0,in version 1.1.42-beta4d1d0ce-SNAPSHOT
02-17 00:40:41.198 D/StaticSDK.DecisionDao( 5365): (#query_data)query finished, list size 0 [],in version 1.1.42-beta4d1d0ce-SNAPSHOT
02-17 00:40:41.199 D/ActivityManager( 3389): reportOneUidFrozenStateChanged uid 99103 frozen = false
02-17 00:40:41.199 D/vendor.oplus.hardware.wifi-aidl-service( 2097): the in_command is:/vendor/bin/cat /sys/kernel/qca6750/power_stats
02-17 00:40:41.199 I/SystemUi--Aod( 5365): AodSensorManager-->unRegisterOrientationObserver, mOrientationObserver = com.oplus.systemui.aod.sensor.AodSensorManager$OrientationObserver@d6e52c1
02-17 00:40:41.199 I/SystemUi--Aod( 5365): AodUpdateReceiver-->removeListener:com.oplus.systemui.aod.AodRecord$AodRecordUpdateReceiver@e075954
02-17 00:40:41.199 I/SystemUi--Aod( 5365): AodRecord-->needUpdateClock: exceed aod time range!, no need to update aodclock
02-17 00:40:41.199 I/SystemUi--Aod( 5365): AodRecord-->updateRootBgColor set background aod_clock_black, withAlpha:false
02-17 00:40:41.199 I/CwbService( 1946): LECENT_AI::CWB_RGB_VALUE_SEC::in_featureId=3
02-17 00:40:41.200 I/CwbClient( 3389): R/G/B:0-0-0
02-17 00:40:41.200 D/SensorFeature( 2056): name=ssc_screenshot_info ,index = 22
02-17 00:40:41.200 D/SplitScreenAppReader( 3389): SPLIT_TOUCH support check:com.oplus.statistics.rom = false
02-17 00:40:41.200 D/ActivityTaskManagerServiceExtImpl( 3389): preBindApplication record is null
02-17 00:40:41.200 D/RGBNormalizeServer( 3389): OplusRGBNormalize feature enabled ? true
02-17 00:40:41.200 D/ResourcesManagerCache( 3389): For package com.oplus.statistics.rom we got cacheList [null] appInfoExt is null ? false hasFeature ? false
02-17 00:40:41.200 D/SensorFeature( 2056): write 39 bytes:177019464747585,177022481768990,18160,0
02-17 00:40:41.201 D/NetworkService[1]( 5736): getIfIndexByNetid netId:112,ifName:tun0,ifIndex:38
02-17 00:40:41.201 I/vendor.qti.bluetooth@1.0-ibs_handler( 1894): ProcessIbsCmd: Received IBS_WAKE_ACK: 0xFC
02-17 00:40:41.201 I/vendor.qti.bluetooth@1.0-ibs_handler( 1894): ProcessIbsCmd: Signal wack_cond_
02-17 00:40:41.201 D/vendor.qti.bluetooth@1.0-ibs_handler( 1894): DeviceWakeUp: Unblocked from waiting for FC, pthread_cond_timedwait ret = 0
02-17 00:40:41.204 I/vendor.qti.bluetooth@1.0-ibs_handler( 1894): ProcessIbsCmd: Received IBS_WAKE_IND: 0xFD
02-17 00:40:41.204 I/vendor.qti.bluetooth@1.0-ibs_handler( 1894): ProcessIbsCmd: Writing IBS_WAKE_ACK
02-17 00:40:41.204 D/StaticSDK.DecisionCenter( 5365): (#query_data)isSupportChildThread true,in version 1.1.42-beta4d1d0ce-SNAPSHOT [SystemUIPlugin|com.android.systemui|2.0.26-f348910]
02-17 00:40:41.204 D/StaticSDK.DecisionCenter( 5365): (#query_data)[updateRecommendList] all list:[]
02-17 00:40:41.204 D/StaticSDK.DecisionCenter( 5365): (#query_data)[getListByEntranceType] entranceType:4, isSupportMultiInstance:true
02-17 00:40:41.204 D/StaticSDK.DecisionCenter( 5365): (#query_data)[getListByEntranceType] entranceType:4, isSupportMultiInstance:true, serviceList:[]
02-17 00:40:41.204 I/PantaCard.SysUi.MultiInstanceDecisionAdapter( 5365):  registerMultiInstanceObserverToStaticSdk, [aod,type=4,hostId=40] receive new list from staic sdk,list size = [],parentCtx=null[sdk:v1.3.80-cc7da83,seed-plugin:v16.1.72-6c1a449e,app:v16.00.12]
02-17 00:40:41.204 D/PantaCard.SysUi.MultiInstanceDecisionAdapter( 5365):  service list is null, upload error[sdk:v1.3.80-cc7da83,seed-plugin:v16.1.72-6c1a449e,app:v16.00.12]
02-17 00:40:41.204 I/PantaCard.SysUi.DecisionUtils( 5365):  filterStaticServiceList observers count = 1, entrance:[aod,type=4,hostId=40], after filter finally to entrance list size = 0, serviceIds:[], serviceIdsBeforeFilter size:0, serviceIds:[], filtered serviceIds:[][sdk:v1.3.80-cc7da83,seed-plugin:v16.1.72-6c1a449e,app:v16.00.12]
02-17 00:40:41.204 I/PantaCard.SysUi.BaseTrackEvent( 5365):  entranceType:4 pantanal_service_decision_update reportEvent infoMap : {filtered_services=[], recomd_type=3, trigger_mode=register_multi_instance, observerMapSize=1, entrance_name=aod, process_detail=2026-02-17 00:40:41:142[1310-1311]2026-02-17 00:40:41:204[1331], start_time=1771278041142, serviceIds=, package_name=com.android.systemui, entrance_type=4, callback_size=1, panta_sdk_hash=[sdk:v1.3.80-cc7da83]}[sdk:v1.3.80-cc7da83,seed-plugin:v16.1.72-6c1a449e,app:v16.00.12]
02-17 00:40:41.205 I/PluginSeedling--Origin( 5365): BaseDataManager-->entrance: [aod,type=4,hostId=40], receive sdk data, list size: 0-[]
02-17 00:40:41.205 I/PantaCard.SysUi.MultiInstanceDecisionAdapter( 5365):  notifyObserversByEntranceType done, entranceType:[aod,type=4,hostId=40],total observer count = 1, total service size = 0[sdk:v1.3.80-cc7da83,seed-plugin:v16.1.72-6c1a449e,app:v16.00.12]
02-17 00:40:41.205 W/PantaCard.SysUi.MultiInstanceDecisionAdapter( 5365):  list from static sdk is empty![sdk:v1.3.80-cc7da83,seed-plugin:v16.1.72-6c1a449e,app:v16.00.12]
02-17 00:40:41.204 D/bt_shim_hci( 5805): [hci_layer.cc:205] OnTransmitPacketStatus: Received cmd status SUCCESS(0x00) for EXIT_SNIFF_MODE(0x0804)
02-17 00:40:41.205 I/TrackUtil( 5365): submit track cache, size: 7
02-17 00:40:41.205 D/bt_btm_pm( 5805): [btm_pm.cc:729]  btm_cb.is_wait_pm_cmd_state_ack: 0
02-17 00:40:41.205 E/DPMJ    ( 5652): |SERVICE| sendScreenState state  falseand int value 0
02-17 00:40:41.208 D/PantaCard.SysUi.StatisticsTrackUtil( 5365):  uploadTechTrack success, eventId: pantanal_service_decision_update, mutableMap: {filtered_services=[], recomd_type=3, trigger_mode=register_multi_instance, observerMapSize=1, entrance_name=aod, process_detail=2026-02-17 00:40:41:142[1310-1311]2026-02-17 00:40:41:204[1331], start_time=1771278041142, serviceIds=, package_name=com.android.systemui, entrance_type=4, callback_size=1, panta_sdk_hash=[sdk:v1.3.80-cc7da83], upload_timestamp=1771278041205}[sdk:v1.3.80-cc7da83,seed-plugin:v16.1.72-6c1a449e,app:v16.00.12]
02-17 00:40:41.209 I/ssioncontroller(11467): AssetManager2(0xb400007a314be128) locale list changing from [] to [en-US]
02-17 00:40:41.209 D/SurfaceSyncGroup(11503): preCreateSurfaceSyncGroupTimerThread
02-17 00:40:41.212 I/SystemUi--Notification( 5365): NotificationPanelChildAppearAnimationManager-->[animateTo] animationEnd  isShow=false, canceled=true, android.widget.FrameLayout{6e148d I.E...... ......ID 51,48-51,48 #7f0a0ac1 app:id/qs_fake_carrier_container alpha=0.7645942 viewInfo = } 
02-17 00:40:41.212 I/SystemUi--Notification( 5365): NotificationPanelChildAppearAnimationManager-->[animateTo] isShow=true, delayIndex=0, finalResponse=0.3, android.widget.FrameLayout{6e148d I.E...... ......ID 51,48-51,48 #7f0a0ac1 app:id/qs_fake_carrier_container alpha=0.7645942 viewInfo = }
02-17 00:40:41.212 D/OplusPrivacyDotViewController( 5365): processNextViewState: 
02-17 00:40:41.212 D/OplusPrivacyDotViewController( 5365): resolveState ViewState(systemPrivacyEventIsActive=false, shadeExpanded=false, needShow=true, rtl=false, rotation=3, height=12, x=41, y=60, cornerIndex=1, designatedCorner=android.widget.FrameLayout{5113275 G.E...... ......ID 0,0-12,12 #7f0a0604 app:id/icons_container alpha=0.0 viewInfo = }, contentDescription=null, chipAnimationStart=false, preDraw=true) shouldShowDot false
02-17 00:40:41.212 W/SystemUi--Common( 5365): OplusSysUiSchedMgr-->schedForPrivacyIconShowing not showing, no need release
02-17 00:40:41.212 D/OplusPrivacyDotViewController( 5365): resolveState: skipping
02-17 00:40:41.213 D/DpcExtImpl[display=0]( 3389): add for debug Aod brightness set 610.8452
02-17 00:40:41.213 I/KeyguardDisplayManager( 5365): onDisplayChanged displayId: 0
02-17 00:40:41.213 I/SystemUi--Keyguard( 5365): KeyguardDisplayManagerExImpl-->orientationChanged=false, presentationDisplayChanged=false, lastPresentationWidth=0, lastPresentationHeight=0, lastPresentationDensity=0
02-17 00:40:41.213 I/SystemUi--Keyguard( 5365): KeyguardUtils-->is fold device sInitialDisplayDensity:520
02-17 00:40:41.214 D/OplusAppWatchdog( 5365): notifyScreenStateChanged, screenOff: true
02-17 00:40:41.214 D/OplusPrivacyDotViewController( 5365): needShow false
02-17 00:40:41.214 D/OplusPrivacyDotViewController( 5365): scheduleUpdate: 
02-17 00:40:41.214 D/Email-EmailContent(29247): restoreContentWithId->contentUri  = content://com.android.email.provider/hostauth id 7
02-17 00:40:41.214 D/Email-RSAUtils(29247): let's go to decrypt the source. 
02-17 00:40:41.214 D/Email-RSAUtils(29247): find the source in local,no need to decrypt. 
02-17 00:40:41.214 D/OplusPrivacyDotViewController( 5365): processNextViewState: 
02-17 00:40:41.214 D/OplusPrivacyDotViewController( 5365): resolveState ViewState(systemPrivacyEventIsActive=false, shadeExpanded=false, needShow=false, rtl=false, rotation=3, height=12, x=41, y=60, cornerIndex=1, designatedCorner=android.widget.FrameLayout{5113275 G.E...... ......ID 0,0-12,12 #7f0a0604 app:id/icons_container alpha=0.0 viewInfo = }, contentDescription=null, chipAnimationStart=false, preDraw=true) shouldShowDot false
02-17 00:40:41.214 W/SystemUi--Common( 5365): OplusSysUiSchedMgr-->schedForPrivacyIconShowing not showing, no need release
02-17 00:40:41.214 I/PluginSeedling--Origin( 5365): LiveAlertInteractorImpl-->EntryDataListener,onDataChanged originData:[] [] data:[]
02-17 00:40:41.214 I/PluginSeedling--Origin( 5365): LiveAlertInteractorImpl-->notifyEntryDataChanged ENTRY_AOD, result:, noe: false
02-17 00:40:41.214 I/PluginSeedling--Aod( 5365): AodViewModel-->onDataChanged, size:0
02-17 00:40:41.219 W/libc    (11527): Access denied finding property "persist.sys.oplus.swordfish_zlib"
02-17 00:40:41.221 D/SplitScreenUtils( 5365): save in user 0 sidepkg = com.microsoft.teams record is mainpkg is org.telegram.messenger  count is 1 accesstime is 1752514303712 to  xml
02-17 00:40:41.221 D/SplitScreenUtils( 5365): save in user 0 sidepkg = com.microsoft.teams record is mainpkg is org.mozilla.fenix  count is 1 accesstime is 1753384190314 to  xml
02-17 00:40:41.221 D/SplitScreenUtils( 5365): save in user 0 sidepkg = com.google.android.apps.translate record is mainpkg is com.taobao.taobao  count is 2 accesstime is 1753040599201 to  xml
02-17 00:40:41.221 D/SplitScreenUtils( 5365): save in user 0 sidepkg = com.nextcloud.client record is mainpkg is org.mozilla.fenix  count is 1 accesstime is 1760974913819 to  xml
02-17 00:40:41.221 D/SplitScreenUtils( 5365): save in user 0 sidepkg = sarangal.packagemanager record is mainpkg is com.winamp.release  count is 1 accesstime is 1752577374036 to  xml
02-17 00:40:41.221 D/SplitScreenUtils( 5365): save in user 0 sidepkg = sarangal.packagemanager record is mainpkg is com.arlosoft.macrodroid  count is 1 accesstime is 1752577317290 to  xml
02-17 00:40:41.221 D/SplitScreenUtils( 5365): save in user 0 sidepkg = sarangal.packagemanager record is mainpkg is net.pnhdroid.appsearch  count is 1 accesstime is 1752577317277 to  xml
02-17 00:40:41.221 D/SplitScreenUtils( 5365): save in user 0 sidepkg = com.numbuster.android record is mainpkg is com.android.contacts  count is 1 accesstime is 1752064533703 to  xml
02-17 00:40:41.221 D/SplitScreenUtils( 5365): save in user 0 sidepkg = com.linkedin.android record is mainpkg is com.microsoft.office.onenote  count is 1 accesstime is 1751998434950 to  xml
02-17 00:40:41.221 D/SplitScreenUtils( 5365): save in user 0 sidepkg = com.winamp.release record is mainpkg is sarangal.packagemanager  count is 1 accesstime is 1752577374036 to  xml
02-17 00:40:41.221 D/SplitScreenUtils( 5365): save in user 0 sidepkg = com.winamp.release record is mainpkg is com.arlosoft.macrodroid  count is 2 accesstime is 1752577371040 to  xml
02-17 00:40:41.221 D/SplitScreenUtils( 5365): save in user 0 sidepkg = com.coloros.gallery3d record is mainpkg is org.mozilla.fenix  count is 3 accesstime is 1758999938303 to  xml
02-17 00:40:41.221 D/SplitScreenUtils( 5365): save in user 0 sidepkg = com.coloros.gallery3d record is mainpkg is org.telegram.messenger  count is 1 accesstime is 1766147584882 to  xml
02-17 00:40:41.221 D/SplitScreenUtils( 5365): save in user 0 sidepkg = com.coloros.gallery3d record is mainpkg is by.malankabn.app  count is 2 accesstime is 1756992154112 to  xml
02-17 00:40:41.221 D/SplitScreenUtils( 5365): save in user 0 sidepkg = com.coloros.gallery3d record is mainpkg is net.pnhdroid.appsearch  count is 2 accesstime is 1766147386532 to  xml
02-17 00:40:41.221 D/SplitScreenUtils( 5365): save in user 0 sidepkg = com.coloros.gallery3d record is mainpkg is by.st.priormobile  count is 2 accesstime is 1766147584842 to  xml
02-17 00:40:41.221 D/SplitScreenUtils( 5365): save in user 0 sidepkg = com.android.intentresolver record is mainpkg is com.viber.voip  count is 2 accesstime is 1767083656290 to  xml
02-17 00:40:41.221 D/SplitScreenUtils( 5365): save in user 0 sidepkg = com.android.intentresolver record is mainpkg is by.mtbank.Moby  count is 13 accesstime is 1767083656317 to  xml
02-17 00:40:41.221 D/SplitScreenUtils( 5365): save in user 0 sidepkg = com.android.intentresolver record is mainpkg is org.telegram.messenger  count is 8 accesstime is 1765536547929 to  xml
