02-17 00:40:40.998 I/sensors-hal( 1904): batch:185, qti.sensor.ambiente_prox/1722, period=200000000, max_latency=0 request completed
02-17 00:40:40.998 D/SensorService( 3389): Calling activate on 1722
02-17 00:40:40.998 D/SensorService( 3389): SensorDevice::activate: ident=0xb400007a0c8ea200, handle=0x000006ba, enabled=1, count=1
02-17 00:40:40.998 D/SensorService( 3389): enable index=0
02-17 00:40:40.998 D/SensorService( 3389): info.numActiveClients() = 1, info.isActive = 0
02-17 00:40:40.998 D/SensorService( 3389): activateHardware = 1
02-17 00:40:40.998 D/SensorService( 3389): 	>>> actuating h/w activate handle=1722 enabled=1
02-17 00:40:40.998 I/sensors-hal( 1904): activate:116, qti.sensor.ambiente_prox/1722 en=1
02-17 00:40:40.998 I/sensors-hal( 1904): acquire_qsh_interface:131, acquire_qsh_interface with sensor_id 28 , conn_type 2 
02-17 00:40:40.999 I/sensors-hal( 1904): qsh_qmi:41, qsh_qmi
02-17 00:40:40.999 I/sensors-hal( 1904): send_sensor_config_request:570, dt=ambiente_prox: convert sample_period=0 to batch_period=0
02-17 00:40:40.999 I/sensors-hal( 1904): send_sync_sensor_request:443, send sync request
02-17 00:40:40.999 I/sensors-hal( 1904): send_sync_sensor_request:472, wait for notification of response
02-17 00:40:40.999 I/resRelease( 3389): policy type is 2
02-17 00:40:40.999 D/BiometricStatusRepositoryImpl( 5365): authenticationState updated: Started(biometricSourceType=FINGERPRINT, requestReason=DeviceEntryAuthentication)
02-17 00:40:41.000 I/[FP_HAL][BiometricsFpSessionV3]( 3035): enter to [sendFingerprintCmd], cmdId =1005
02-17 00:40:41.000 I/[FP_HAL][BiometricsFpSessionV3]( 3035): enter to [getAuthType], FINGERPRINT_CMD_ID_AUTHENTICATE_TYPE auth_type =1
02-17 00:40:41.000 I/[FP_HAL][BiometricsFingerprintAidl]( 3035): case sendFingerprintCmd, cmdid:1005, bufLength:4, size 1, _aidl_return:0
02-17 00:40:41.000 I/sensors-hal( 1904): qsh_conn_resp_cb:793, resp_value = 0 for ambiente_prox 
02-17 00:40:41.000 I/sensors-hal( 1904): send_sync_sensor_request:478, takes 1 ms to receive the response with 0
02-17 00:40:41.000 I/sensors-hal( 1904): activate:135, qti.sensor.ambiente_prox/1722 en=1 completed
02-17 00:40:41.000 D/SensorService( 3389): 0xb400007a0c8ea200 addFd fd=1159
02-17 00:40:41.000 D/TouchFpAntiMistouchMech( 5365): updateTouchFpPSensorListenerState true
02-17 00:40:41.000 I/[VFXEffect]( 2205): SurfaceControlViewHost#298 type[1.000000] id[0.000000] action[1.000000] status[1.000000] params[0.000000]
02-17 00:40:41.000 I/sensors-hal( 1904): qsh_conn_event_cb:756, event[0] msg_id=1025, ts=3398989469335, sensor_type = hinge_detect fold state Wakeup
02-17 00:40:41.000 I/sensors-hal( 1904): handle_sns_std_sensor_event:93, Oplus fold rp_times = 1133.000000, state = 1.000000, val = 510.000000, far_th = 139.000000
02-17 00:40:41.000 I/sensors-hal( 1904): handle_sns_std_sensor_event:94, Oplus fold curr angle = 0.019957, accuracy = 3.000000
02-17 00:40:41.000 D/LauncherProxyService( 5365): Notifying sysui state change to launcher service: proxy=com.android.systemui.shared.recents.ILauncherProxy$Stub$Proxy@956efb9 display=0 flags=allow_gesture|wakefulness_transition
02-17 00:40:41.000 I/sensors-hal( 1904): qsh_conn_event_cb:756, event[0] msg_id=768, ts=3398989475860, sensor_type = tcs3720 Proximity Sensor Wakeup
02-17 00:40:41.001 I/SystemUi--Aod( 5365): NotificationShadeWindowController-->setForceDozeBrightness, igmore:false
02-17 00:40:41.001 I/SystemUi--Notification( 5365): RowMenuPanelController-->dismissPopupMenu:currentPanelContainer =null, originNotificationRonull, showingNotificationRow=null, cause=going to sleep, isPopupMenuShowing=false, isNeedAnnotation=false
02-17 00:40:41.001 I/SystemUi--Notification( 5365): OplusCustomPopupMenuController-->dismissPopupMenu: going to sleep, isNeedAnnotation: false
02-17 00:40:41.001 I/SystemUi--Keyguard( 5365): KeyguardSignatureView-->hideSignature reason=onStartedGoingToSleep
02-17 00:40:41.001 I/SystemUi--Keyguard( 5365): KeyguardGlideTipView-->hideTips reason=startedGoingToSleep withAnimator=true delayType=2
02-17 00:40:41.001 I/SystemUi--Keyguard( 5365): KeyguardGlideTipView-->cancelBreathAnimation-isBreathAnimationRunning=false
02-17 00:40:41.001 I/SystemUi--Keyguard( 5365): KeyguardAffordanceTipsView-->hideTips reason=startedGoingToSleep withAnimator=true delayType=2
02-17 00:40:41.001 I/DeviceStateProviderImpl( 3389): onSensorChanged Hall value:1.0
02-17 00:40:41.001 I/DeviceStateProviderImpl( 3389): onSensorChanged Hall value:1.0
02-17 00:40:41.001 D/Biometrics/Fingerprint/OplusFingerprintSupportUtil( 3389): getSupportSensorType mSensorType:side
02-17 00:40:41.002 D/OneHandedController( 5365): setLockedDisabled locked = true, enabled = false ,FeatureEnabled = true
02-17 00:40:41.002 D/OplusUserManagerServiceEnhance( 3389): getMultiSystemUserId  res = -10000
02-17 00:40:41.002 D/OplusMultiUserManager( 3389): getMultiSystemUserIdNoCheck res: -10000
02-17 00:40:41.002 I/[FP_HAL][BiometricsFpSessionV3]( 3035): enter to [authenticate]
02-17 00:40:41.002 I/[FP_HAL][CapacitiveManager]( 3035): [sendMessageToWorkThread]mSessionID = 455
02-17 00:40:41.002 I/SystemUi--Keyguard( 5365): WakefulnessLifecycle-->notify wallpaper serviece notifyGoingToSleep
02-17 00:40:41.003 I/UserAwareMgr( 3389): handleFgAppChanged, pkgName: com.android.systemui, pid: 5365, isVisible: true, fgAppType: FG2
02-17 00:40:41.003 I/SystemUi--Notification( 5365): OplusNotificationContainerExImpl-->setMaxDisplayedNotifications: maxAllowed=1
02-17 00:40:41.003 I/UserAwareMgr( 3389): fg app status not changed, beforeVisible: true, currentVisible: true
02-17 00:40:41.005 W/OPLUS_LOG_LOAD( 1932): ==LOGS PROG INFO, prog(vendor.qti.camera.provider-service_64) ==
02-17 00:40:41.005 E/libsensorbridge( 1932): oppo_debug:ASensorEventQueue::onEvent
02-17 00:40:41.005 E/libsensorbridge( 1932): oppo_debug:ASensorEventQueue::getEvents() returned 1 events.
02-17 00:40:41.005 E/libsensorbridge( 1932): oppo_debug:ASensorEventQueue::onEvent
02-17 00:40:41.005 E/libsensorbridge( 1932): oppo_debug:ASensorEventQueue::getEvents() returned 1 events.
02-17 00:40:41.006 I/SystemUi--Volume( 5365): OplusVolumeDialogView-->mDialog.dismiss() reason: 2,from: com.oplus.systemui.volume.OplusVolumeDialogImpl.dismissH:56,mExpanded = false,mDismissing = false,mShowing = false
02-17 00:40:41.009 D/DisplayPowerState[display=0]( 3389): setColorFadeLevel: level=0.8644843
02-17 00:40:41.011 I/[VFXEffect]( 2205): SurfaceControlViewHost#298 type[1.000000] id[0.000000] action[1.000000] status[1.000000] params[0.000000]
02-17 00:40:41.012 I/[FP_HAL][FingerprintCommon]( 3035): [postIrq]start post irq, irq_event = 8
02-17 00:40:41.012 I/[FP_HAL][FingerprintCommon]( 3035): [postIrq]sem value = 1
02-17 00:40:41.012 I/[FP_HAL][UffMessageQueue]( 3035): [enqueueMessage] enqueue msg total count:1 in position:0 what:9 strwhat:FP_AUTH_ACTION when:88040748
02-17 00:40:41.013 I/[FP_HAL][FingerprintCommon]( 3035): [waitIrq] exit irq wait, ret = 0 mIrqEvent = 8.
02-17 00:40:41.013 I/[FP_HAL][FingerprintCommon]( 3035): waitIrq take time 64945 ms
02-17 00:40:41.013 I/[FP_HAL][CapacitiveCore]( 3035): runWorkSwitch: FP_IRQ_CANCEL 8
02-17 00:40:41.013 E/[FP_HAL][CapacitiveCore]( 3035): [runWorkSwitch] exit. errno=10113
02-17 00:40:41.013 E/[FP_HAL][CapacitiveCore]( 3035): [goSleep] exit. errno=10113
02-17 00:40:41.013 I/[FP_HAL][UffMessageQueue]( 3035): [dequeueMessage] dequeue head msg what:9 strwhat:FP_AUTH_ACTION when:88040748
02-17 00:40:41.013 I/[FP_HAL][FpCa]( 3035): mHmacKeyReady is ready and skip
02-17 00:40:41.013 I/[FP_HAL][IFingerprintCore]( 3035): [authenticateAsType] authtype =1.
02-17 00:40:41.013 I/[FP_HAL][CapacitiveCore]( 3035): [authenticate] authenticate gid=0. operationId = 0
02-17 00:40:41.013 I/[FP_HAL][FpCa]( 3035): ca module:2, cmd:2012 ca time:2441013 cmd_len:136 extra_len:61440 buffer_len:61576
02-17 00:40:41.014 I/sensors-hal( 1904): qsh_conn_event_cb:720, SCHED_FIFO(10) for qmi_cbk
02-17 00:40:41.014 I/sensors-hal( 1904): qsh_conn_event_cb:756, event[0] msg_id=1025, ts=3398989744993, sensor_type = ambiente_prox ambiente prox Sensor Wakeup
02-17 00:40:41.014 I/sensors-hal( 1904): handle_sns_client_event:83, ambiente_prox_event: ambiente prox distance = 5, count = 505 timestamp = 3398989744993
02-17 00:40:41.015 I/SystemUi--Keyguard( 5365): TouchFpAntiMistouchMech-->TouchFpPSensorListener.onSensorChanged 5.0
02-17 00:40:41.015 I/SystemUi--Keyguard( 5365): TouchFpAntiMistouchMech-->notifyUpdateFingerprintListeningState mDeviceApproached =false
02-17 00:40:41.015 I/SystemUi--Keyguard( 5365): BaseFpControl-->checkFpMode, keyguard will lock later
02-17 00:40:41.015 D/LockPatternUtils( 5365): isBiometricAllowedForUser allowed:true isStrongBiometric:true userId:0
02-17 00:40:41.015 D/LockPatternUtils( 5365): isBiometricAllowedForUser allowed:true isStrongBiometric:true userId:0
02-17 00:40:41.016 V/BiometricSchedulerOperation( 3389): started: {[512] com.android.server.biometrics.sensors.fingerprint.aidl.FingerprintAuthenticationClient, proto=3, owner=com.android.systemui, cookie=0, requestId=301, userId=0}, State: 2
02-17 00:40:41.019 E/SmcInvoke_MinkDescriptor( 3035): mem obj with id :16 not found in list
02-17 00:40:41.019 I/[talog] ( 3035): [I][FP_TA][fp_ta_route_cmd]ta module:2 cmd:2012 time:2441013 cmd_len:136 extra_len:61440 buffer_len:61576
02-17 00:40:41.019 I/[talog] ( 3035): [E][FP_TA][ta_do_fp_authenticate]FP_UNLOCK
02-17 00:40:41.019 I/[talog] ( 3035): [FP_VND][I][ANC_TA][VendorInterface]: fp enter : fp_auth_start
02-17 00:40:41.019 I/[talog] ( 3035): [I][FP_TA][fp_get_tee_data]id:1014 type:13
02-17 00:40:41.019 I/[talog] ( 3035): [FP_VND][I][ANC_TA][VendorInterface]: get tee data, disable study flag:0, output study flag:1
02-17 00:40:41.019 I/[talog] ( 3035): [FP_VND][I][ANC_TA][Algo]: [5]FP_TEE: ["FH"]["set_algo_mode:1758"]set algo mode: 1, 0
02-17 00:40:41.019 I/[talog] ( 3035): [FP_VND][I][ANC_TA][Algo]: set feature study flag, study!
02-17 00:40:41.019 I/[talog] ( 3035): [FP_VND][I][ANC_TA][Sensor]: SetCmd: type = 67 
02-17 00:40:41.019 I/[talog] ( 3035): [I][FP_TA][fp_get_tee_data]id:1002 type:16
02-17 00:40:41.019 I/[talog] ( 3035): [FP_VND][I][ANC_TA][VendorInterface]: get tee data, group id:0
02-17 00:40:41.019 I/[FP_HAL][FpCa]( 3035): ca module:1, cmd:2041 ca time:2441019 cmd_len:160 extra_len:61440 buffer_len:61600
02-17 00:40:41.020 D/DisplayPowerState[display=0]( 3389): setColorFadeLevel: level=0.56266654
02-17 00:40:41.022 I/[VFXEffect]( 2205): SurfaceControlViewHost#298 type[1.000000] id[0.000000] action[1.000000] status[1.000000] params[0.000000]
02-17 00:40:41.031 D/DisplayPowerState[display=0]( 3389): setColorFadeLevel: level=0.23208654
02-17 00:40:41.033 I/[FP_HAL][BiometricsFpSessionV3]( 3035): enter to [sendFingerprintCmd], cmdId =1014
02-17 00:40:41.033 I/[FP_HAL][BiometricsFpSessionV3]( 3035): enter to [setSidePressMode], setSidePressMode =0
02-17 00:40:41.033 I/[FP_HAL][BiometricsFingerprintAidl]( 3035): case sendFingerprintCmd, cmdid:1014, bufLength:1, size 1, _aidl_return:0
02-17 00:40:41.033 I/[VFXEffect]( 2205): SurfaceControlViewHost#298 type[1.000000] id[0.000000] action[1.000000] status[1.000000] params[0.000000]
02-17 00:40:41.042 D/DisplayPowerState[display=0]( 3389): setColorFadeLevel: level=0.035111785
02-17 00:40:41.044 I/sensors-hal( 1904): qsh_conn_event_cb:756, event[0] msg_id=769, ts=3398989743518, sensor_type = tcs3720 Proximity Sensor Wakeup
02-17 00:40:41.044 I/sensors-hal( 1904): handle_sns_client_event:104, prox_event: ts=177022296287695, raw_adc=58, near_far=0, distance=5.000000, timestamp = 3398989743518
02-17 00:40:41.044 I/sensors-hal( 1904): handle_fold_fusion_light_event:278, fusion_light: lux 0.0, cct 5300.0, brl/algo/fold/ir 8.0/2.0/1.0/0.0, pwm/dc 0.0/0.0, rgbc 34.713848/24.178614/14.849230/58.576782, ts 177022186292018, cnt 41536, flag 18159
02-17 00:40:41.044 I/[VFXEffect]( 2205): SurfaceControlViewHost#298 type[1.000000] id[0.000000] action[1.000000] status[1.000000] params[0.000000]
02-17 00:40:41.045 D/SensorServiceUtils( 3389): sensorEventBufferFlagsHook send new event PROXIMITY = 5.000000
02-17 00:40:41.048 I/[talog] ( 3035): [I][FP_TA][fp_ta_route_cmd]ta module:1 cmd:2041 time:2441019 cmd_len:160 extra_len:61440 buffer_len:61600
02-17 00:40:41.048 E/SmcInvoke_MinkDescriptor( 3035): mem obj with id :16 not found in list
02-17 00:40:41.048 I/[talog] ( 3035): [I][FP_TA][ta_sensor_handle_message]FP_CMD_SENSOR_CHECK_PRESS_STATUS
02-17 00:40:41.048 I/[talog] ( 3035): [FP_VND][I][ANC_TA][VendorInterface]: fp enter : fp_ta_send_cmd
02-17 00:40:41.048 I/[talog] ( 3035): [FP_VND][I][ANC_TA][VendorInterfaceCap]: fp enter : AncCheckPressStatus
02-17 00:40:41.048 I/[talog] ( 3035): [FP_VND][I][ANC_TA][Sensor]: set power mode:10
02-17 00:40:41.048 I/[talog] ( 3035): [FP_VND][I][ANC_TA][Sensor]: GetCmd: type = 215 
02-17 00:40:41.048 I/[talog] ( 3035): [FP_VND][I][ANC_TA][Sensor]: get finger status :0 triger count:0 triger arae:0x0
02-17 00:40:41.048 I/[talog] ( 3035): [FP_VND][I][ANC_TA][Sensor]: GetCmd: type = 225 
02-17 00:40:41.048 I/[talog] ( 3035): [FP_VND][I][ANC_TA][VendorInterfaceCap]: get fdt rewrite_count:0, error_start_times:1000
02-17 00:40:41.048 I/[talog] ( 3035): [FP_VND][I][ANC_TA][VendorInterface]: fp_ta_send_cmd, cmd_id:401, ret:0
02-17 00:40:41.048 I/[FP_HAL][FpCa]( 3035): sendCommand take time 29 ms
02-17 00:40:41.048 I/[FP_HAL][CapacitiveCore]( 3035): checkPressStatus:0
02-17 00:40:41.048 I/[FP_HAL][CapacitiveCore]( 3035): setSensorMode, set 1 mode
02-17 00:40:41.048 I/[FP_HAL][FpCa]( 3035): ca module:1, cmd:2042 ca time:2441048 cmd_len:160 extra_len:61440 buffer_len:61600
02-17 00:40:41.049 I/[FP_HAL][FingerprintMessage]( 3035): [handleIrqEvent] mIrqTrigger = 0, irq_value = 1
02-17 00:40:41.049 I/[FP_HAL][FingerprintCommon]( 3035): [postIrq]start post irq, irq_event = 0
02-17 00:40:41.049 I/[FP_HAL][FingerprintCommon]( 3035): [postIrq]sem value = 1
02-17 00:40:41.053 D/DisplayPowerState[display=0]( 3389): setColorFadeLevel: level=0.0
02-17 00:40:41.053 D/DpcExtImpl[display=0]( 3389): RECORD: Animation finished when screen is off isInteractive: false
02-17 00:40:41.053 D/Biometrics_DEBUG( 3389): [onGoToSleepFinish]
02-17 00:40:41.053 E/OplusCustomizeRestrictionManagerService( 3389): isBiometricDisabled start
02-17 00:40:41.053 D/Biometrics/Fingerprint/OplusFingerprintSupportUtil( 3389): getSupportSensorType mSensorType:side
02-17 00:40:41.053 I/[FP_HAL][BiometricsFpSessionV3]( 3035): enter to [sendFingerprintCmd], cmdId =1011
02-17 00:40:41.053 I/[FP_HAL][BiometricsFpSessionV3]( 3035): enter to [setScreenState], screen_state =0
02-17 00:40:41.053 I/[FP_HAL][FingerprintCommon]( 3035): [postIrq]start post irq, irq_event = 7
02-17 00:40:41.053 I/[FP_HAL][FingerprintCommon]( 3035): [postIrq]sem value = 1
02-17 00:40:41.053 I/[FP_HAL][BiometricsFingerprintAidl]( 3035): case sendFingerprintCmd, cmdid:1011, bufLength:4, size 1, _aidl_return:0
02-17 00:40:41.055 I/[VFXEffect]( 2205): SurfaceControlViewHost#298 type[1.000000] id[0.000000] action[1.000000] status[1.000000] params[0.000000]
02-17 00:40:41.056 D/BLASTBufferQueue( 3389): [ColorFade#163](f:0,a:1) acquireNextBufferLocked size=1140x2616 mFrameNumber=1 applyTransaction=true mTimestamp=88040791123393(auto) mPendingTransactions.size=0 graphicBufferId=14555644167935 transform=0
02-17 00:40:41.056 D/DisplayPowerState[display=0]( 3389): updateRunnable run fadeLevle=0.0 state=ON brightness changed:2.0->-1.0
02-17 00:40:41.057 I/DisplayPowerController[display=0]( 3389): Blocking screen off
02-17 00:40:41.057 D/TaskSnapshotControllerExtImpl( 3389): skipSnapShotForSleeping task=Task{25c726b #30695 type=standard I=com.saplin.nothingness/.MainActivity}, durTime=78161875
02-17 00:40:41.057 D/KeyguardService( 5365): onScreenTurningOff
02-17 00:40:41.057 D/WindowManager( 3389): Create SleepToken: tag=Display-off, displayId=0
02-17 00:40:41.057 D/ActivityTaskManager( 3389): Top Process State changed to PROCESS_STATE_TOP_SLEEPING
02-17 00:40:41.057 I/SystemUi--Aod( 5365): CommonUtils-->notifyAodMode=1, sf=Surface(name=NotificationShade)/@0x51d2947#24671
02-17 00:40:41.058 I/SystemUi--Keyguard( 5365): KeyguardEngineContainer-->onScreenTurningOff mReloadOplusKeyguardLater:false
02-17 00:40:41.058 D/WindowManager( 3389):  setIsSleeping from  false to true this=Display{#0 state=ON size=1140x2616 ROTATION_0}
02-17 00:40:41.058 D/ActivityTrigger( 3389): ActivityTrigger activityPauseTrigger 
02-17 00:40:41.059 I/SystemUi--Keyguard( 5365): KeyguardPluginManager-->maybeReloadNormalKeyguard, uses default LockScreen
02-17 00:40:41.060 I/UserAwareMgr( 3389): handleScreenLockedChanged, shouldSleep: true,pids: null
02-17 00:40:41.060 I/UserAwareMgr( 3389): handleTopAppChanged: com.android.systemui, pid: 5365, uid: 10228
02-17 00:40:41.061 D/WindowManager( 3389): screenTurnedOff  Display{#0 state=ON size=1140x2616 ROTATION_0}
02-17 00:40:41.061 W/UserAwareMgr( 3389): app is already on the top: {pkgName='com.android.systemui', serviceName='', procName=com.android.systemui, pid=5365, uid=10228, appId=0, owner='systemui', flags='tp|fg2|system_app', renderTid=5863, hwuiTids=[5856, 5859], glTids=null, threadInfos={VolumeDialogControllerImpl={threadName='VolumeDialogControllerImpl', tid=6147, reporterPid=5365, currentThreadCount=1, maxThreadCount=1, extendTids=null}, ll.splashscreen={threadName='ll.splashscreen', tid=5531, reporterPid=3389, currentThreadCount=1, maxThreadCount=16, extendTids=null}, KeyguardWorkerThread={threadName='KeyguardWorkerThread', tid=5677, reporterPid=5365, currentThreadCount=1, maxThreadCount=1, extendTids=null}, OnScreenFingerprint WorkerThread={threadName='OnScreenFingerprint WorkerThread', tid=6452, reporterPid=5365, currentThreadCount=1, maxThreadCount=1, extendTids=null}, SysUiTileBg={threadName='SysUiTileBg', tid=6510, reporterPid=5365, currentThreadCount=1, maxThreadCount=1, extendTids=null}, ImageWallpaper={threadName='ImageWallpaper', tid=6491, reporterPid=5365, currentThreadCount=1, maxThreadCount=1, extendTids=null}, KgdAnimThread={threadName='KgdAnimThread', tid=5679, reporterPid=5365, currentThreadCount=1, maxThreadCount=1, extendTids=null}, GestureUI={threadName='GestureUI', tid=5917, reporterPid=5365, currentThreadCount=1, maxThreadCount=1, extendTids=null}, SysUiLng={threadName='SysUiLng', tid=6487, reporterPid=5365, currentThreadCount=1, maxThreadCount=1, extendTids=null}, SysUiQsBg={threadName='SysUiQsBg', tid=5852, reporterPid=5365, currentThreadCount=1, maxThreadCount=1, extendTids=null}, wmshell.main={threadName='wmshell.main', tid=5452, reporterPid=5365, currentThreadCount=1, maxThreadCount=1, extendTids=null}, ll.splashworker={threadName='ll.splashworker', tid=5536, reporterPid=3389, currentThreadCount=1, maxThreadCount=16, extendTids=null}, wmshell.anim={threadName='wmshell.anim', tid=5462, reporterPid=3389, currentThreadCount=1, maxThreadCount=16, extendTids=null}, OnScreenFingerprint OpticalUIUpdateThread={threadName='OnScreenFingerprint OpticalUIUpdateThread', tid=6453, reporterPid=5365, currentThreadCount=1, maxThreadCount=1, extendTids=null}}, mVideoActivityList=[], mStates=0}
02-17 00:40:41.061 W/UserAwareMgr( 3389): top app not changed: com.android.systemui, pid: 5365
02-17 00:40:41.061 D/KeyguardService( 5365): onScreenTurnedOff
02-17 00:40:41.061 D/GestureLog_OplusScreenOffGestureManager( 3389): registerSensor:
02-17 00:40:41.061 D/GestureLog_OplusScreenOffGestureManager( 3389): registerSensor sensor name = gesture_prox gesture prox Sensor Wakeup
02-17 00:40:41.061 V/SystemSensorManagerExtImpl( 3389): RegisterListener gesture_prox gesture prox Sensor Wakeup type:33171066 delay:200000us by com.android.server.policy.OplusScreenOffGestureManager$1@d2712c9 from android
02-17 00:40:41.061 D/SensorService( 3389): createSensorEventConnection packageName = com.android.server.policy.OplusScreenOffGestureManager, opPackageName = android, mCurrentOperatingMode = 0, requestedMode = 0
02-17 00:40:41.061 D/SensorService( 3389): SensorEventConnection type = 2, client = com.android.server.policy.OplusScreenOffGestureManager, listener = com.android.server.policy.OplusScreenOffGestureManager
02-17 00:40:41.061 W/SensorService( 3389): SensorEventConnection sensor handle=1662, package = com.android.server.policy.OplusScreenOffGestureManager enable
02-17 00:40:41.061 D/KeyguardViewMediator( 5365): doKeyguard: showing the lock screen
02-17 00:40:41.061 E/SensorService( 3389): Required app com.android.server.policy.OplusScreenOffGestureManager, uid 1000, pid 3389
02-17 00:40:41.061 D/KeyguardViewMediator( 5365): showKeyguard
02-17 00:40:41.061 V/SystemSensorManagerExtImpl( 3389): unRegisterListener by com.android.server.wm.WindowOrientationListener$OrientationSensorJudge@7e4c0bb
02-17 00:40:41.061 D/SensorService( 3389): Calling batch handle==1662 flags=0rate=200000000 timeout== 0
02-17 00:40:41.061 D/SensorService( 3389): SensorDevice::batch: ident=0xb400007954998a00, handle=0x0000067e, flags=0, period_ns=200000000 timeout=0
02-17 00:40:41.061 D/SensorService( 3389): 	>>> actuating h/w BATCH 0x0000067e 200000000 0
02-17 00:40:41.061 W/SensorService( 3389): SensorEventConnection sensor handle=271, package = com.android.server.wm.WindowOrientationListener disable
02-17 00:40:41.061 I/sensors-hal( 1904): batch:163, qti.sensor.gesture_prox/1662, period=200000000, max_latency=0
02-17 00:40:41.061 I/sensors-hal( 1904): batch:185, qti.sensor.gesture_prox/1662, period=200000000, max_latency=0 request completed
02-17 00:40:41.061 D/SensorService( 3389): Calling activate on 1662
02-17 00:40:41.061 D/SensorService( 3389): SensorDevice::activate: ident=0xb400007954998a00, handle=0x0000067e, enabled=1, count=1
02-17 00:40:41.061 D/SensorService( 3389): enable index=0
02-17 00:40:41.061 D/SensorService( 3389): info.numActiveClients() = 1, info.isActive = 0
02-17 00:40:41.061 D/SensorService( 3389): activateHardware = 1
02-17 00:40:41.061 D/SensorService( 3389): 	>>> actuating h/w activate handle=1662 enabled=1
02-17 00:40:41.061 I/sensors-hal( 1904): activate:116, qti.sensor.gesture_prox/1662 en=1
02-17 00:40:41.061 I/sensors-hal( 1904): acquire_qsh_interface:131, acquire_qsh_interface with sensor_id 22 , conn_type 2 
02-17 00:40:41.062 D/KeyguardViewMediator( 5365): handleShow
02-17 00:40:41.062 I/SystemUi--Keyguard( 5365): KeyguardRapidUnlockUtils-->composeKeyguard show=true, reason=handleShow
02-17 00:40:41.062 D/ActivityTaskManager( 3389): setAppVisibility(Token{5fb81c8 ActivityRecord{239338460 u0 com.saplin.nothingness/.MainActivity t30695}}, visible=false):  visible=true mVisibleRequested=true
02-17 00:40:41.062 I/SystemUi--Keyguard( 5365): OplusKeyguardViewMediator-->try updateActivityLockScreenState(true, false) pending=false shadingIn=false reason=handleShowInner
02-17 00:40:41.062 I/SystemUi--Keyguard( 5365): KeyguardViewMediator-->notifyDefaultDisplayCallbacks showing:true, getCurrentUser():0
02-17 00:40:41.062 I/SystemUi--Keyguard( 5365): OplusKeyguardViewMediator-->updateActivityLockScreenState(true, false),reason:handleShowInner, actualShowingValue:null
02-17 00:40:41.062 D/ActivityTaskManager( 3389): commitVisibility: ActivityRecord{239338460 u0 com.saplin.nothingness/.MainActivity t30695}: visible=false visibleRequested=false, isInTransition=false 
02-17 00:40:41.062 D/WindowManager( 3389): NFW_findFocusedWindowIfNeeded:null mCurrentFocus:Window{1047c56 u0 com.saplin.nothingness/com.saplin.nothingness.MainActivity}
02-17 00:40:41.063 D/WindowStateExtImpl( 3389): cannotBeImeTarget while isKeyguardShowing
02-17 00:40:41.063 D/WindowStateExtImpl( 3389): cannotBeImeTarget while isKeyguardShowing
02-17 00:40:41.063 D/DisplayContentExtImpl( 3389): target is same with the last, remove the ime snapshot immediately.
02-17 00:40:41.063 I/SystemUi--Notification( 5365): OplusNotificationShadeWindowControllerExImpl-->SHADE_FOCUSABLE-->mNotificationShadeFocusable= false, mPanelExpanded= false, mBouncerShowing= false, mKeyguardShowing= true, mKeyguardOccluded= false, mKeyguardNeedsInput= false, ENABLE_REMOTE_INPUT= true, mRemoteInputActive= false, glanceableHubShowing= false, keyguardIsAboutToOccluded= false, layoutFlags= -2129264576
02-17 00:40:41.063 I/SystemUi--Notification( 5365): OplusNotificationShadeWindowControllerExImpl-->SHADE_VISIBLE-->mKeyguardShowing= true, mKeyguardOccluded= false, mPanelVisible= false, mKeyguardFadingAway= false, mKeyguardGoingAway= false, mBouncerShowing= false, mScrimsVisibility= 0, mBackgroundBlurRadius= 0, mForcePluginOpen= false, mediaBackdropShowing= false, viewVisibility= true, qsBlurFraction= 0.0, panelBlurFraction= 0.0
02-17 00:40:41.063 V/WindowManager( 3389): Changing focus from Window{1047c56 u0 com.saplin.nothingness/com.saplin.nothingness.MainActivity} to null,diplayid=0
02-17 00:40:41.063 I/OGuardManager_WeakAwareManager( 3389): stop uid:10314 type:MediaMute valid:false duration:0 recorder:false sysMute:false
02-17 00:40:41.063 D/WindowManager( 3389): NFW_setClientVisible:ActivityRecord{239338460 u0 com.saplin.nothingness/.MainActivity t30695} clientVisible:false
02-17 00:40:41.063 D/VRI[MainActivity](18607): dispatchAppVisibility visible:false mUpcomingWindowFocus:true
02-17 00:40:41.064 I/WindowManager( 3389): Window{1047c56 u0 com.saplin.nothingness/com.saplin.nothingness.MainActivity} state from HAS_DRAWN to DRAW_PENDING; reason: resetDrawState
02-17 00:40:41.064 D/LauncherProxyService( 5365): Notifying sysui state change to launcher service: proxy=com.android.systemui.shared.recents.ILauncherProxy$Stub$Proxy@956efb9 display=0 flags=keygrd_visible|allow_gesture|wakefulness_transition
02-17 00:40:41.064 I/KeyguardUpdateMonitor( 5365): setKeyguardShowing showing:true showingChanged:true occluded:false
02-17 00:40:41.064 D/TrustManagerService( 3389): MSG_KEYGUARD_SHOWING_CHANGED enter
02-17 00:40:41.065 D/LockPatternUtils( 5365): isBiometricAllowedForUser allowed:true isStrongBiometric:true userId:0
02-17 00:40:41.065 D/LockPatternUtils( 5365): isBiometricAllowedForUser allowed:true isStrongBiometric:true userId:0
02-17 00:40:41.065 I/SystemUi--Keyguard( 5365): PictorialMediator-->onKeyguardVisibilityChanged showing = true
02-17 00:40:41.065 I/TaskOrganizerController( 3389): onTaskInfoChanged taskid 30695 config { mBounds=Rect(0, 0 - 1140, 2616) mAppBounds=Rect(0, 0 - 1140, 2616) mMaxBounds=Rect(0, 0 - 1140, 2616) mDisplayRotation=ROTATION_0 mWindowingMode=fullscreen mActivityType=standard mAlwaysOnTop=undefined mRotation=ROTATION_0}
02-17 00:40:41.065 I/SystemUi--Keyguard( 5365): PictorialMediator-->isMainSwitchOffAndCanLeftSwipe isNotShowAgain is true
02-17 00:40:41.065 I/SystemUi--Keyguard( 5365): PictorialMediator-->isMainSwitchOffAndCanLeftSwipe isNotShowAgain is true
02-17 00:40:41.065 I/SystemUi--Keyguard( 5365): PictorialWallpaperHelper-->is not PictorialType, return
02-17 00:40:41.065 I/SystemUi--Keyguard( 5365): LockIconTipsController-->getInitialTipsMessage, state = 0, message = 
02-17 00:40:41.065 I/SystemUi--Common( 5365): AccessibilityFloatingMenuController-->handleFloatingMenuVisibility: keyguardVisible=true mode=1 targets=null
02-17 00:40:41.065 I/sensors-hal( 1904): qsh_qmi:41, qsh_qmi
02-17 00:40:41.065 I/UserAwareMgr( 3389): handleAppChangedToBg, pkgName: com.saplin.nothingness, pid: 18607
02-17 00:40:41.065 I/SystemUi--Aod( 5365): SmoothTransitionController-->notifyKeyguardVisibilityChanged:WORKSHOP_AOD, anim:true
02-17 00:40:41.065 I/SystemUi--Aod( 5365): SmoothTransitionController-->updateCurrentUiState ---------> state:WORKSHOP_AOD,anim:true
02-17 00:40:41.065 I/sensors-hal( 1904): send_sensor_config_request:570, dt=gesture_prox: convert sample_period=0 to batch_period=0
02-17 00:40:41.065 I/sensors-hal( 1904): send_sync_sensor_request:443, send sync request
02-17 00:40:41.065 D/OplusFlexibleDragToSplitAnimController( 3389): visibleFlexibleTaskInfos delete:30695
02-17 00:40:41.065 I/sensors-hal( 1904): send_sync_sensor_request:472, wait for notification of response
02-17 00:40:41.066 I/SystemUi--Aod( 5365): PanoramicAODUIDeBurnInControllerImpl-->doUIStateChangeUIDeBurnInAnim, stateChanged:UNLOCK --> WORKSHOP_AOD
02-17 00:40:41.066 D/OplusFlexibleDragAnimationBaseState( 3389): handleRunningTaskInfo:TaskInfo{userId=0 taskId=30695 effectiveUid=10314 displayId=0 isRunning=true baseIntent=Intent { act=android.intent.action.MAIN cat=[android.intent.category.LAUNCHER] flg=0x10200000 cmp=com.saplin.nothingness/.MainActivity mCallingUid=10222 } baseActivity=ComponentInfo{com.saplin.nothingness/com.saplin.nothingness.MainActivity} topActivity=ComponentInfo{com.saplin.nothingness/com.saplin.nothingness.MainActivity} origActivity=null realActivity=ComponentInfo{com.saplin.nothingness/com.saplin.nothingness.MainActivity}
02-17 00:40:41.066 D/OplusFlexibleDragAnimationBaseState( 3389):  numActivities=1 lastActiveTime=177022341 supportsSplitScreenMultiWindow=true supportsMultiWindow=true supportsPocketStudioMultiWindow=true isInFlexibleEmbedded = false uid = 10314 pid = 18607 resizeMode=1 isResizeable=true minWidth=-1 minHeight=-1 defaultMinSize=220 token=WCT{RemoteToken{1fe1c0c Task{25c726b #30695 type=standard I=com.saplin.nothingness/.MainActivity}}} topActivityType=1 pictureInPictureParams=null shouldDockBigOverlays=false launchIntoPipHostTaskId=-1 lastParentTaskIdBeforePip=-1 displayCutoutSafeInsets=Rect(0, 107 - 0, 0)
02-17 00:40:41.066 D/OplusFlexibleDragAnimationBaseState( 3389):  topActivityInfo=ActivityInfo{6ec547d com.saplin.nothingness.MainActivity} launchCookies=[android.os.BinderProxy@59cec56] positionInParent=Point(0, 0) parentTaskId=-1 isFocused=true isVisible=false isVisibleRequested=false isTopActivityNoDisplay=false isSleeping=true locusId=null displayAreaFeatureId=1 isTopActivityTransparent=false isActivityStackTransparent=false lastNonFullscreenBounds=Rect(307, 769 - 834, 1909) capturedLink=null capturedLinkTimestamp=0 requestedVisibleTypes=-9 topActivityRequestOpenInBrowserEducationTimestamp=0
02-17 00:40:41.066 D/OplusFlexibleDragAnimationBaseState( 3389):  appCompatTaskInfo=AppCompatTaskInfo { topActivityInSizeCompat=false topActivityInOplusCompatMode=false eligibleForLetterboxEducation= false isLetterboxEducationEnabled= false isLetterboxDoubleTapEnabled= false eligibleForUserAspectRatioButton= false topActivityBoundsLetterboxed= false isFromLetterboxDoubleTap= false topActivityLetterboxVerticalPosition= -1 topActivityLetterboxHorizontalPosition= -1 topActivityLetterboxWidth=-1 topActivityLetterboxHeight=-1 topActivityAppBounds=Rect(0, 0 - 1140, 2616) isUserFullscreenOverrideEnabled=false isSystemFullscreenOverrideEnabled=false hasMinAspectRatioOverride=false topActivityLetterboxBounds=null cameraCompatTaskInfo=CameraCompatTaskInfo { freeformCameraCompatMode=inactive}} topActivityMainWindowFrame=null topActivityLetterboxInsets=Rect(0, 0 - 0, 0)
02-17 00:40:41.066 D/OplusFlexibleDragAnimationBaseState( 3389):  mOplusExtraBundle = Bundle[{androidx.flexible.taskFrame=Rect(0, 0 - 0, 0), topOpaqueSystemBarsAppearance=0, androidx.flexible.Alpha=1.0, androidx.activity.task.attach.blur=0, androidx.activity.LaunchInsensible=0, androidx.activity.LaunchCornerRadius=0, key_flexible_task_state=0, topActivitySupportAppInnerSplit=false, key_flexible_task_animating_type=-1, key_flexible_task_root_activity_processname=com.saplin.nothingness, androidx.activity.LaunchScenario=0, is_oplus_clone_task=false, flexible_super_mini_state=false, topRunningActivityHash=239338460, androidx.activity.LaunchScale=1.0, androidx.activity.LaunchShadowRadius=0, is_transient_hide_for_task_info=false, key_flexible_task_root_activity_pid=18607, key_flexible_task_root_activity_uid=10314}]}state:0
02-17 00:40:41.066 I/SystemUi--Keyguard( 5365): OplusPanelKeyguardAnimControllerImpl-->onUiStateChanged old=UNLOCK new=WORKSHOP_AOD isAnim=true
02-17 00:40:41.066 I/SystemUi--Keyguard( 5365): OplusPanelKeyguardAnimControllerImpl-->hide anim scene, oldState=UNLOCK newState=WORKSHOP_AOD
02-17 00:40:41.066 I/SystemUi--Keyguard( 5365): OplusPanelKeyguardAnimControllerImpl-->playPanelSceneAnim shadeState=0 uiState=WORKSHOP_AOD duration=0 scene=HideComponentInOtherScreenOffScene hasAnimRun=false jankCheck=false
02-17 00:40:41.066 E/FlexibleWindowManagerService( 3389): notifyTaskObserverToAttachController not need to notify!
02-17 00:40:41.066 I/FlexibleWindowManagerService( 3389): onFlexibleWindowTaskInfoChanged, return for cur task not embedded
02-17 00:40:41.066 I/SystemUi--Keyguard( 5365): OplusPanelKeyguardAnimControllerImpl-->animState clockAlpha:0.0 clockScale=1.0 notiAlpha=0.0 notiScale=1.0 notiY=0.0 lockAlpha=0.0 lockScale=1.0 btmAreaAlpha=0.0 btmAreaScale=1.0 btmBtnAlpha=1.0 barAlpha=0.0
02-17 00:40:41.066 I/SystemUi--Keyguard( 5365): OplusWallpaperAnimControllerImpl-->onUiStateChanged old=UNLOCK new=WORKSHOP_AOD
02-17 00:40:41.066 E/OplusCustomizeRestrictionManagerService( 3389): isBiometricDisabled start
02-17 00:40:41.066 D/BiometricService( 3389): Sensor ID(4), oemStrength: 4095, updatedStrength: 4095, modality 8, state: 0, cookie: 0, sensorId 4, hasEnrollments: false cannot participate in Keystore operations
02-17 00:40:41.066 D/LockPatternUtils( 3389): isBiometricAllowedForUser allowed:true isStrongBiometric:false userId:0
02-17 00:40:41.066 D/ActivityTaskManager( 3389): setLockScreenShownLocked from false to true
02-17 00:40:41.066 I/SystemUi--Keyguard( 5365): KeyguardSignatureView-->onKeyguardVisibilityChanged isKeyguardShowing=true
02-17 00:40:41.066 D/WindowManager( 3389): Create SleepToken: tag=keyguard, displayId=0
02-17 00:40:41.066 I/SystemUi--Keyguard( 5365): OplusBiometricAuthContr-->getFpType udfpsBottomPadding 0.0, isStatic = false
02-17 00:40:41.066 V/WindowManagerShell( 5365): Transition requested (#1905): android.os.BinderProxy@c109883 TransitionRequestInfo { type = TO_FRONT, triggerTask = null, pipChange = null, remoteTransition = null, displayChange = null, flags = 2048, debugId = 1905 }
02-17 00:40:41.066 I/OplusRequestedLayerState( 2205): setFlags AOD 1
02-17 00:40:41.066 I/[VFXEffect]( 2205): SurfaceControlViewHost#298 type[1.000000] id[0.000000] action[1.000000] status[1.000000] params[0.000000]
02-17 00:40:41.067 D/DeviceStateProviderImpl( 3389): keyguard show or sleep: true mLastReportedState 0
02-17 00:40:41.067 V/SystemSensorManagerExtImpl( 3389): unRegisterListener by com.android.server.policy.DeviceStateProviderImpl@da417ed and its name is hinge_detect hinge detect Non-wakeup
02-17 00:40:41.067 D/ScreenOffGestureService(18830): onUiStateChanged WORKSHOP_AOD
02-17 00:40:41.067 I/SystemUi--Keyguard( 5365): OplusKeyguardBottomAreaController-->updateBottomAreaElementUi: reason=onKeyguardVisibilityChanged(true), isKgdGlideTipShowing=false, isKeyguardVisible=true
02-17 00:40:41.067 I/SystemUi--Keyguard( 5365): OplusBiometricAuthContr-->getFpType udfpsBottomPadding 0.0, isStatic = false
02-17 00:40:41.067 I/SystemUi--Keyguard( 5365): OplusKeyguardBottomAreaController-->fpType 1, isSupportedFpType true
02-17 00:40:41.067 I/SystemUi--Keyguard( 5365): OplusKeyguardBottomAreaController-->hasLockscreenMagazineTips=false  hasWorkProfile=false  hasLockscreenSignature=false
02-17 00:40:41.067 I/SystemUi--Keyguard( 5365): OplusKeyguardBottomAreaController-->displayMode Default bottomAreaDisplayConfig BottomAreaDisplayConfig(lockscreenSignatureVisible=false, workProfileVisible=false, lockscreenMagazineVisible=false, notificationCapsulePosition=3, glideTipViewPosition=3, affordanceTipViewPosition=3)
02-17 00:40:41.067 I/SystemUi--Keyguard( 5365): KeyguardSignatureView-->hideSignature reason=signatureVisible
02-17 00:40:41.067 I/SystemUi--Keyguard( 5365): OplusKeyguardBottomAreaController-->updateNotificationCapsulePosition 3
02-17 00:40:41.067 I/SystemUi--Keyguard( 5365): OplusRepeatWhenAttachedUnlock-->updateState: view.windowVisibility: 0, keyguardShow: true, isInPreviewMode: false, view.hasWindowFocus(): false
02-17 00:40:41.067 I/SystemUi--Keyguard( 5365): OplusRepeatWhenAttachedUnlock-->updateState: view.windowVisibility: 0, keyguardShow: true, isInPreviewMode: false, view.hasWindowFocus(): false
02-17 00:40:41.067 I/PluginSeedling--Base( 5365): RequestHandler-->onKeyguardStateChanged: isKeyguardVisible=true, isKeyguardOccluded=false, pluginContext=com.android.systemui.shared.plugins.PluginActionManager$PluginContextWrapper@e09cfc9
02-17 00:40:41.067 I/PluginSeedling--Base( 5365): LiveAlertSourceResolver-->onKeyguardShowChanged true
02-17 00:40:41.067 I/PluginSeedling--CapsuleCard( 5365): CardRootViewModel-->onKeyguardShowChanged: true
02-17 00:40:41.067 W/PluginSeedling--Base( 5365): HandlerBase-->invalid state
02-17 00:40:41.067 I/DispPerfService( 2205): updateLayerMask 20
02-17 00:40:41.067 D/VRI[MainActivity](18607): visibilityChanged oldVisibility=true newVisibility=false
02-17 00:40:41.068 I/SystemUi--Keyguard( 5365): OplusLockIconViewController-->checkUpdateStateAndVisibility, state=0, lastState=1
02-17 00:40:41.068 E/OplusCustomizeRestrictionManagerService( 3389): isBiometricDisabled start
02-17 00:40:41.068 I/SystemUi--Keyguard( 5365): OplusLockIconViewController-->updateAnimation, lastLockAnimIndex=5, curLockAnimIndex=4, oldState=1, newState=0, index=0
02-17 00:40:41.068 I/SystemUi--Keyguard( 5365): OplusLockIconViewController-->canSkipLockAnimation, getTipsState=0
02-17 00:40:41.068 I/[talog] ( 3035): [I][FP_TA][fp_ta_route_cmd]ta module:1 cmd:2042 time:2441048 cmd_len:160 extra_len:61440 buffer_len:61600
02-17 00:40:41.068 I/[talog] ( 3035): [I][FP_TA][ta_sensor_handle_message]FP_CMD_SENSOR_SET_SENSOR_MODE
02-17 00:40:41.068 I/[talog] ( 3035): [FP_VND][I][ANC_TA][VendorInterfaceCap]: fp enter : fp_set_sensor_mode
02-17 00:40:41.068 I/[talog] ( 3035): [FP_VND][I][ANC_TA][Sensor]: set power mode:1
02-17 00:40:41.068 I/[talog] ( 3035): [FP_VND][I][ANC_TA][Sensor]: GetCmd: type = 225 
02-17 00:40:41.068 I/[talog] ( 3035): [FP_VND][I][ANC_TA][VendorInterfaceCap]: get fdt rewrite_count:0, error_start_times:1000
02-17 00:40:41.068 I/[FP_HAL][FpCa]( 3035): sendCommand take time 19 ms
02-17 00:40:41.068 I/[FP_HAL][FingerprintCommon]( 3035): [waitIrq]start Wait irq, Wait 0 ms
02-17 00:40:41.068 D/pfaca_s ( 1946): mPanelId 1, brightness:-1.000000, ignored!
02-17 00:40:41.068 E/OplusCustomizeRestrictionManagerService( 3389): isBiometricDisabled start
02-17 00:40:41.068 E/SmcInvoke_MinkDescriptor( 3035): Invalid handle 16
02-17 00:40:41.068 I/OplusSeedlingService( 5365): BaseService-->on Keyguard Change. data=Bundle[{isKeyguardShowing=true, isKeyguardOccluded=false}]
02-17 00:40:41.068 I/OplusSeedlingService( 5365): StateManager-->onKeyGuardStatusChange: isKeyguardShowing=true, isKeyguardOccluded=false
02-17 00:40:41.068 D/OplusSeedlingService( 5365): FlashlightTip-->onLocked. locked: true, lastFlashlightState: 2
02-17 00:40:41.068 I/sensors-hal( 1904): qsh_conn_resp_cb:793, resp_value = 0 for gesture_prox 
02-17 00:40:41.068 D/BackgroundInstallControlService( 3389): Package event received: 0
02-17 00:40:41.068 I/sensors-hal( 1904): send_sync_sensor_request:478, takes 2 ms to receive the response with 0
02-17 00:40:41.068 I/sensors-hal( 1904): activate:135, qti.sensor.gesture_prox/1662 en=1 completed
02-17 00:40:41.068 D/SensorService( 3389): 0xb400007954998a00 addFd fd=1334
02-17 00:40:41.068 D/GestureLog_ScreenOffGesturePolicy( 3389): deal Screen off Gesture. nGesture = 10001, Callbacksize = 2
02-17 00:40:41.068 I/keystore2( 1217): system/security/keystore2/src/authorization.rs:153 - on_device_locked(user_id=0, unlocking_sids=[83509363077949052], weak_unlock_enabled=false)
02-17 00:40:41.068 D/SensorService( 3389): SensorDevice::activate: ident=0xb400007872f0e600, handle=0x0000010f, enabled=0, count=1
02-17 00:40:41.068 D/SensorService( 3389): disable index=0
02-17 00:40:41.068 D/SensorService( 3389): activateHardware = 1
02-17 00:40:41.068 D/SensorService( 3389): 	>>> actuating h/w activate handle=271 enabled=0
02-17 00:40:41.068 I/sensors-hal( 1904): qsh_conn_event_cb:756, event[0] msg_id=1025, ts=3398990769337, sensor_type = hinge_detect fold state Wakeup
02-17 00:40:41.068 I/sensors-hal( 1904): handle_sns_std_sensor_event:93, Oplus fold rp_times = 1134.000000, state = 1.000000, val = 510.000000, far_th = 139.000000
02-17 00:40:41.068 I/sensors-hal( 1904): handle_sns_std_sensor_event:94, Oplus fold curr angle = 0.019957, accuracy = 3.000000
02-17 00:40:41.068 E/SDM     ( 1946): DRMConnector::Perform: Connector Setting HBM_EN 93: hbm_en 8,prop_id=83
02-17 00:40:41.069 D/OplusFeaturePanoramicBrightness( 3389): setWindowManagerPolicy mSoftScreenOn changed to false
02-17 00:40:41.069 D/BufferQueueProducer( 3389): [ColorFade#163(BLAST Consumer)163](id:d3d00000114,api:1,p:3389,c:3389) disconnect: api 1
02-17 00:40:41.069 D/OplusBiometricsDisplayHelper( 3389): isFold: true, isUnblockByFp: null
02-17 00:40:41.069 I/DisplayPowerController[display=0]( 3389): Unblocked screen off after 13 ms
02-17 00:40:41.069 I/SystemUi--Keyguard( 5365): OplusLockIconViewController-->updateAnimation animationDrawable: com.oplus.systemui.keyguard.view.OplusAnimationDrawable@2101918 start
02-17 00:40:41.069 I/SystemUi--Notification( 5365): OplusMediaSeedlingController-->MEDIA_SEEDLING-->Keyguard isShowing: true; isOccluded: false
02-17 00:40:41.069 I/SystemUi--Notification( 5365): MediaSeedling-->MEDIA_SEEDLING-->postSeedlingsUpdate delay: 0 needUpdate: 0 reason:setKeyguardShowingChanged isShowKeyguard
02-17 00:40:41.069 I/SystemUi--QuickSettings( 5365): ShadeInteractorImpl-->isOplusQsEnabled isSuperPowerSave=false isWellBeingAssistant=false isKeyguardShowing=true statusBarState=SHADE isDisableDragSbWhenInKg=true separateMode=false
02-17 00:40:41.069 I/SystemUi--QuickSettings( 5365): ShadeInteractorImpl-->isExpandToQsEnabled isShadeEnabled=true isDozing=false disableFlags=DisableFlagsModel(disable1=0, disable2=0, animate=false) isDeviceProvisioned=true isSimpleUserSwitcher=false isQuickSettingsEnabled=true isUserSetup=true isOplusQsEnabled=false
02-17 00:40:41.069 D/ScreenOffGestureService(18830): onDealGesture:10001, time = 1771278041069
02-17 00:40:41.069 I/SystemUi--Keyguard( 5365): OplusBlackScreenGestureControllExImpl-->onDealGesture: 10001, hasEnableCallback: true, mIsFarStateNotConsume: false, time=1771278041069
02-17 00:40:41.069 I/SystemUi--Keyguard( 5365): OplusBlackScreenGestureControllExImpl-->onReceiveGesture: receive-->black gesture : 10001
02-17 00:40:41.069 D/DrmLibTime( 1185): Time dispatch starts
02-17 00:40:41.070 D/DrmLibTime( 1185): command id, time_cmd_id = 770
02-17 00:40:41.070 I/SystemUi--Keyguard( 5365): OplusBlackScreenGestureControllExImpl-->requestGestureMode: mode=1 oldMode=16 reason=onScreenOff
02-17 00:40:41.070 D/DrmLibTime( 1185): time_getutcsec starts!
02-17 00:40:41.070 D/DrmLibTime( 1185): QSEE Time Listener: time_getutcsec
02-17 00:40:41.070 D/DrmLibTime( 1185): QSEE Time Listener: get_utc_seconds
02-17 00:40:41.070 D/DrmLibTime( 1185): QSEE Time Listener: time_get_modem_time
02-17 00:40:41.070 D/DrmLibTime( 1185): QSEE Time Listener: Checking if ATS_MODEM is set or not.
02-17 00:40:41.070 D/QC-time-services( 1185): Lib:time_genoff_operation: pargs->base = 13
02-17 00:40:41.070 D/QC-time-services( 1185): Lib:time_genoff_operation: pargs->operation = 2
02-17 00:40:41.070 D/QC-time-services( 1185): Lib:time_genoff_operation: pargs->ts_val = 0
02-17 00:40:41.070 D/Tile.OplusLocationTile( 5365): refreshState: tile not listening, ignore
02-17 00:40:41.070 D/QC-time-services( 1185): Lib:time_genoff_operation: Send to server  passed!!
02-17 00:40:41.070 D/QC-time-services( 1731): Daemon: Connection accepted:time_genoff
02-17 00:40:41.070 I/sensors-hal( 1904): activate:116, android.sensor.device_orientation/271 en=0
02-17 00:40:41.070 V/ActionContentProvider(18830): query
02-17 00:40:41.070 I/SystemUi--Common( 5365): PlatformBlurManagerImpl-->setPlatformBlurMode: blurMode=MOTION(blurFrequency=4)
02-17 00:40:41.070 V/BlackActionSQLiteHelper(18830): getWritableDatabase mDefaultWritableDatabase =null
02-17 00:40:41.070 I/sensors-hal( 1904): send_sync_sensor_request:443, send sync request
02-17 00:40:41.070 I/sensors-hal( 1904): send_sync_sensor_request:472, wait for notification of response
02-17 00:40:41.070 I/SystemUi--Keyguard( 5365): OplusPreventModeExImpl-->onKeyguardShowingChanged; mKeyguardIsShowing: false; isShowing: true,isOccluded:false
02-17 00:40:41.070 I/SystemUi--Keyguard( 5365): OplusPreventModeExImpl-->onKeyguardShow
02-17 00:40:41.070 W/SystemUi--Keyguard( 5365): OplusPreventModeExImpl-->proximity sensor had unregistered, or not registered
02-17 00:40:41.070 I/SystemUi--Keyguard( 5365): KeyguardSettingUtil-->getPreventModeSettingsForUser key_is_open_prevent_mode value: null, defaultValue: true, uid: 0
02-17 00:40:41.070 W/SystemUi--Keyguard( 5365): OplusPreventModeExImpl-->screen off, return
02-17 00:40:41.070 W/SystemUi--Keyguard( 5365): OplusPreventModeExImpl-->should not register sensor listener, return
02-17 00:40:41.070 I/SystemUi--QuickSettings( 5365): SeparateQSSpecialModeProvider-->onKeyguardShowingChanged
02-17 00:40:41.070 D/QC-time-services( 1731): Daemon:Received base = 13, unit = 1, operation = 2,value = 0
02-17 00:40:41.070 D/QC-time-services( 1731): Daemon:genoff_opr: Base = 13, val = 0, operation = 2
02-17 00:40:41.070 D/QC-time-services( 1731): offset is: 1 for base: 13
02-17 00:40:41.070 I/SystemUi--Notification( 5365): OplusLiveAlertNotificationsRepository-->onConditionChanged: KeyguardCoordinator
02-17 00:40:41.070 E/QC-time-services( 1185): Receive Passed == base = 13, unit = 1, operation = 2, result = 0
02-17 00:40:41.070 D/DrmLibTime( 1185): QSEE Time Listener: ATS_MODEM is set. Try to retrieve it.
02-17 00:40:41.070 E/QC-time-services( 1731): Daemon: Time-services: Waiting to acceptconnection
02-17 00:40:41.070 D/ColorTouchNodeManagerService( 3389): readNodeFileByDevice, nodeFlag: 21, dId:0
02-17 00:40:41.070 D/QC-time-services( 1731): Daemon: Connection accepted:time_genoff
02-17 00:40:41.070 W/SurfaceFlingerPuller( 3389): Failed to pull atom 150134 from surfaceflinger. Success is 0, binder status is EX_NONE
02-17 00:40:41.070 D/QC-time-services( 1731): Daemon:Received base = 13, unit = 1, operation = 1,value = 0
02-17 00:40:41.070 D/QC-time-services( 1731): Daemon:genoff_opr: Base = 13, val = 0, operation = 1
02-17 00:40:41.070 D/QC-time-services( 1731): Daemon: genoff get for 13
02-17 00:40:41.070 D/QC-time-services( 1731): Daemon:Value read from QTimer mseconds = 177030771
02-17 00:40:41.070 D/QC-time-services( 1731): Daemon:Value read from RTC mseconds on boot = 20600969000
02-17 00:40:41.070 D/QC-time-services( 1731): Daemon:Value read from QTimer mseconds = 177030771
02-17 00:40:41.070 D/QC-time-services( 1731): Daemon:Value read from generic offset = 1750500055864
02-17 00:40:41.070 D/QC-time-services( 1731): Daemon:Delta read on boot mseconds = 20600954819
02-17 00:40:41.070 D/QC-time-services( 1731): Daemon:Final Time = 1771278041454
02-17 00:40:41.070 D/DrmLibTime( 1185): QSEE Time Listener: Time GenOff - seconds: 1771278041
02-17 00:40:41.070 D/DrmLibTime( 1185): time_getutcsec returns 0, sec = 1771278041; nsec = 0
02-17 00:40:41.070 D/DrmLibTime( 1185): time_getutcsec finished! 
02-17 00:40:41.070 D/DrmLibTime( 1185): time_services Dispatch ends and ret = 0! 
02-17 00:40:41.070 E/QC-time-services( 1731): Daemon: Time-services: Waiting to acceptconnection
02-17 00:40:41.070 I/SystemUi--NavBar( 5365): OplusNavBarUtils-->isFoldOpenNavigationLayout() taskbarEnable=true,foldState=false
02-17 00:40:41.070 E/statsd  ( 1787): Stats puller failed for tag: 150134 at 177022348826802
02-17 00:40:41.070 I/SystemUi--Common( 5365): AccessibilityFloatingMenuController-->handleFloatingMenuVisibility: keyguardVisible=true mode=1 targets=null
02-17 00:40:41.070 I/StatusBarKeyguardViewManager( 5365): reset hideBouncerWhenShowing: true, isShowing: true, bouncerIsAnimatingAway: false
02-17 00:40:41.070 I/SystemUi--Notification( 5365): NotificationStackScrollLayoutExtImpl-->resetSpringChain
02-17 00:40:41.070 D/Tile.ScreenRecorderTile( 5365): refreshState: tile not listening, ignore
02-17 00:40:41.070 I/StatusBarKeyguardViewManager( 5365): showBouncerOrKeyguard hideBouncerWhenShowing: true, needsFullscreenBouncer: false, mDozing: false, primaryBouncerIsShowing: false
02-17 00:40:41.070 D/CentralSurfaces( 5365): updateIsKeyguard wakeAndUnlocking: false, shouldBeKeyguard: true,isKeyguardShowDelayed:false,isGoingToSleep:true,getScreenState:3,isLaunchTransitionFadingAway:false,keyguardForDozing:false,getDozingRequested:false
02-17 00:40:41.070 D/OplusTouch( 2068): in_deviceId = 0,in_nodeFlag = 21
02-17 00:40:41.070 D/OplusTouch( 2068): path = /proc/touchpanel/double_tap_enable_indep,len = 256
02-17 00:40:41.070 V/ActionContentProvider(18830): query
02-17 00:40:41.070 V/BlackActionSQLiteHelper(18830): getWritableDatabase mDefaultWritableDatabase =null
02-17 00:40:41.070 V/ActionContentProvider(18830): query
02-17 00:40:41.070 V/BlackActionSQLiteHelper(18830): getWritableDatabase mDefaultWritableDatabase =null
02-17 00:40:41.071 V/ActionContentProvider(18830): query
02-17 00:40:41.071 V/BlackActionSQLiteHelper(18830): getWritableDatabase mDefaultWritableDatabase =null
02-17 00:40:41.071 I/PrimaryBouncerInteractor( 5365): KeyguardBouncer#hidecom.android.systemui.statusbar.phone.StatusBarKeyguardViewManager.hideBouncer:3 com.android.systemui.statusbar.phone.StatusBarKeyguardViewManager.reset:191 com.android.systemui.keyguard.KeyguardViewMediator.handleShowInner:237 com.android.systemui.keyguard.KeyguardViewMediator$14.handleMessage:596 android.os.Handler.dispatchMessage:115 
02-17 00:40:41.071 V/ActionContentProvider(18830): query
02-17 00:40:41.071 V/BlackActionSQLiteHelper(18830): getWritableDatabase mDefaultWritableDatabase =null
02-17 00:40:41.071 V/ActionContentProvider(18830): query
02-17 00:40:41.071 V/BlackActionSQLiteHelper(18830): getWritableDatabase mDefaultWritableDatabase =null
02-17 00:40:41.071 D/ColorTouchNodeManagerService( 3389): readNodeFileByDevice, nodeFlag: 21, dId:1
