02-17 00:40:41.096 D/DisplayManagerService( 3389): Delivering display event: displayId=0, event=EVENT_DISPLAY_STATE_CHANGED
02-17 00:40:41.096 D/ActivityManager( 3389): reportOneUidFrozenStateChanged uid 10372 frozen = false
02-17 00:40:41.096 D/DisplayManagerService( 3389): Delivering display event: displayId=0, event=EVENT_DISPLAY_COMMITTED_STATE_CHANGED
02-17 00:40:41.096 D/DisplayManagerService( 3389): performTraversalInternal pendingTraversal
02-17 00:40:41.096 D/DisplayManagerService( 3389): MSG_REQUEST_TRAVERSAL pendingCompleted=true
02-17 00:40:41.096 D/DisplayDevice( 3389): setLayerStackLocked id=local:4630946602912453524 token=android.os.BinderProxy@e26bf64 stack=-1->-1
02-17 00:40:41.096 D/DisplayDevice( 3389): setLayerStackLocked id=local:4630946929504945811 token=android.os.BinderProxy@69f08f6 stack=-1->-1
02-17 00:40:41.097 D/LocalDisplayAdapter( 3389): setDesiredDisplayModeSpecsAsync: display unique id = local:4630946602912453524, display mode specs = defaultMode=0 allowGroupSwitching=false primaryRanges=physical: (0.0 120.0) render:  (0.0 120.0) appRequestRanges=physical: (0.0 120.0) render:  (0.0 120.0) idleScreenRefreshRate=null
02-17 00:40:41.097 D/VRR [RefreshRateDirector]( 2205): requestRefreshRateBySpecs insert [ 0xb4000073a9650160, DisplayModeSpecs{defaultMode: 0, allowGroupSwitching: false, primaryRanges: RefreshRateRanges{physical: RefreshRateRange{min: 0.000000, max: 120.000000}, render: RefreshRateRange{min: 0.000000, max: 120.000000}}, appRequestRanges: RefreshRateRanges{physical: RefreshRateRange{min: 0.000000, max: 120.000000}, render: RefreshRateRange{min: 0.000000, max: 120.000000}}, idleScreenRefreshRateConfig: (null)} ]
02-17 00:40:41.097 D/SurfaceFlinger( 2205): VRR [SurfaceFlinger] setDesiredDisplayModeSpecs, from process 2205, 0, 0, primaryRanges = [ 0.000000, 120.000000, 0.000000, 120.000000 ], appRequestRanges = [ 0.000000, 120.000000, 0.000000 120.000000 ]
02-17 00:40:41.097 I/SystemUi--Notification( 5365): NotificationPanelChildAppearAnimationManager-->[animateTo] isShow=false, delayIndex=0, finalResponse=0.3, android.widget.FrameLayout{6e148d I.E...... ......ID 51,48-51,48 #7f0a0ac1 app:id/qs_fake_carrier_container alpha=1.0 viewInfo = }
02-17 00:40:41.098 W/IPCThreadState( 3389): Sending oneway calls to frozen process.
02-17 00:40:41.098 I/SystemUi--Notification( 5365): NotificationKeyguardHel-->checkForZenModeNotShow  currentUser: 0 isZenModeStatusOn:true shouldSuppressNotificationList:true isZenModeKeyguardShowStatusOff:false
02-17 00:40:41.098 I/SystemUi--Notification( 5365): NotificationKeyguardHel-->checkForZenModeNotShow  currentUser: 0 isZenModeStatusOn:true shouldSuppressNotificationList:true isZenModeKeyguardShowStatusOff:false
02-17 00:40:41.098 W/IPCThreadState( 3389): Sending oneway calls to frozen process.
02-17 00:40:41.098 I/SystemUi--Notification( 5365): NotificationKeyguardHel-->checkForZenModeNotShow  currentUser: 0 isZenModeStatusOn:true shouldSuppressNotificationList:true isZenModeKeyguardShowStatusOff:false
02-17 00:40:41.098 I/SystemUi--Notification( 5365): NotificationKeyguardHel-->checkForZenModeNotShow  currentUser: 0 isZenModeStatusOn:true shouldSuppressNotificationList:true isZenModeKeyguardShowStatusOff:false
02-17 00:40:41.098 I/SystemUi--Notification( 5365): NotificationKeyguardHel-->checkForZenModeNotShow  currentUser: 0 isZenModeStatusOn:true shouldSuppressNotificationList:true isZenModeKeyguardShowStatusOff:false
02-17 00:40:41.098 W/IPCThreadState( 3389): Sending oneway calls to frozen process.
02-17 00:40:41.098 E/LockScreenNotificationDispatcherImp( 5365): updateNotificationListOnKg size:1
02-17 00:40:41.098 I/sensors-hal( 1904): qsh_conn_event_cb:720, SCHED_FIFO(10) for qmi_cbk
02-17 00:40:41.098 I/sensors-hal( 1904): qsh_conn_event_cb:756, event[0] msg_id=1025, ts=3398991292020, sensor_type = gesture_prox gesture prox Sensor Wakeup
02-17 00:40:41.098 I/sensors-hal( 1904): handle_sns_client_event:79, gesture_prox_event: distance 5, phone_head 1, count 567, timestamp 3398991292020
02-17 00:40:41.098 D/Zygote  ( 1788): Forked child process 11467
02-17 00:40:41.099 D/ScreenOffGestureService(18830): onSensorChanged, sensorValues[0] = 5.0 sensorValues[1] = 1.0 enable = true mIsScreenOffEnable = true
02-17 00:40:41.099 D/OplusLowLatencyService( 5469): Receive ACTION_SCREEN_OFF, reset modem level.
02-17 00:40:41.100 W/OplusStorageManagerFeature( 3389): mScreenReceiver action:android.intent.action.DREAMING_STARTED
02-17 00:40:41.100 W/NotifRow( 5365): cancelAppearDrawing childKey: 0|com.android.systemui|10005|null|10228 wasDrawing:false
02-17 00:40:41.100 I/SystemUi--Notification( 5365): OplusNotificationTempla-->resolveContentMargin: marginTop=96 isChildInGroup=false hasSubtitle=false params.topMargin=96
02-17 00:40:41.100 E/NotificationChildrenContainer( 5365): getMinHeight: child 0|com.android.systemui|10005|null|10228 single line view is null
02-17 00:40:41.100 E/NotificationChildrenContainer( 5365): java.lang.Exception
02-17 00:40:41.100 E/NotificationChildrenContainer( 5365): 	at com.android.systemui.statusbar.notification.stack.NotificationChildrenContainer.getMinHeight(go/retraceme 1d2ec5c883d6d31edcda9d003494b2f2a12df25ba4e7f33b4407177b00779169:13)
02-17 00:40:41.100 E/NotificationChildrenContainer( 5365): 	at com.android.systemui.statusbar.notification.stack.NotificationChildrenContainer.getCollapsedHeight(go/retraceme 1d2ec5c883d6d31edcda9d003494b2f2a12df25ba4e7f33b4407177b00779169:9)
02-17 00:40:41.100 E/NotificationChildrenContainer( 5365): 	at com.android.systemui.statusbar.notification.stack.NotificationChildrenContainer.getGroupExpandFraction(go/retraceme 1d2ec5c883d6d31edcda9d003494b2f2a12df25ba4e7f33b4407177b00779169:16)
02-17 00:40:41.100 E/NotificationChildrenContainer( 5365): 	at com.oplus.systemui.notification.row.oplusgroup.OplusNotificationGroupExtImpl.setChildrenExpanded(go/retraceme 1d2ec5c883d6d31edcda9d003494b2f2a12df25ba4e7f33b4407177b00779169:30)
02-17 00:40:41.100 E/NotificationChildrenContainer( 5365): 	at com.oplus.systemui.statusbar.notification.stack.NotificationChildrenContainerExtImp.setChildrenExpanded(go/retraceme 1d2ec5c883d6d31edcda9d003494b2f2a12df25ba4e7f33b4407177b00779169:3)
02-17 00:40:41.100 E/NotificationChildrenContainer( 5365): 	at com.android.systemui.statusbar.notification.stack.NotificationChildrenContainer.setVisibility(go/retraceme 1d2ec5c883d6d31edcda9d003494b2f2a12df25ba4e7f33b4407177b00779169:13)
02-17 00:40:41.100 E/NotificationChildrenContainer( 5365): 	at com.android.systemui.statusbar.notification.row.ExpandableNotificationRow.updateChildrenVisibility(go/retraceme 1d2ec5c883d6d31edcda9d003494b2f2a12df25ba4e7f33b4407177b00779169:52)
02-17 00:40:41.100 E/NotificationChildrenContainer( 5365): 	at com.android.systemui.statusbar.notification.row.ExpandableNotificationRow.onAttachedChildrenCountChanged(go/retraceme 1d2ec5c883d6d31edcda9d003494b2f2a12df25ba4e7f33b4407177b00779169:66)
02-17 00:40:41.100 E/NotificationChildrenContainer( 5365): 	at com.android.systemui.statusbar.notification.row.ExpandableNotificationRow.addChildNotification(go/retraceme 1d2ec5c883d6d31edcda9d003494b2f2a12df25ba4e7f33b4407177b00779169:39)
02-17 00:40:41.100 E/NotificationChildrenContainer( 5365): 	at com.android.systemui.statusbar.notification.row.ExpandableNotificationRowController.addChildAt(go/retraceme 1d2ec5c883d6d31edcda9d003494b2f2a12df25ba4e7f33b4407177b00779169:15)
02-17 00:40:41.100 E/NotificationChildrenContainer( 5365): 	at com.android.systemui.statusbar.notification.collection.render.ShadeNode.addChildAt(go/retraceme 1d2ec5c883d6d31edcda9d003494b2f2a12df25ba4e7f33b4407177b00779169:47)
02-17 00:40:41.100 E/NotificationChildrenContainer( 5365): 	at com.android.systemui.statusbar.notification.collection.render.ShadeViewDiffer.attachChildren(go/retraceme 1d2ec5c883d6d31edcda9d003494b2f2a12df25ba4e7f33b4407177b00779169:110)
02-17 00:40:41.100 E/NotificationChildrenContainer( 5365): 	at com.android.systemui.statusbar.notification.collection.render.ShadeViewDiffer.attachChildren(go/retraceme 1d2ec5c883d6d31edcda9d003494b2f2a12df25ba4e7f33b4407177b00779169:271)
02-17 00:40:41.100 E/NotificationChildrenContainer( 5365): 	at com.android.systemui.statusbar.notification.collection.render.ShadeViewDiffer.applySpec(go/retraceme 1d2ec5c883d6d31edcda9d003494b2f2a12df25ba4e7f33b4407177b00779169:45)
02-17 00:40:41.100 E/NotificationChildrenContainer( 5365): 	at com.android.systemui.statusbar.notification.collection.render.ShadeViewManager$viewRenderer$1.onRenderList(go/retraceme 1d2ec5c883d6d31edcda9d003494b2f2a12df25ba4e7f33b4407177b00779169:30)
02-17 00:40:41.100 E/NotificationChildrenContainer( 5365): 	at com.android.systemui.statusbar.notification.collection.render.RenderStageManager.access$onRenderList(go/retraceme 1d2ec5c883d6d31edcda9d003494b2f2a12df25ba4e7f33b4407177b00779169:25)
02-17 00:40:41.100 E/NotificationChildrenContainer( 5365): 	at com.android.systemui.statusbar.notification.collection.ShadeListBuilder.$r8$lambda$l4PwF27vkvsssdGTFjxwGcU4jjs(go/retraceme 1d2ec5c883d6d31edcda9d003494b2f2a12df25ba4e7f33b4407177b00779169:218)
02-17 00:40:41.100 E/NotificationChildrenContainer( 5365): 	at com.android.systemui.statusbar.notification.collection.ShadeListBuilder$$ExternalSyntheticLambda10.run(go/retraceme 1d2ec5c883d6d31edcda9d003494b2f2a12df25ba4e7f33b4407177b00779169:3)
02-17 00:40:41.100 E/NotificationChildrenContainer( 5365): 	at com.android.systemui.statusbar.notification.collection.NotifPipelineChoreographerImpl$frameCallback$1.doFrame(go/retraceme 1d2ec5c883d6d31edcda9d003494b2f2a12df25ba4e7f33b4407177b00779169:41)
02-17 00:40:41.100 E/NotificationChildrenContainer( 5365): 	at android.view.Choreographer$CallbackRecord.run(Choreographer.java:1850)
02-17 00:40:41.100 E/NotificationChildrenContainer( 5365): 	at android.view.Choreographer$CallbackRecord.run(Choreographer.java:1861)
02-17 00:40:41.100 E/NotificationChildrenContainer( 5365): 	at android.view.Choreographer.doCallbacks(Choreographer.java:1373)
02-17 00:40:41.100 E/NotificationChildrenContainer( 5365): 	at android.view.Choreographer.doFrame(Choreographer.java:1225)
02-17 00:40:41.100 E/NotificationChildrenContainer( 5365): 	at android.view.Choreographer$FrameDisplayEventReceiver.run(Choreographer.java:1835)
02-17 00:40:41.100 E/NotificationChildrenContainer( 5365): 	at android.os.Handler.handleCallback(Handler.java:1027)
02-17 00:40:41.100 E/NotificationChildrenContainer( 5365): 	at android.os.Handler.dispatchMessage(Handler.java:108)
02-17 00:40:41.100 E/NotificationChildrenContainer( 5365): 	at android.os.Looper.loopOnce(Looper.java:298)
02-17 00:40:41.100 E/NotificationChildrenContainer( 5365): 	at android.os.Looper.loop(Looper.java:408)
02-17 00:40:41.100 E/NotificationChildrenContainer( 5365): 	at android.app.ActivityThread.main(ActivityThread.java:9964)
02-17 00:40:41.100 E/NotificationChildrenContainer( 5365): 	at java.lang.reflect.Method.invoke(Native Method)
02-17 00:40:41.100 E/NotificationChildrenContainer( 5365): 	at com.android.internal.os.RuntimeInit$MethodAndArgsCaller.run(RuntimeInit.java:613)
02-17 00:40:41.100 E/NotificationChildrenContainer( 5365): 	at com.android.internal.os.ZygoteInit.main(ZygoteInit.java:1074)
02-17 00:40:41.100 I/NxpNciX ( 2045): len =   7 > 20020401020100
02-17 00:40:41.101 I/SystemUi--Notification( 5365): OplusNotificationTempla-->resolveContentMargin: marginTop=36 isChildInGroup=true hasSubtitle=false params.topMargin=96
02-17 00:40:41.100 I/NxpNciR ( 2045): len =   5 > 4002020000
02-17 00:40:41.101 I/oplus_nfc( 9518): [INFO] GKI_getbuf 0xb4000079c1e46a10 44:52
02-17 00:40:41.102 I/oplus_nfc( 9518): [INFO] nfc_task enter -> nfc_ncif_process_event
02-17 00:40:41.102 I/oplus_nfc( 9518): [INFO] NFC received rsp gid:0
02-17 00:40:41.102 I/oplus_nfc( 9518): [INFO] NFC_SET_CONFIG_REVT(0x5002)
02-17 00:40:41.102 D/SystemServerTiming( 3389): getUserSwitchability-0
02-17 00:40:41.102 D/SystemServerTiming( 3389): TM.isInCall
02-17 00:40:41.102 I/oplus_nfc( 9518): [INFO] NFA_SetPowerSubStateForScreenState: state:0x2
02-17 00:40:41.102 I/oplus_nfc( 9518): [INFO] GKI_getbuf 0xb4000079b8651890 44:52
02-17 00:40:41.102 I/oplus_bt_dual_sync( 5805): [oplus_bt_dual_sync.cc:151] stack_down_sync_action: type=27, len=15
02-17 00:40:41.102 I/oplus_nfc( 9518): [INFO] NFA got event 0x011A
02-17 00:40:41.102 I/oplus_nfc( 9518): [INFO] event: NFA_DM_API_SET_POWER_SUB_STATE_EVT (0x1a)
02-17 00:40:41.102 I/oplus_nfc( 9518): [INFO] nfa_dm_set_power_sub_state
02-17 00:40:41.102 I/oplus_nfc( 9518): [INFO] NFC_SetPowerSubState
02-17 00:40:41.102 I/oplus_nfc( 9518): [INFO] GKI_getbuf 0xb4000079c1e46a10 45:52
02-17 00:40:41.102 I/oplus_nfc( 9518): [INFO] nfc_ncif_send_cmd()
02-17 00:40:41.102 I/oplus_nfc( 9518): [INFO] NfcAdaptation::HalWrite
02-17 00:40:41.102 I/oplus_nfc( 9518): [INFO] NfcNdkAttach : GetEnv failed, ret = -2, env = 0x795a9c4590
02-17 00:40:41.102 I/android.hardware.nfc-service.nxp( 2045): write
02-17 00:40:41.102 D/SystemServerTiming( 3389): hasUserRestriction-DISALLOW_USER_SWITCH
02-17 00:40:41.102 D/SystemServerTiming( 3389): getInt-ALLOW_USER_SWITCHING_WHEN_SYSTEM_USER_LOCKED
02-17 00:40:41.102 D/SystemServerTiming( 3389): isUserUnlocked-USER_SYSTEM
02-17 00:40:41.102 I/NxpNciX ( 2045): len =   4 > 20090103
02-17 00:40:41.102 W/NotifRow( 5365): cancelAppearDrawing childKey: 0|com.android.systemui|10004|null|10228 wasDrawing:false
02-17 00:40:41.102 I/SystemUi--Notification( 5365): OplusNotificationTempla-->resolveContentMargin: marginTop=36 isChildInGroup=true hasSubtitle=false params.topMargin=36
02-17 00:40:41.102 I/SystemUi--Notification( 5365): OplusNotificationTempla-->resolveContentMargin: marginTop=96 isChildInGroup=false hasSubtitle=false params.topMargin=96
02-17 00:40:41.103 E/NotificationChildrenContainer( 5365): getMinHeight: child 0|com.android.systemui|10004|null|10228 single line view is null
02-17 00:40:41.103 E/NotificationChildrenContainer( 5365): java.lang.Exception
02-17 00:40:41.103 E/NotificationChildrenContainer( 5365): 	at com.android.systemui.statusbar.notification.stack.NotificationChildrenContainer.getMinHeight(go/retraceme 1d2ec5c883d6d31edcda9d003494b2f2a12df25ba4e7f33b4407177b00779169:13)
02-17 00:40:41.103 E/NotificationChildrenContainer( 5365): 	at com.android.systemui.statusbar.notification.stack.NotificationChildrenContainer.getCollapsedHeight(go/retraceme 1d2ec5c883d6d31edcda9d003494b2f2a12df25ba4e7f33b4407177b00779169:9)
02-17 00:40:41.103 E/NotificationChildrenContainer( 5365): 	at com.android.systemui.statusbar.notification.stack.NotificationChildrenContainer.getGroupExpandFraction(go/retraceme 1d2ec5c883d6d31edcda9d003494b2f2a12df25ba4e7f33b4407177b00779169:16)
02-17 00:40:41.103 E/NotificationChildrenContainer( 5365): 	at com.oplus.systemui.notification.row.oplusgroup.OplusNotificationGroupExtImpl.setChildrenExpanded(go/retraceme 1d2ec5c883d6d31edcda9d003494b2f2a12df25ba4e7f33b4407177b00779169:30)
02-17 00:40:41.103 E/NotificationChildrenContainer( 5365): 	at com.oplus.systemui.statusbar.notification.stack.NotificationChildrenContainerExtImp.setChildrenExpanded(go/retraceme 1d2ec5c883d6d31edcda9d003494b2f2a12df25ba4e7f33b4407177b00779169:3)
02-17 00:40:41.103 E/NotificationChildrenContainer( 5365): 	at com.android.systemui.statusbar.notification.stack.NotificationChildrenContainer.setVisibility(go/retraceme 1d2ec5c883d6d31edcda9d003494b2f2a12df25ba4e7f33b4407177b00779169:13)
02-17 00:40:41.103 E/NotificationChildrenContainer( 5365): 	at com.android.systemui.statusbar.notification.row.ExpandableNotificationRow.updateChildrenVisibility(go/retraceme 1d2ec5c883d6d31edcda9d003494b2f2a12df25ba4e7f33b4407177b00779169:52)
02-17 00:40:41.103 E/NotificationChildrenContainer( 5365): 	at com.android.systemui.statusbar.notification.row.ExpandableNotificationRow.onAttachedChildrenCountChanged(go/retraceme 1d2ec5c883d6d31edcda9d003494b2f2a12df25ba4e7f33b4407177b00779169:66)
02-17 00:40:41.103 E/NotificationChildrenContainer( 5365): 	at com.android.systemui.statusbar.notification.row.ExpandableNotificationRow.addChildNotification(go/retraceme 1d2ec5c883d6d31edcda9d003494b2f2a12df25ba4e7f33b4407177b00779169:39)
02-17 00:40:41.103 E/NotificationChildrenContainer( 5365): 	at com.android.systemui.statusbar.notification.row.ExpandableNotificationRowController.addChildAt(go/retraceme 1d2ec5c883d6d31edcda9d003494b2f2a12df25ba4e7f33b4407177b00779169:15)
02-17 00:40:41.103 E/NotificationChildrenContainer( 5365): 	at com.android.systemui.statusbar.notification.collection.render.ShadeNode.addChildAt(go/retraceme 1d2ec5c883d6d31edcda9d003494b2f2a12df25ba4e7f33b4407177b00779169:47)
02-17 00:40:41.103 E/NotificationChildrenContainer( 5365): 	at com.android.systemui.statusbar.notification.collection.render.ShadeViewDiffer.attachChildren(go/retraceme 1d2ec5c883d6d31edcda9d003494b2f2a12df25ba4e7f33b4407177b00779169:110)
02-17 00:40:41.103 E/NotificationChildrenContainer( 5365): 	at com.android.systemui.statusbar.notification.collection.render.ShadeViewDiffer.attachChildren(go/retraceme 1d2ec5c883d6d31edcda9d003494b2f2a12df25ba4e7f33b4407177b00779169:271)
02-17 00:40:41.103 E/NotificationChildrenContainer( 5365): 	at com.android.systemui.statusbar.notification.collection.render.ShadeViewDiffer.applySpec(go/retraceme 1d2ec5c883d6d31edcda9d003494b2f2a12df25ba4e7f33b4407177b00779169:45)
02-17 00:40:41.103 E/NotificationChildrenContainer( 5365): 	at com.android.systemui.statusbar.notification.collection.render.ShadeViewManager$viewRenderer$1.onRenderList(go/retraceme 1d2ec5c883d6d31edcda9d003494b2f2a12df25ba4e7f33b4407177b00779169:30)
02-17 00:40:41.103 E/NotificationChildrenContainer( 5365): 	at com.android.systemui.statusbar.notification.collection.render.RenderStageManager.access$onRenderList(go/retraceme 1d2ec5c883d6d31edcda9d003494b2f2a12df25ba4e7f33b4407177b00779169:25)
02-17 00:40:41.103 E/NotificationChildrenContainer( 5365): 	at com.android.systemui.statusbar.notification.collection.ShadeListBuilder.$r8$lambda$l4PwF27vkvsssdGTFjxwGcU4jjs(go/retraceme 1d2ec5c883d6d31edcda9d003494b2f2a12df25ba4e7f33b4407177b00779169:218)
02-17 00:40:41.103 E/NotificationChildrenContainer( 5365): 	at com.android.systemui.statusbar.notification.collection.ShadeListBuilder$$ExternalSyntheticLambda10.run(go/retraceme 1d2ec5c883d6d31edcda9d003494b2f2a12df25ba4e7f33b4407177b00779169:3)
02-17 00:40:41.103 E/NotificationChildrenContainer( 5365): 	at com.android.systemui.statusbar.notification.collection.NotifPipelineChoreographerImpl$frameCallback$1.doFrame(go/retraceme 1d2ec5c883d6d31edcda9d003494b2f2a12df25ba4e7f33b4407177b00779169:41)
02-17 00:40:41.103 E/NotificationChildrenContainer( 5365): 	at android.view.Choreographer$CallbackRecord.run(Choreographer.java:1850)
02-17 00:40:41.103 E/NotificationChildrenContainer( 5365): 	at android.view.Choreographer$CallbackRecord.run(Choreographer.java:1861)
02-17 00:40:41.103 E/NotificationChildrenContainer( 5365): 	at android.view.Choreographer.doCallbacks(Choreographer.java:1373)
02-17 00:40:41.103 E/NotificationChildrenContainer( 5365): 	at android.view.Choreographer.doFrame(Choreographer.java:1225)
02-17 00:40:41.103 E/NotificationChildrenContainer( 5365): 	at android.view.Choreographer$FrameDisplayEventReceiver.run(Choreographer.java:1835)
02-17 00:40:41.103 E/NotificationChildrenContainer( 5365): 	at android.os.Handler.handleCallback(Handler.java:1027)
02-17 00:40:41.103 E/NotificationChildrenContainer( 5365): 	at android.os.Handler.dispatchMessage(Handler.java:108)
02-17 00:40:41.103 E/NotificationChildrenContainer( 5365): 	at android.os.Looper.loopOnce(Looper.java:298)
02-17 00:40:41.103 E/NotificationChildrenContainer( 5365): 	at android.os.Looper.loop(Looper.java:408)
02-17 00:40:41.103 E/NotificationChildrenContainer( 5365): 	at android.app.ActivityThread.main(ActivityThread.java:9964)
02-17 00:40:41.103 E/NotificationChildrenContainer( 5365): 	at java.lang.reflect.Method.invoke(Native Method)
02-17 00:40:41.103 E/NotificationChildrenContainer( 5365): 	at com.android.internal.os.RuntimeInit$MethodAndArgsCaller.run(RuntimeInit.java:613)
02-17 00:40:41.103 E/NotificationChildrenContainer( 5365): 	at com.android.internal.os.ZygoteInit.main(ZygoteInit.java:1074)
02-17 00:40:41.103 I/SystemUi--Notification( 5365): OplusNotificationTempla-->resolveContentMargin: marginTop=36 isChildInGroup=true hasSubtitle=false params.topMargin=96
02-17 00:40:41.103 D/BLASTBufferQueue( 5365): [VRI[NotificationShade]#1358](f:0,a:3) producer disconnected before acquireNextBufferLocked
02-17 00:40:41.103 W/OplusStorageManagerFeature( 3389): turn screenOff, maintPrepared:false
02-17 00:40:41.103 I/NxpNciR ( 2045): len =   4 > 40090100
02-17 00:40:41.103 W/OplusStorageManagerFeature( 3389): sendToTarget over,paramStr:5
02-17 00:40:41.104 D/ViewRootImplExtImpl( 5365): wrapConfigInfoIntoFlags rotation=0, smallestScreenWidthDp=380, residentWS=false, scenario=0, bounds=Rect(0, 0 - 1140, 2616), relayoutAsync=true, flags=1, newFlags=1371549569, title=NotificationShade
02-17 00:40:41.104 W/VRI[NotificationShade]( 5365): updateBlastSurfaceIfNeeded, surfaceSize:Point(1140, 2616), lastSurfaceSize:Point(1140, 2616), format:-3, blastBufferQueue:android.graphics.BLASTBufferQueue@509c990
02-17 00:40:41.104 V/WindowManager( 3389): Relayout Window{49bb9fa u0 NotificationShade}: viewVisibility=0, oldvis=0, req=1140x2616 , apr = 0, vsysui=, x=0, y=0
02-17 00:40:41.105 I/ssioncontroller(11467): isSwordfishLaunchAppEnabled_ 1 isSwordfishInstallAppEnabled_ 1
02-17 00:40:41.105 E/ssioncontroller(11467): Unknown bits set in runtime_flags: 0x40000000
02-17 00:40:41.105 I/ssioncontroller(11467): Using CollectorTypeCMC GC.
02-17 00:40:41.105 I/OplusStorageManagerFeature( 3389): FsReserveSpace data partition fstype:f2fs
02-17 00:40:41.105 I/OplusStorageManagerFeature( 3389): FsReserveSpace data device path:/dev/block/dm-77
02-17 00:40:41.105 D/ActivityManager( 3389): sync unfroze 14223 com.linkedin.android for 6
02-17 00:40:41.105 E/OplusStorageManagerFeature( 3389): FsReserveSpace read data label failed.java.nio.file.NotLinkException: /dev/block/dm-77
02-17 00:40:41.105 E/OplusStorageManagerFeature( 3389): 	at sun.nio.fs.UnixFileSystemProvider.readSymbolicLink(UnixFileSystemProvider.java:515)
02-17 00:40:41.105 E/OplusStorageManagerFeature( 3389): 	at java.nio.file.Files.readSymbolicLink(Files.java:1432)
02-17 00:40:41.105 E/OplusStorageManagerFeature( 3389): 	at com.android.server.storage.OplusStorageManagerFeature.onMessageFsReserveSpace(OplusStorageManagerFeature.java:2311)
02-17 00:40:41.105 E/OplusStorageManagerFeature( 3389): 	at com.android.server.storage.OplusStorageManagerFeature.onStorageManagerMessageHandle(OplusStorageManagerFeature.java:1637)
02-17 00:40:41.105 E/OplusStorageManagerFeature( 3389): 	at com.android.server.StorageManagerService$StorageManagerServiceHandler.handleMessage(StorageManagerService.java:812)
02-17 00:40:41.105 E/OplusStorageManagerFeature( 3389): 	at android.os.Handler.dispatchMessage(Handler.java:115)
02-17 00:40:41.105 E/OplusStorageManagerFeature( 3389): 	at android.os.Looper.loopOnce(Looper.java:298)
02-17 00:40:41.105 E/OplusStorageManagerFeature( 3389): 	at android.os.Looper.loop(Looper.java:408)
02-17 00:40:41.105 E/OplusStorageManagerFeature( 3389): 	at android.os.HandlerThread.run(HandlerThread.java:85)
02-17 00:40:41.105 I/OplusStorageManagerFeature( 3389): FsReserveSpace data label:dm-77
02-17 00:40:41.107 D/SatelliteController( 5469): handleCmdUpdateNtnSignalStrengthReporting: ignore request, satellite is disabled
02-17 00:40:41.107 I/MediaSyncManager_15392_25366(15392): SettingsContentObserver onChange onSync true
02-17 00:40:41.107 I/MediaSyncManager_15392_25366(15392): onSync true
02-17 00:40:41.107 I/SurfaceControl( 5365):  setExtendedRangeBrightness sc=Surface(name=NotificationShade)/@0x51d2947,currentBufferRatio=1.0,desiredRatio=1.0
02-17 00:40:41.108 D/HWUI    ( 5365): OplusRenderNodeAnimator end!
02-17 00:40:41.108 D/HWUI    ( 5365): OplusRenderNodeAnimator end!
02-17 00:40:41.108 I/oplus_nfc( 9518): [INFO] GKI_getbuf 0xb4000079cf261810 44:52
02-17 00:40:41.108 I/oplus_nfc( 9518): [INFO] nfc_task enter -> nfc_ncif_process_event
02-17 00:40:41.108 I/oplus_nfc( 9518): [INFO] NFC received rsp gid:0
02-17 00:40:41.108 I/oplus_nfc( 9518): [INFO] unknown revt(0x5012)
02-17 00:40:41.108 V/BinderSender(10315): Uid 99910289 starts
02-17 00:40:41.109 D/GestureLog_OplusScreenOffGestureManager( 3389): onSensorChanged enable = true mIsScreenOffEnable = true
02-17 00:40:41.109 I/SystemUi--Notification( 5365): RowMenuPanelController-->dismissPopupMenu:currentPanelContainer =null, originNotificationRonull, showingNotificationRow=null, cause=close system dialogs, isPopupMenuShowing=false, isNeedAnnotation=false
02-17 00:40:41.109 I/SystemUi--QuickSettings( 5365): OplusQSFooterImpl-->setExpanded expanded =false
02-17 00:40:41.109 I/SystemUi--QuickSettings( 5365): OplusQSFooterImpl-->updateUi showUserSwitcher = false mExpanded = false
02-17 00:40:41.109 D/BeaconSdk.DiscoveryResultCache( 5469): release cache discovery device
02-17 00:40:41.109 I/BeaconSdk.BeaconAdvertiser( 5469): stopAdvertising, type:BLR_QUERY_NETLESS_CONTRACT, service name: netless_contract_query
02-17 00:40:41.109 I/SystemUi--QuickSettings( 5365): OplusQSSmallSpaceController-->isSmallSpace: false
02-17 00:40:41.109 I/SystemUi--QuickSettings( 5365): OplusQSFooterImpl-->updateQsMultiUserSwitch mExpanded=false, showUserSwitcher= false, mIsInSuperPowerSaveMode= false, shouldScaleDown=false
02-17 00:40:41.109 I/SystemUi--QuickSettings( 5365): OplusQSFooterImpl-->updateDeviceState mIsInSuperPowerSaveMode= false
02-17 00:40:41.109 I/BeaconSdk.BeaconDiscover( 5469): stopDiscovery, type: BLR_REPLY_NETLESS_CONTRACT
02-17 00:40:41.109 I/SystemUi--QuickSettings( 5365): OplusQSFooterImpl-->setExpanded expanded =true
02-17 00:40:41.109 I/SystemUi--QuickSettings( 5365): OplusQSFooterImpl-->updateUi showUserSwitcher = false mExpanded = true
02-17 00:40:41.109 I/SystemUi--QuickSettings( 5365): OplusQSSmallSpaceController-->isSmallSpace: false
02-17 00:40:41.109 I/SystemUi--QuickSettings( 5365): OplusQSFooterImpl-->updateQsMultiUserSwitch mExpanded=true, showUserSwitcher= false, mIsInSuperPowerSaveMode= false, shouldScaleDown=false
02-17 00:40:41.109 I/SystemUi--QuickSettings( 5365): OplusQSFooterImpl-->updateDeviceState mIsInSuperPowerSaveMode= false
02-17 00:40:41.109 I/BeaconSdk.AppIpc( 5469): remoteCall, method=stopAdvertisingWithType
02-17 00:40:41.109 I/BeaconSdk.AppIpc( 5469): remoteCall, method=stopDiscoveryWithType
02-17 00:40:41.109 I/SystemUi--Notification( 5365): OplusCustomPopupMenuController-->dismissPopupMenu: close system dialogs, isNeedAnnotation: false
02-17 00:40:41.109 D/OplusUserManagerServiceEnhance( 3389): getMultiSystemUserId  res = -10000
02-17 00:40:41.109 D/OplusMultiUserManager( 5365): getMultiSystemUserIdNoCheck res: -10000
02-17 00:40:41.110 I/SystemUi--NavBar( 5365): NavigationBarGestureExImpl-->oplusAllowSystemGestureIgnoringBarVisibility isOplusFlagAllowBackGestureIgnoreVisibilityState = false isGestureMisTouchPreventionEnable = false
02-17 00:40:41.110 D/LauncherProxyService( 5365): Notifying sysui state change to launcher service: proxy=com.android.systemui.shared.recents.ILauncherProxy$Stub$Proxy@956efb9 display=0 flags=overview_disabled|navbar_hidden|notif_expanded|keygrd_visible|allow_gesture|wakefulness_transition|notif_visible
02-17 00:40:41.110 E/ssioncontroller(11467): Not starting debugger since process cannot load the jdwp agent.
02-17 00:40:41.110 D/WallpaperServiceExtImpl( 5365): Block update resized of Surface(name=com.android.systemui.wallpapers.ImageWallpaper)/@0xdb0c1ca
02-17 00:40:41.110 W/VRI[StatusBar]( 5365): handleResized abandoned!
02-17 00:40:41.110 W/VRI[NotificationShade]( 5365): handleResized abandoned!
02-17 00:40:41.110 I/SystemUi--Keyguard( 5365): KeyguardVFXController-->onDreamingStateChanged dreaming: true mPowerBlock: false
02-17 00:40:41.110 I/SystemUi--Notification( 5365): ScrimController-->oldState = KEYGUARD , new State = AOD , shouldForceUpdate = false , mCallback = null , callback = null forceFinished false
02-17 00:40:41.110 W/SystemUi--Common( 5365): SubsetBitmapDrawable-->[isValid] innerBitmap?.isRecycled=null
02-17 00:40:41.110 I/SystemUi--Notification( 5365): ScrimControllerExImp-->refreshBehindDrawable isBAnimLevel: false, isThirdTheme: false, isSuperPowerSaveState: false, drawable: AutoBlurDrawable { ViewBlurProxy{view=ScrimView@8768846, blurEnabled=false,blurType=BlurTypePlatformStatic, blurAmount=0.0, staticBlurDrawable=StaticBlurDrawable{hostView=null, {SubsetBitmapDrawable {innerBitmap=null, subset=Rect(0, 0 - 0, 0), alpha=255, bounds=Rect(0, 0 - 0, 0), cornerRadiusTL=0.0, cornerRadiusTR=0.0,cornerRadiusBL=0.0, cornerRadiusBR=0.0 }, drawFullBitmap=true,scalePair=Pair{0.0 0.0}, blurColor=0, isValid=false, tmpVisibleRect=Rect(0, 0 - 0, 0)}}, backgroundBlurDrawable=null,platformBlurDrawable=PlatformBlurDrawable {hostView=ScrimView@8768846, {com.oplusos.systemui.common.blurability.platformblur.PlatformBlurDrawable@66230a8, blurDrawable=com.oplus.posteffect.BlurDrawable@d4710cb,blurColor=0,isAodDirty=false,isAodState=false, blurConfig=BlurConfig(blurRadius=800, blurColor=0, leftTopCornerRadius=0.0, rightTopCornerRadius=0.0, rightBottomCornerRadius=0.0, leftBottomCornerRadius=0.0, radiusWeight=null, enableStaticBlurCorner=false, enableMotionAmountWithAlphaToUser=true, isFullScreen=true, platformMixConfig=BlurMixSingle(mixColor=MixColor(mode=5, topLayerColor=-1722987187, bottomLayerColor=1725553113)), motionBlurMixConfig=null, windowBlurConfig=null), multiPlatformBlurHelper=MultiPlatformBlurHelper(configMap=null, blurDrawableMap={}, blurEnabled=false), MaskDrawable{ maskColor=0 } }
02-17 00:40:41.110 I/SystemUi--Notification( 5365): ScrimControllerExImp-->updateBehindMixConfig: isThirdTheme=false
02-17 00:40:41.110 I/SystemUi--NotifiAndQsPlatformBlurEx( 5365): panelPlatformMixConfig-->null
02-17 00:40:41.110 V/OsAgent ( 5352): broadcastSystemEvent - 7
02-17 00:40:41.110 I/metis_v2_SettingUtils(18846): switchObserver, onChange: false uri:content://settings/secure/navbar_gesture_visibility flags:32769 [base|com.oplus.metis|2.0.20-aa39d14]
02-17 00:40:41.110 D/WindowManager( 3389): DeferredDisplayUpdater: partially applying DisplayInfo(1140 x 2616) immediately
02-17 00:40:41.111 D/LockPatternUtils( 5365): isBiometricAllowedForUser allowed:true isStrongBiometric:true userId:0
02-17 00:40:41.111 D/LockPatternUtils( 5365): isBiometricAllowedForUser allowed:true isStrongBiometric:true userId:0
02-17 00:40:41.111 I/KeyguardDisplayManager( 5365): onDisplayChanged displayId: 0
02-17 00:40:41.111 I/SystemUi--Keyguard( 5365): KeyguardDisplayManagerExImpl-->orientationChanged=false, presentationDisplayChanged=false, lastPresentationWidth=0, lastPresentationHeight=0, lastPresentationDensity=0
02-17 00:40:41.111 D/OplusVFXScreenEffectFeature( 3389): notifySFCompatWindowStateChange entered false
02-17 00:40:41.111 I/SystemUi--Keyguard( 5365): KeyguardUtils-->is fold device sInitialDisplayDensity:520
02-17 00:40:41.111 D/[PREVIEW]( 2205): SF obtain preview_adapter: 0
02-17 00:40:41.111 D/[PREVIEW]( 2205): TabletPreviewAdapter::parallel world 0
02-17 00:40:41.111 I/SystemUi--Notification( 5365): LockScreenNotificationDispatcherImp-->updateNotificationListOnKg resultCode: 0
02-17 00:40:41.111 W/OplusStorageManagerFeature( 3389): Ready to deal actionParam:5
02-17 00:40:41.111 E/PerformanceService( 2057): storage_feature: open /sys/bus/scsi/devices/0:0:0:2/hpb_params//load_top_srgn fail
02-17 00:40:41.112 D/RegionSamplingHelper =( 5365):    mCompositionSamplingListener.unregister
02-17 00:40:41.112 D/SurfaceFlinger( 2205): removeRegionSamplingListener pid: 5365
02-17 00:40:41.112 I/BpBinder( 2205): onLastStrongRef automatically unlinking death recipients: 
02-17 00:40:41.113 I/ActivityManager( 3389): Start proc 11467:com.android.permissioncontroller/u999a289 for service {com.android.permissioncontroller/com.android.permissioncontroller.permission.service.PermissionEventCleanupJobService}
02-17 00:40:41.113 E/WifiHAL ( 1907): wifi_get_cached_scan_results: Wifi Cached Scan Result not supported by driver
02-17 00:40:41.113 W/OPLUS_LOG_LOAD( 9719): ==LOGS PROG INFO, prog(com.heytap.accessory) ==
02-17 00:40:41.113 I/PTC.BEACON.BeaconContentProvider( 9719): ---authority call--- stopAdvertisingWithType, authority=com.heytap.accessory.beacon.BeaconContentProvider, callingPkg=com.android.phone
02-17 00:40:41.113 E/WifiStaIfaceAidlImpl( 3389): getCachedScanData failed with service-specific exception: android.os.ServiceSpecificException:  (code 4)
02-17 00:40:41.113 V/DreamService[DozeService]( 5365): onDreamingStarted()
02-17 00:40:41.113 V/BinderSender(10315): Uid 10372 starts
02-17 00:40:41.113 V/DreamService[DozeService]( 5365): UpdateDoze mDozeScreenState=0 mDozeScreenBrightness=-1 mDozeScreenBrightnessFloat=NaN
02-17 00:40:41.113 I/SystemUi--Aod( 5365): OplusDozeService-->Doze Service onDreamingStarted
02-17 00:40:41.113 I/SystemUi--Aod( 5365): AODDisplayUtil-->onDreamingStart, reshow:false, AodType:2003, mIsAodProcessTypeInit:true, isGoingToSleep:true
02-17 00:40:41.113 D/DreamManagerService( 3389): Dream requested to start dozing: android.os.Binder@72ac566, screenState=UNKNOWN, reason=UNKNOWN, screenBrightnessFloat=NaN, screenBrightnessInt=-1, useNormalBrightnessForDoze=false
02-17 00:40:41.113 D/OplusFeatureAOD( 3389): key:3389 tmp:2
02-17 00:40:41.113 D/vold    ( 1193): ufshid started
02-17 00:40:41.113 I/PkDeviceHelper(10579): PkDeviceHelper.refreshDevices():87 refreshing devices
02-17 00:40:41.113 I/PkDeviceHelper(10579): PkDeviceHelper.refreshDevices():87 refreshing devices
02-17 00:40:41.113 D/DisplayPowerController[display=0]( 3389): requestPowerState: policy=DOZE, useProximitySensor=false, screenBrightnessOverride=-1.0, useAutoBrightness=false, screenAutoBrightnessAdjustmentOverride=NaN, screenLowPowerBrightnessFactor=1.0, blockScreenOn=false, lowPowerMode=false, boostScreenBrightness=false, dozeScreenBrightness=NaN, dozeScreenState=UNKNOWN, dozeScreenStateReason=DREAM_MANAGER, useNormalBrightnessForDoze=false, waitForNegativeProximity=false displayReady=false pendingRequest=true
02-17 00:40:41.113 I/PkDeviceHelper(10579): PkDeviceHelper.refreshDevices():87 refreshing devices
02-17 00:40:41.113 I/SystemUi--Aod( 5365): AodRecord-->onDreamingStarted, aod type:1, show wallpaper in aod:false
02-17 00:40:41.113 I/SystemUi--Aod( 5365): AodRecord-->onDreamingStarted, Timing display: from 8:0 to 0:1
02-17 00:40:41.113 D/OplusFeatureAntiDizzy( 3389):  animateLongTakeStateChange, policy 1
02-17 00:40:41.113 I/SystemUi--QuickSettings( 5365): ShadeInteractorImpl-->isExpandToQsEnabled isShadeEnabled=true isDozing=true disableFlags=DisableFlagsModel(disable1=16777216, disable2=0, animate=false) isDeviceProvisioned=true isSimpleUserSwitcher=false isQuickSettingsEnabled=true isUserSetup=true isOplusQsEnabled=false
02-17 00:40:41.113 D/DisplayManagerServiceExtImpl( 3389): request size(2,2),dpc=com.android.server.display.DisplayPowerController@55d2f88 size(0,2),flags=0X208F,id(0,0,local:4630946602912453524),enable=true,ready=false,waitForNegativeProximity=false policy=DOZE,useProximitySensor=false,dozeState=UNKNOWN,screenBrightnessOverride=-1.000000,useAuto=false,lowPower=false,lowPowerFactor=1.000000
02-17 00:40:41.113 D/DisplayPowerController[display=2]( 3389): requestPowerState: policy=DOZE, useProximitySensor=false, screenBrightnessOverride=-1.0, useAutoBrightness=false, screenAutoBrightnessAdjustmentOverride=NaN, screenLowPowerBrightnessFactor=1.0, blockScreenOn=false, lowPowerMode=false, boostScreenBrightness=false, dozeScreenBrightness=NaN, dozeScreenState=UNKNOWN, dozeScreenStateReason=DREAM_MANAGER, useNormalBrightnessForDoze=false, waitForNegativeProximity=false displayReady=false pendingRequest=true
02-17 00:40:41.114 D/DisplayManagerServiceExtImpl( 3389): request size(2,2),dpc=com.android.server.display.DisplayPowerController@4c184b8 size(1,2),flags=0X200F,id(0,2,local:4630946929504945811),enable=false,ready=false,waitForNegativeProximity=false policy=DOZE,useProximitySensor=false,dozeState=UNKNOWN,screenBrightnessOverride=-1.000000,useAuto=false,lowPower=false,lowPowerFactor=1.000000
02-17 00:40:41.114 I/SystemUi--QuickSettings( 5365): OplusQSFooterImpl-->setExpanded expanded =false
02-17 00:40:41.114 I/SystemUi--QuickSettings( 5365): OplusQSFooterImpl-->updateUi showUserSwitcher = false mExpanded = false
02-17 00:40:41.114 D/OplusBiometricsDisplayHelper( 3389): isFold: true, isUnblockByFp: null
02-17 00:40:41.114 I/SystemUi--QuickSettings( 5365): OplusQSSmallSpaceController-->isSmallSpace: false
02-17 00:40:41.114 I/SystemUi--QuickSettings( 5365): OplusQSFooterImpl-->updateQsMultiUserSwitch mExpanded=false, showUserSwitcher= false, mIsInSuperPowerSaveMode= false, shouldScaleDown=false
02-17 00:40:41.114 I/SystemUi--QuickSettings( 5365): OplusQSFooterImpl-->updateDeviceState mIsInSuperPowerSaveMode= false
02-17 00:40:41.114 D/vold    ( 1193): ufshid end
02-17 00:40:41.114 I/SystemUi--QuickSettings( 5365): OplusQSFooterImpl-->setExpanded expanded =true
02-17 00:40:41.114 I/SystemUi--QuickSettings( 5365): OplusQSFooterImpl-->updateUi showUserSwitcher = false mExpanded = true
02-17 00:40:41.114 I/SystemUi--QuickSettings( 5365): OplusQSSmallSpaceController-->isSmallSpace: false
02-17 00:40:41.114 I/SystemUi--QuickSettings( 5365): OplusQSFooterImpl-->updateQsMultiUserSwitch mExpanded=true, showUserSwitcher= false, mIsInSuperPowerSaveMode= false, shouldScaleDown=false
02-17 00:40:41.114 I/SystemUi--QuickSettings( 5365): OplusQSFooterImpl-->updateDeviceState mIsInSuperPowerSaveMode= false
02-17 00:40:41.114 I/PTC.BEACON.BeaconCallMethodProcessor( 9719): -- BEA-IPC -- process method In, method=stopAdvertisingWithType callingPackage=com.android.phone
02-17 00:40:41.114 I/SystemUi--Notification( 5365): NotificationStackScrollLayoutExtImpl-->resetSpringChain
02-17 00:40:41.114 I/SystemUi--Keyguard( 5365): OplusKeyguardViewMediator-->try updateActivityLockScreenState(true, true) pending=false shadingIn=false reason=setDozing
02-17 00:40:41.114 I/SystemUi--Keyguard( 5365): OplusKeyguardViewMediator-->updateActivityLockScreenState(true, true),reason:setDozing, actualShowingValue:null
02-17 00:40:41.114 I/PTC.BEACON.BeaconCallMethodProcessor( 9719): -- BEA-IPC -- stopAdvertising In. client=BeaconClient={clientId=158154145, pkg=com.android.phone, pid=5469}, advertise type=BLR_QUERY_NETLESS_CONTRACT
02-17 00:40:41.114 D/OplusKeyguardUnlockCounterExImpl( 5365): writeToDisk: same event type, abandon.
02-17 00:40:41.114 I/SystemUi--Notification( 5365): OplusLiveAlertNotificationsRepository-->onConditionChanged: DndSuppressingVisualEffects
02-17 00:40:41.114 I/SystemUi--Notification( 5365): OplusNotificationShadeWindowControllerExImpl-->SHADE_FOCUSABLE-->mNotificationShadeFocusable= true, mPanelExpanded= true, mBouncerShowing= false, mKeyguardShowing= true, mKeyguardOccluded= false, mKeyguardNeedsInput= false, ENABLE_REMOTE_INPUT= true, mRemoteInputActive= false, glanceableHubShowing= false, keyguardIsAboutToOccluded= false, layoutFlags= -2129264576
02-17 00:40:41.114 I/SystemUi--Notification( 5365): OplusNotificationShadeWindowControllerExImpl-->SHADE_VISIBLE-->mKeyguardShowing= true, mKeyguardOccluded= false, mPanelVisible= true, mKeyguardFadingAway= false, mKeyguardGoingAway= false, mBouncerShowing= false, mScrimsVisibility= 0, mBackgroundBlurRadius= 0, mForcePluginOpen= false, mediaBackdropShowing= false, viewVisibility= true, qsBlurFraction= 0.0, panelBlurFraction= 0.0
02-17 00:40:41.114 W/IPCThreadState( 2538): Sending oneway calls to frozen process.
02-17 00:40:41.114 W/IPCThreadState( 2538): Sending oneway calls to frozen process.
02-17 00:40:41.114 D/DeviceStateProviderImpl( 3389): keyguard show or sleep: true mLastReportedState 0
02-17 00:40:41.114 V/SystemSensorManagerExtImpl( 3389): unRegisterListener by com.android.server.policy.DeviceStateProviderImpl@da417ed and its name is hinge_detect hinge detect Non-wakeup
02-17 00:40:41.114 D/LauncherProxyService( 5365): Notifying sysui state change to launcher service: proxy=com.android.systemui.shared.recents.ILauncherProxy$Stub$Proxy@956efb9 display=0 flags=overview_disabled|navbar_hidden|notif_expanded|keygrd_visible|allow_gesture|device_dozing|wakefulness_transition|notif_visible
02-17 00:40:41.114 I/SystemUi--Notification( 5365): MediaSeedlingControlExImpl-->isSupportFluidFeature: true, isSupportFluid: true, disableMediaSeedlingFeature: false, isExpRegion: false, mediaControllerSetting: true
02-17 00:40:41.114 I/SystemUi--Notification( 5365): MediaSeedlingControlExImpl-->setMediaSeedlingItemRowVisibility: true
02-17 00:40:41.115 I/SystemUi--Notification( 5365): OplusLiveAlertNotificationsRepository-->onConditionChanged: DndSuppressingVisualEffects
02-17 00:40:41.115 I/StatusBarKeyguardViewManager( 5365): reset hideBouncerWhenShowing: true, isShowing: true, bouncerIsAnimatingAway: false
02-17 00:40:41.115 I/SystemUi--QuickSettings( 5365): QuickSettingsController-->on flingQs mExpansionHeight: 1176.0 mInitialHeightOnTouch1176.0 getMinExpansionHeight()1176 maxHeight2616,target=0.0,type=2
02-17 00:40:41.115 I/SystemUi--Notification( 5365): PanelAnimationEx-->expandedForKeyguardQs isExpanded false
02-17 00:40:41.115 I/SystemUi--Common( 5365): PanelAnimationEx-->animateExpandTranslationY, isExpanded=false, threshold=87.0, withoutAnimation=false maxH=2616.0 minH=1176.0
02-17 00:40:41.115 I/SystemUi--QuickSettings( 5365): NotificationPanelView-->onFlingQsWithoutClick qsExpansionHeight: 0.0 target: 0.0 vel: 0.0
02-17 00:40:41.115 I/SystemUi--QuickSettings( 5365): OplusQsBrightnessSliderController-->setListening listening:false mView: com.oplus.systemui.qs.widget.OplusQsToggleSliderLayout{6003ec4 V.E...... .......D 0,0-213,444 #7f0a0210 app:id/brightness_seekbar_container alpha=1.0 viewInfo = } value:770
02-17 00:40:41.115 I/[DevicePlugin].SysUiPluginService.(main)( 5365): setListening: isListening=false, _isSeparateMode=false
02-17 00:40:41.115 I/SystemUi--Notification( 5365): NotificationStackScrollLayoutExtImpl-->resetSpringChain
02-17 00:40:41.115 I/StatusBarKeyguardViewManager( 5365): showBouncerOrKeyguard hideBouncerWhenShowing: true, needsFullscreenBouncer: false, mDozing: true, primaryBouncerIsShowing: false
02-17 00:40:41.115 I/MemoryOperationUtils( 3389): add 11467 to inactive
02-17 00:40:41.115 I/SystemUi--Statusbar( 5365): CollapsedSbFragment-->New visibilities calculated internally. StatusBarVisibilityModel(showClock: false showNotificationIcons:false showPrimaryOngoingActivityChip:false showSecondaryOngoingActivityChip:false showSystemInfo:false ) 
02-17 00:40:41.115 I/SystemUi--Statusbar( 5365): CollapsedStatusBarFragmentExImpl-->animate: false, unlockAnimationRunning: false, fadingAway: false, keyguard: true
02-17 00:40:41.115 I/SystemUi--Statusbar( 5365): CollapsedStatusBarFragmentExImpl-->StatusBarVisibilityModelEx: StatusBarVisibilityModelEx(showClock: false showPromptView:false showPrimaryOngoingActivityChip:false showSecondaryOngoingActivityChip:false showNotificationContainer:false showOpName:false showSeedlingContainer:false ), animate: false
02-17 00:40:41.115 I/SystemUi--QuickSettings( 5365): OplusSeparateQSPluginImpl-->shouldHideStatusBar isFullyCollapsed true
02-17 00:40:41.115 I/SystemUi--Statusbar( 5365): CollapsedStatusBarFragmentExImpl-->showClockChanged: false lastModifiedVisibility.showClock: false previousModelEx.showClock: false statusBarFragment?.clockHiddenMode(): 8 clockView?.visibility: 8
02-17 00:40:41.115 I/SystemUi--QuickSettings( 5365): OplusSeparateQSPluginImpl-->shouldHideStatusBar isFullyCollapsed true
02-17 00:40:41.115 I/SystemUi--QuickSettings( 5365): OplusQsBrightnessSliderController-->setListening listening:false mView: com.oplus.systemui.qs.widget.OplusQsToggleSliderLayout{6003ec4 V.E...... .......D 0,0-213,444 #7f0a0210 app:id/brightness_seekbar_container alpha=1.0 viewInfo = } value:770
02-17 00:40:41.115 I/SystemUi--Statusbar( 5365): CollapsedSbFragment-->New visibilities calculated internally. StatusBarVisibilityModel(showClock: false showNotificationIcons:false showPrimaryOngoingActivityChip:false showSecondaryOngoingActivityChip:false showSystemInfo:false ) 
02-17 00:40:41.115 I/SystemUi--Statusbar( 5365): CollapsedStatusBarFragmentExImpl-->animate: false, unlockAnimationRunning: false, fadingAway: false, keyguard: true
02-17 00:40:41.115 I/SystemUi--Statusbar( 5365): CollapsedStatusBarFragmentExImpl-->StatusBarVisibilityModelEx: StatusBarVisibilityModelEx(showClock: false showPromptView:false showPrimaryOngoingActivityChip:false showSecondaryOngoingActivityChip:false showNotificationContainer:false showOpName:false showSeedlingContainer:false ), animate: false
02-17 00:40:41.115 I/SystemUi--QuickSettings( 5365): OplusSeparateQSPluginImpl-->shouldHideStatusBar isFullyCollapsed true
02-17 00:40:41.115 I/SystemUi--Statusbar( 5365): CollapsedStatusBarFragmentExImpl-->showClockChanged: false lastModifiedVisibility.showClock: false previousModelEx.showClock: false statusBarFragment?.clockHiddenMode(): 8 clockView?.visibility: 8
02-17 00:40:41.115 I/SystemUi--QuickSettings( 5365): OplusSeparateQSPluginImpl-->shouldHideStatusBar isFullyCollapsed true
02-17 00:40:41.115 D/CentralSurfaces( 5365): updateIsKeyguard wakeAndUnlocking: false, shouldBeKeyguard: true,isKeyguardShowDelayed:false,isGoingToSleep:true,getScreenState:0,isLaunchTransitionFadingAway:false,keyguardForDozing:true,getDozingRequested:true
02-17 00:40:41.115 I/SystemUi--Statusbar( 5365): CollapsedSbFragment-->New visibilities calculated internally. StatusBarVisibilityModel(showClock: false showNotificationIcons:false showPrimaryOngoingActivityChip:false showSecondaryOngoingActivityChip:false showSystemInfo:false ) 
02-17 00:40:41.115 I/SystemUi--Statusbar( 5365): CollapsedStatusBarFragmentExImpl-->animate: false, unlockAnimationRunning: false, fadingAway: false, keyguard: true
02-17 00:40:41.115 I/SystemUi--Statusbar( 5365): CollapsedStatusBarFragmentExImpl-->StatusBarVisibilityModelEx: StatusBarVisibilityModelEx(showClock: false showPromptView:false showPrimaryOngoingActivityChip:false showSecondaryOngoingActivityChip:false showNotificationContainer:false showOpName:false showSeedlingContainer:false ), animate: false
02-17 00:40:41.115 I/SystemUi--QuickSettings( 5365): OplusSeparateQSPluginImpl-->shouldHideStatusBar isFullyCollapsed true
02-17 00:40:41.115 I/SystemUi--Statusbar( 5365): CollapsedStatusBarFragmentExImpl-->showClockChanged: false lastModifiedVisibility.showClock: false previousModelEx.showClock: false statusBarFragment?.clockHiddenMode(): 8 clockView?.visibility: 8
02-17 00:40:41.115 I/SystemUi--QuickSettings( 5365): OplusSeparateQSPluginImpl-->shouldHideStatusBar isFullyCollapsed true
02-17 00:40:41.115 I/SystemUi--QuickSettings( 5365): OplusQsBrightnessSliderController-->setListening listening:false mView: com.oplus.systemui.qs.widget.OplusQsToggleSliderLayout{6003ec4 V.E...... .......D 0,0-213,444 #7f0a0210 app:id/brightness_seekbar_container alpha=1.0 viewInfo = } value:770
02-17 00:40:41.115 I/SystemUi--Statusbar( 5365): CollapsedSbFragment-->New visibilities calculated internally. StatusBarVisibilityModel(showClock: false showNotificationIcons:false showPrimaryOngoingActivityChip:false showSecondaryOngoingActivityChip:false showSystemInfo:false ) 
02-17 00:40:41.115 I/SystemUi--Statusbar( 5365): CollapsedStatusBarFragmentExImpl-->animate: false, unlockAnimationRunning: false, fadingAway: false, keyguard: true
02-17 00:40:41.115 I/SystemUi--Statusbar( 5365): CollapsedStatusBarFragmentExImpl-->StatusBarVisibilityModelEx: StatusBarVisibilityModelEx(showClock: false showPromptView:false showPrimaryOngoingActivityChip:false showSecondaryOngoingActivityChip:false showNotificationContainer:false showOpName:false showSeedlingContainer:false ), animate: false
02-17 00:40:41.115 I/SystemUi--QuickSettings( 5365): OplusSeparateQSPluginImpl-->shouldHideStatusBar isFullyCollapsed true
02-17 00:40:41.115 I/SystemUi--Statusbar( 5365): CollapsedStatusBarFragmentExImpl-->showClockChanged: false lastModifiedVisibility.showClock: false previousModelEx.showClock: false statusBarFragment?.clockHiddenMode(): 8 clockView?.visibility: 8
02-17 00:40:41.115 I/SystemUi--QuickSettings( 5365): OplusSeparateQSPluginImpl-->shouldHideStatusBar isFullyCollapsed true
02-17 00:40:41.115 I/PTC.BEACON.BeaconCallMethodProcessor( 9719): -- BEA-IPC -- stopAdvertising Out.
02-17 00:40:41.115 I/PrimaryBouncerInteractor( 5365): KeyguardBouncer#hidecom.android.systemui.statusbar.phone.StatusBarKeyguardViewManager.hideBouncer:3 com.android.systemui.statusbar.phone.StatusBarKeyguardViewManager.reset:191 com.android.systemui.statusbar.phone.StatusBarKeyguardViewManager.setDozing:23 com.android.systemui.statusbar.phone.StatusBarKeyguardViewManager.onDozingChanged:1 com.android.systemui.statusbar.StatusBarStateControllerImpl.setIsDozing:74 
02-17 00:40:41.115 I/SystemUi--Statusbar( 5365): CollapsedSbFragment-->New visibilities calculated internally. StatusBarVisibilityModel(showClock: false showNotificationIcons:false showPrimaryOngoingActivityChip:false showSecondaryOngoingActivityChip:false showSystemInfo:false ) 
02-17 00:40:41.115 I/SystemUi--Statusbar( 5365): CollapsedStatusBarFragmentExImpl-->animate: false, unlockAnimationRunning: false, fadingAway: false, keyguard: true
02-17 00:40:41.115 I/SystemUi--Statusbar( 5365): CollapsedStatusBarFragmentExImpl-->StatusBarVisibilityModelEx: StatusBarVisibilityModelEx(showClock: false showPromptView:false showPrimaryOngoingActivityChip:false showSecondaryOngoingActivityChip:false showNotificationContainer:false showOpName:false showSeedlingContainer:false ), animate: false
02-17 00:40:41.115 I/SystemUi--QuickSettings( 5365): OplusSeparateQSPluginImpl-->shouldHideStatusBar isFullyCollapsed true
